Archive member included to satisfy reference by file (symbol)

c:/users/jesper/documents/ml_sommarjobb/toolchain-gd32v-v201-win/toolchain-gd32v-v201-win/compiler/bin/../lib/gcc/riscv64-unknown-elf/8.3.0/../../../../riscv64-unknown-elf/lib/rv32imac/ilp32\libm.a(lib_a-w_exp.o)
                              build/tm_layers.o (exp)
c:/users/jesper/documents/ml_sommarjobb/toolchain-gd32v-v201-win/toolchain-gd32v-v201-win/compiler/bin/../lib/gcc/riscv64-unknown-elf/8.3.0/../../../../riscv64-unknown-elf/lib/rv32imac/ilp32\libm.a(lib_a-e_exp.o)
                              c:/users/jesper/documents/ml_sommarjobb/toolchain-gd32v-v201-win/toolchain-gd32v-v201-win/compiler/bin/../lib/gcc/riscv64-unknown-elf/8.3.0/../../../../riscv64-unknown-elf/lib/rv32imac/ilp32\libm.a(lib_a-w_exp.o) (__ieee754_exp)
c:/users/jesper/documents/ml_sommarjobb/toolchain-gd32v-v201-win/toolchain-gd32v-v201-win/compiler/bin/../lib/gcc/riscv64-unknown-elf/8.3.0/../../../../riscv64-unknown-elf/lib/rv32imac/ilp32\libm.a(lib_a-s_finite.o)
                              c:/users/jesper/documents/ml_sommarjobb/toolchain-gd32v-v201-win/toolchain-gd32v-v201-win/compiler/bin/../lib/gcc/riscv64-unknown-elf/8.3.0/../../../../riscv64-unknown-elf/lib/rv32imac/ilp32\libm.a(lib_a-w_exp.o) (finite)
c:/users/jesper/documents/ml_sommarjobb/toolchain-gd32v-v201-win/toolchain-gd32v-v201-win/compiler/bin/../lib/gcc/riscv64-unknown-elf/8.3.0/../../../../riscv64-unknown-elf/lib/rv32imac/ilp32\libm.a(lib_a-s_lib_ver.o)
                              c:/users/jesper/documents/ml_sommarjobb/toolchain-gd32v-v201-win/toolchain-gd32v-v201-win/compiler/bin/../lib/gcc/riscv64-unknown-elf/8.3.0/../../../../riscv64-unknown-elf/lib/rv32imac/ilp32\libm.a(lib_a-w_exp.o) (__fdlib_version)
c:/users/jesper/documents/ml_sommarjobb/toolchain-gd32v-v201-win/toolchain-gd32v-v201-win/compiler/bin/../lib/gcc/riscv64-unknown-elf/8.3.0/rv32imac/ilp32\libgcc.a(_divdi3.o)
                              build/main.o (__divdi3)
c:/users/jesper/documents/ml_sommarjobb/toolchain-gd32v-v201-win/toolchain-gd32v-v201-win/compiler/bin/../lib/gcc/riscv64-unknown-elf/8.3.0/rv32imac/ilp32\libgcc.a(_udivdi3.o)
                              build/main.o (__udivdi3)
c:/users/jesper/documents/ml_sommarjobb/toolchain-gd32v-v201-win/toolchain-gd32v-v201-win/compiler/bin/../lib/gcc/riscv64-unknown-elf/8.3.0/rv32imac/ilp32\libgcc.a(adddf3.o)
                              c:/users/jesper/documents/ml_sommarjobb/toolchain-gd32v-v201-win/toolchain-gd32v-v201-win/compiler/bin/../lib/gcc/riscv64-unknown-elf/8.3.0/../../../../riscv64-unknown-elf/lib/rv32imac/ilp32\libm.a(lib_a-e_exp.o) (__adddf3)
c:/users/jesper/documents/ml_sommarjobb/toolchain-gd32v-v201-win/toolchain-gd32v-v201-win/compiler/bin/../lib/gcc/riscv64-unknown-elf/8.3.0/rv32imac/ilp32\libgcc.a(divdf3.o)
                              build/tm_stat.o (__divdf3)
c:/users/jesper/documents/ml_sommarjobb/toolchain-gd32v-v201-win/toolchain-gd32v-v201-win/compiler/bin/../lib/gcc/riscv64-unknown-elf/8.3.0/rv32imac/ilp32\libgcc.a(gedf2.o)
                              c:/users/jesper/documents/ml_sommarjobb/toolchain-gd32v-v201-win/toolchain-gd32v-v201-win/compiler/bin/../lib/gcc/riscv64-unknown-elf/8.3.0/../../../../riscv64-unknown-elf/lib/rv32imac/ilp32\libm.a(lib_a-w_exp.o) (__gtdf2)
c:/users/jesper/documents/ml_sommarjobb/toolchain-gd32v-v201-win/toolchain-gd32v-v201-win/compiler/bin/../lib/gcc/riscv64-unknown-elf/8.3.0/rv32imac/ilp32\libgcc.a(ledf2.o)
                              c:/users/jesper/documents/ml_sommarjobb/toolchain-gd32v-v201-win/toolchain-gd32v-v201-win/compiler/bin/../lib/gcc/riscv64-unknown-elf/8.3.0/../../../../riscv64-unknown-elf/lib/rv32imac/ilp32\libm.a(lib_a-w_exp.o) (__ltdf2)
c:/users/jesper/documents/ml_sommarjobb/toolchain-gd32v-v201-win/toolchain-gd32v-v201-win/compiler/bin/../lib/gcc/riscv64-unknown-elf/8.3.0/rv32imac/ilp32\libgcc.a(muldf3.o)
                              build/tm_stat.o (__muldf3)
c:/users/jesper/documents/ml_sommarjobb/toolchain-gd32v-v201-win/toolchain-gd32v-v201-win/compiler/bin/../lib/gcc/riscv64-unknown-elf/8.3.0/rv32imac/ilp32\libgcc.a(subdf3.o)
                              build/tm_layers.o (__subdf3)
c:/users/jesper/documents/ml_sommarjobb/toolchain-gd32v-v201-win/toolchain-gd32v-v201-win/compiler/bin/../lib/gcc/riscv64-unknown-elf/8.3.0/rv32imac/ilp32\libgcc.a(fixdfsi.o)
                              c:/users/jesper/documents/ml_sommarjobb/toolchain-gd32v-v201-win/toolchain-gd32v-v201-win/compiler/bin/../lib/gcc/riscv64-unknown-elf/8.3.0/../../../../riscv64-unknown-elf/lib/rv32imac/ilp32\libm.a(lib_a-e_exp.o) (__fixdfsi)
c:/users/jesper/documents/ml_sommarjobb/toolchain-gd32v-v201-win/toolchain-gd32v-v201-win/compiler/bin/../lib/gcc/riscv64-unknown-elf/8.3.0/rv32imac/ilp32\libgcc.a(floatsidf.o)
                              build/tm_stat.o (__floatsidf)
[...]
Memory Configuration

Name             Origin             Length             Attributes
flash            0x0000000008000000 0x0000000000020000 axrl !w
ram              0x0000000020000000 0x0000000000008000 axw !rl
*default*        0x0000000000000000 0xffffffffffffffff

Linker script and memory map

LOAD build/gd32vf103_exti.o
LOAD build/gd32vf103_bkp.o
LOAD build/gd32vf103_spi.o
LOAD build/gd32vf103_rcu.o
LOAD build/gd32vf103_wwdgt.o
LOAD build/gd32vf103_adc.o
LOAD build/gd32vf103_pmu.o
LOAD build/gd32vf103_dbg.o
LOAD build/gd32vf103_usart.o
LOAD build/gd32vf103_crc.o
LOAD build/gd32vf103_gpio.o
LOAD build/gd32vf103_fwdgt.o
LOAD build/gd32vf103_timer.o
LOAD build/gd32vf103_fmc.o
LOAD build/gd32vf103_i2c.o
LOAD build/gd32vf103_rtc.o
LOAD build/gd32vf103_can.o
LOAD build/gd32vf103_dac.o
LOAD build/gd32vf103_exmc.o
LOAD build/gd32vf103_dma.o
LOAD build/gd32vf103_eclic.o
LOAD build/system_gd32vf103.o
LOAD build/write_hex.o
LOAD build/sbrk.o
LOAD build/close.o
LOAD build/lseek.o
LOAD build/write.o
LOAD build/_exit.o
LOAD build/isatty.o
LOAD build/fstat.o
LOAD build/read.o
LOAD build/n200_func.o
LOAD build/handlers.o
LOAD build/init.o
LOAD build/tm_model.o
LOAD build/tm_layers.o
LOAD build/tm_model.o
LOAD build/tm_layers.o
LOAD build/tm_stat.o
LOAD build/main.o
LOAD build/start.o
LOAD build/entry.o
LOAD c:/users/jesper/documents/ml_sommarjobb/toolchain-gd32v-v201-win/toolchain-gd32v-v201-win/compiler/bin/../lib/gcc/riscv64-unknown-elf/8.3.0/../../../../riscv64-unknown-elf/lib/rv32imac/ilp32\libm.a
LOAD c:/users/jesper/documents/ml_sommarjobb/toolchain-gd32v-v201-win/toolchain-gd32v-v201-win/compiler/bin/../lib/gcc/riscv64-unknown-elf/8.3.0/rv32imac/ilp32\libgcc.a
LOAD c:/users/jesper/documents/ml_sommarjobb/toolchain-gd32v-v201-win/toolchain-gd32v-v201-win/compiler/bin/../lib/gcc/riscv64-unknown-elf/8.3.0/../../../../riscv64-unknown-elf/lib/rv32imac/ilp32\libc_nano.a
LOAD c:/users/jesper/documents/ml_sommarjobb/toolchain-gd32v-v201-win/toolchain-gd32v-v201-win/compiler/bin/../lib/gcc/riscv64-unknown-elf/8.3.0/rv32imac/ilp32\libgcc.a
START GROUP
LOAD c:/users/jesper/documents/ml_sommarjobb/toolchain-gd32v-v201-win/toolchain-gd32v-v201-win/compiler/bin/../lib/gcc/riscv64-unknown-elf/8.3.0/rv32imac/ilp32\libgcc.a
LOAD c:/users/jesper/documents/ml_sommarjobb/toolchain-gd32v-v201-win/toolchain-gd32v-v201-win/compiler/bin/../lib/gcc/riscv64-unknown-elf/8.3.0/../../../../riscv64-unknown-elf/lib/rv32imac/ilp32\libc_nano.a
LOAD c:/users/jesper/documents/ml_sommarjobb/toolchain-gd32v-v201-win/toolchain-gd32v-v201-win/compiler/bin/../lib/gcc/riscv64-unknown-elf/8.3.0/../../../../riscv64-unknown-elf/lib/rv32imac/ilp32\libgloss_nano.a
END GROUP
                0x0000000000001000                __stack_size = DEFINED (__stack_size)?__stack_size:0x1000
                0x0000000000000000                __dbg_stack_size = DEFINED (__dbg_stack_size)?__dbg_stack_size:0x0

.init           0x0000000008000000      0x254
 *(SORT_NONE(.init))
 .init          0x0000000008000000      0x254 build/start.o
                0x000000000800015c                _start
                0x0000000008000246                disable_mcycle_minstret
                0x000000000800024c                enable_mcycle_minstret

.ilalign        0x0000000008000254        0x0
                0x0000000008000254                . = ALIGN (0x4)
                [!provide]                        PROVIDE (_ilm_lma = .)

.ialign         0x0000000008000254        0x0
                [!provide]                        PROVIDE (_ilm = .)

.text           0x0000000008000280     0x793e
 *(.rodata .rodata.*)
 .rodata.write_hex.str1.4
                0x0000000008000280        0x3 build/write_hex.o
 *fill*         0x0000000008000283        0x1 
 .rodata._exit.str1.4
                0x0000000008000284       0x1f build/_exit.o
                                         0x23 (size before relaxing)
 *fill*         0x00000000080002a3        0x1 
 .rodata.handle_nmi.str1.4
                0x00000000080002a4        0x5 build/handlers.o
 *fill*         0x00000000080002a9        0x3 
 .rodata.handle_trap.str1.4
                0x00000000080002ac        0x6 build/handlers.o
 *fill*         0x00000000080002b2        0x2 
 .rodata.tm_run
                0x00000000080002b4       0x1c build/tm_model.o
 .rodata.tml_add.str1.4
                0x00000000080002d0       0x21 build/tm_layers.o
 *fill*         0x00000000080002f1        0x3 
 .rodata.tml_conv2d_dwconv2d.cst4
                0x00000000080002f4        0x8 build/tm_layers.o
 .rodata.tml_softmax.cst4
                0x00000000080002fc        0x4 build/tm_layers.o
 .rodata.tml_softmax.cst8
                0x0000000008000300        0x8 build/tm_layers.o
 .rodata.tm_stat
                0x0000000008000308       0x18 build/tm_stat.o
 .rodata.mdl_type_str
                0x0000000008000320       0x18 build/tm_stat.o
 .rodata.str1.4
                0x0000000008000338       0x66 build/tm_stat.o
 *fill*         0x000000000800039e        0x2 
 .rodata.tm_stat.cst8
                0x00000000080003a0       0x10 build/tm_stat.o
 .rodata.tm_stat.str1.4
                0x00000000080003b0      0x3cb build/tm_stat.o
                                        0x3d3 (size before relaxing)
 *fill*         0x000000000800077b        0x1 
 .rodata.tml_headsize_tbl
                0x000000000800077c       0x1c build/tm_stat.o
 .rodata.tml_str_tbl
                0x0000000008000798       0x1c build/tm_stat.o
 .rodata        0x00000000080007b4       0x18 build/main.o
 .rodata.main.cst4
                0x00000000080007cc        0x4 build/main.o
 .rodata.main.str1.4
                0x00000000080007d0       0x96 build/main.o
 *fill*         0x0000000008000866        0x2 
 .rodata.mdl_data
                0x0000000008000868      0x968 build/main.o
                0x0000000008000868                mdl_data
 .rodata        0x00000000080011d0       0x30 c:/users/jesper/documents/ml_sommarjobb/toolchain-gd32v-v201-win/toolchain-gd32v-v201-win/compiler/bin/../lib/gcc/riscv64-unknown-elf/8.3.0/../../../../riscv64-unknown-elf/lib/rv32imac/ilp32\libm.a(lib_a-e_exp.o)
 .rodata        0x0000000008001200       0x3c c:/users/jesper/documents/ml_sommarjobb/toolchain-gd32v-v201-win/toolchain-gd32v-v201-win/compiler/bin/../lib/gcc/riscv64-unknown-elf/8.3.0/rv32imac/ilp32\libgcc.a(divdf3.o)
 .rodata        0x000000000800123c       0x3c c:/users/jesper/documents/ml_sommarjobb/toolchain-gd32v-v201-win/toolchain-gd32v-v201-win/compiler/bin/../lib/gcc/riscv64-unknown-elf/8.3.0/rv32imac/ilp32\libgcc.a(muldf3.o)
 .rodata        0x0000000008001278       0x3c c:/users/jesper/documents/ml_sommarjobb/toolchain-gd32v-v201-win/toolchain-gd32v-v201-win/compiler/bin/../lib/gcc/riscv64-unknown-elf/8.3.0/rv32imac/ilp32\libgcc.a(divsf3.o)
 .rodata        0x00000000080012b4       0x3c c:/users/jesper/documents/ml_sommarjobb/toolchain-gd32v-v201-win/toolchain-gd32v-v201-win/compiler/bin/../lib/gcc/riscv64-unknown-elf/8.3.0/rv32imac/ilp32\libgcc.a(mulsf3.o)
 .rodata        0x00000000080012f0      0x100 c:/users/jesper/documents/ml_sommarjobb/toolchain-gd32v-v201-win/toolchain-gd32v-v201-win/compiler/bin/../lib/gcc/riscv64-unknown-elf/8.3.0/rv32imac/ilp32\libgcc.a(_clz.o)
                0x00000000080012f0                __clz_tab
 .rodata.__sf_fake_stderr
                0x00000000080013f0       0x20 c:/users/jesper/documents/ml_sommarjobb/toolchain-gd32v-v201-win/toolchain-gd32v-v201-win/compiler/bin/../lib/gcc/riscv64-unknown-elf/8.3.0/../../../../riscv64-unknown-elf/lib/rv32imac/ilp32\libc_nano.a(lib_a-findfp.o)
                0x00000000080013f0                __sf_fake_stderr
 .rodata.__sf_fake_stdin
                0x0000000008001410       0x20 c:/users/jesper/documents/ml_sommarjobb/toolchain-gd32v-v201-win/toolchain-gd32v-v201-win/compiler/bin/../lib/gcc/riscv64-unknown-elf/8.3.0/../../../../riscv64-unknown-elf/lib/rv32imac/ilp32\libc_nano.a(lib_a-findfp.o)
                0x0000000008001410                __sf_fake_stdin
 .rodata.__sf_fake_stdout
                0x0000000008001430       0x20 c:/users/jesper/documents/ml_sommarjobb/toolchain-gd32v-v201-win/toolchain-gd32v-v201-win/compiler/bin/../lib/gcc/riscv64-unknown-elf/8.3.0/../../../../riscv64-unknown-elf/lib/rv32imac/ilp32\libc_nano.a(lib_a-findfp.o)
                0x0000000008001430                __sf_fake_stdout
 .rodata._vfprintf_r.str1.4
                0x0000000008001450       0x13 c:/users/jesper/documents/ml_sommarjobb/toolchain-gd32v-v201-win/toolchain-gd32v-v201-win/compiler/bin/../lib/gcc/riscv64-unknown-elf/8.3.0/../../../../riscv64-unknown-elf/lib/rv32imac/ilp32\libc_nano.a(lib_a-nano-vfprintf.o)
 *fill*         0x0000000008001463        0x1 
 .rodata._printf_i.str1.4
                0x0000000008001464       0x28 c:/users/jesper/documents/ml_sommarjobb/toolchain-gd32v-v201-win/toolchain-gd32v-v201-win/compiler/bin/../lib/gcc/riscv64-unknown-elf/8.3.0/../../../../riscv64-unknown-elf/lib/rv32imac/ilp32\libc_nano.a(lib_a-nano-vfprintf_i.o)
                                         0x25 (size before relaxing)
 *(.text.unlikely .text.unlikely.*)
 *(.text.startup .text.startup.*)
 .text.startup.main
                0x000000000800148c      0x230 build/main.o
                0x000000000800148c                main
 *(.text .text.*)
 .text.SystemInit
                0x00000000080016bc      0x11c build/system_gd32vf103.o
                0x00000000080016bc                SystemInit
 .text.write_hex
                0x00000000080017d8       0x7c build/write_hex.o
                0x00000000080017d8                write_hex
 .text._sbrk    0x0000000008001854       0x2e build/sbrk.o
                0x0000000008001854                _sbrk
 .text._close   0x0000000008001882        0x4 build/close.o
                0x0000000008001882                _close
 .text._lseek   0x0000000008001886       0x1a build/lseek.o
                0x0000000008001886                _lseek
 .text._exit    0x00000000080018a0       0x4c build/_exit.o
                0x00000000080018a0                _exit
 .text._isatty  0x00000000080018ec        0x8 build/isatty.o
                0x00000000080018ec                _isatty
 .text._fstat   0x00000000080018f4       0x22 build/fstat.o
                0x00000000080018f4                _fstat
 .text._read    0x0000000008001916        0x4 build/read.o
                0x0000000008001916                _read
 .text.eclic_init
                0x000000000800191a       0x22 build/n200_func.o
                0x000000000800191a                eclic_init
 .text.eclic_mode_enable
                0x000000000800193c       0x12 build/n200_func.o
                0x000000000800193c                eclic_mode_enable
 .text.handle_nmi
                0x000000000800194e       0x22 build/handlers.o
                0x000000000800194e                handle_nmi
 .text.handle_trap
                0x0000000008001970       0x38 build/handlers.o
                0x0000000008001970                handle_trap
 .text._init    0x00000000080019a8       0x2c build/init.o
                0x00000000080019a8                _init
 .text._fini    0x00000000080019d4        0x2 build/init.o
                0x00000000080019d4                _fini
 .text.tm_load  0x00000000080019d6       0x94 build/tm_model.o
                0x00000000080019d6                tm_load
 .text.tm_unload
                0x0000000008001a6a       0x12 build/tm_model.o
                0x0000000008001a6a                tm_unload
 .text.tm_preprocess
                0x0000000008001a7c       0xc8 build/tm_model.o
                0x0000000008001a7c                tm_preprocess
 .text.tm_run   0x0000000008001b44      0x278 build/tm_model.o
                0x0000000008001b44                tm_run
 .text.tml_conv2d_dwconv2d
                0x0000000008001dbc      0x9c4 build/tm_layers.o
                0x0000000008001dbc                tml_conv2d_dwconv2d
 .text.tml_gap  0x0000000008002780       0xd6 build/tm_layers.o
                0x0000000008002780                tml_gap
 .text.tml_fc   0x0000000008002856      0x176 build/tm_layers.o
                0x0000000008002856                tml_fc
 .text.tml_softmax
                0x00000000080029cc      0x172 build/tm_layers.o
                0x00000000080029cc                tml_softmax
 .text.tml_reshape
                0x0000000008002b3e        0x4 build/tm_layers.o
                0x0000000008002b3e                tml_reshape
 .text.tml_add  0x0000000008002b42      0x2da build/tm_layers.o
                0x0000000008002b42                tml_add
 .text.tm_stat  0x0000000008002e1c      0x47a build/tm_stat.o
                0x0000000008002e1c                tm_stat
 .text.layer_cb
                0x0000000008003296        0x4 build/main.o
 *fill*         0x000000000800329a       0x26 
 .text.trap     0x00000000080032c0       0x82 build/entry.o
                0x00000000080032c0                trap_entry
 *fill*         0x0000000008003342        0x2 
 .text.irq      0x0000000008003344       0x72 build/entry.o
                0x0000000008003344                irq_entry
 .text          0x00000000080033b6       0xb8 c:/users/jesper/documents/ml_sommarjobb/toolchain-gd32v-v201-win/toolchain-gd32v-v201-win/compiler/bin/../lib/gcc/riscv64-unknown-elf/8.3.0/../../../../riscv64-unknown-elf/lib/rv32imac/ilp32\libm.a(lib_a-w_exp.o)
                0x00000000080033b6                exp
 .text          0x000000000800346e      0x4b0 c:/users/jesper/documents/ml_sommarjobb/toolchain-gd32v-v201-win/toolchain-gd32v-v201-win/compiler/bin/../lib/gcc/riscv64-unknown-elf/8.3.0/../../../../riscv64-unknown-elf/lib/rv32imac/ilp32\libm.a(lib_a-e_exp.o)
                0x000000000800346e                __ieee754_exp
 .text          0x000000000800391e        0xe c:/users/jesper/documents/ml_sommarjobb/toolchain-gd32v-v201-win/toolchain-gd32v-v201-win/compiler/bin/../lib/gcc/riscv64-unknown-elf/8.3.0/../../../../riscv64-unknown-elf/lib/rv32imac/ilp32\libm.a(lib_a-s_finite.o)
                0x000000000800391e                finite
 .text          0x000000000800392c      0x35e c:/users/jesper/documents/ml_sommarjobb/toolchain-gd32v-v201-win/toolchain-gd32v-v201-win/compiler/bin/../lib/gcc/riscv64-unknown-elf/8.3.0/rv32imac/ilp32\libgcc.a(_udivdi3.o)
                0x000000000800392c                __udivdi3
 .text          0x0000000008003c8a      0x5fa c:/users/jesper/documents/ml_sommarjobb/toolchain-gd32v-v201-win/toolchain-gd32v-v201-win/compiler/bin/../lib/gcc/riscv64-unknown-elf/8.3.0/rv32imac/ilp32\libgcc.a(adddf3.o)
                0x0000000008003c8a                __adddf3
 .text          0x0000000008004284      0x546 c:/users/jesper/documents/ml_sommarjobb/toolchain-gd32v-v201-win/toolchain-gd32v-v201-win/compiler/bin/../lib/gcc/riscv64-unknown-elf/8.3.0/rv32imac/ilp32\libgcc.a(divdf3.o)
                0x0000000008004284                __divdf3
 .text          0x00000000080047ca       0xa4 c:/users/jesper/documents/ml_sommarjobb/toolchain-gd32v-v201-win/toolchain-gd32v-v201-win/compiler/bin/../lib/gcc/riscv64-unknown-elf/8.3.0/rv32imac/ilp32\libgcc.a(gedf2.o)
                0x00000000080047ca                __gedf2
                0x00000000080047ca                __gtdf2
 .text          0x000000000800486e       0xa4 c:/users/jesper/documents/ml_sommarjobb/toolchain-gd32v-v201-win/toolchain-gd32v-v201-win/compiler/bin/../lib/gcc/riscv64-unknown-elf/8.3.0/rv32imac/ilp32\libgcc.a(ledf2.o)
                0x000000000800486e                __ledf2
                0x000000000800486e                __ltdf2
 .text          0x0000000008004912      0x44c c:/users/jesper/documents/ml_sommarjobb/toolchain-gd32v-v201-win/toolchain-gd32v-v201-win/compiler/bin/../lib/gcc/riscv64-unknown-elf/8.3.0/rv32imac/ilp32\libgcc.a(muldf3.o)
                0x0000000008004912                __muldf3
 .text          0x0000000008004d5e      0x602 c:/users/jesper/documents/ml_sommarjobb/toolchain-gd32v-v201-win/toolchain-gd32v-v201-win/compiler/bin/../lib/gcc/riscv64-unknown-elf/8.3.0/rv32imac/ilp32\libgcc.a(subdf3.o)
                0x0000000008004d5e                __subdf3
 .text          0x0000000008005360       0x64 c:/users/jesper/documents/ml_sommarjobb/toolchain-gd32v-v201-win/toolchain-gd32v-v201-win/compiler/bin/../lib/gcc/riscv64-unknown-elf/8.3.0/rv32imac/ilp32\libgcc.a(fixdfsi.o)
                0x0000000008005360                __fixdfsi
 .text          0x00000000080053c4       0x70 c:/users/jesper/documents/ml_sommarjobb/toolchain-gd32v-v201-win/toolchain-gd32v-v201-win/compiler/bin/../lib/gcc/riscv64-unknown-elf/8.3.0/rv32imac/ilp32\libgcc.a(floatsidf.o)
                0x00000000080053c4                __floatsidf
 .text          0x0000000008005434       0x56 c:/users/jesper/documents/ml_sommarjobb/toolchain-gd32v-v201-win/toolchain-gd32v-v201-win/compiler/bin/../lib/gcc/riscv64-unknown-elf/8.3.0/rv32imac/ilp32\libgcc.a(floatunsidf.o)
                0x0000000008005434                __floatunsidf
 .text          0x000000000800548a      0x312 c:/users/jesper/documents/ml_sommarjobb/toolchain-gd32v-v201-win/toolchain-gd32v-v201-win/compiler/bin/../lib/gcc/riscv64-unknown-elf/8.3.0/rv32imac/ilp32\libgcc.a(addsf3.o)
                0x000000000800548a                __addsf3
 .text          0x000000000800579c      0x256 c:/users/jesper/documents/ml_sommarjobb/toolchain-gd32v-v201-win/toolchain-gd32v-v201-win/compiler/bin/../lib/gcc/riscv64-unknown-elf/8.3.0/rv32imac/ilp32\libgcc.a(divsf3.o)
                0x000000000800579c                __divsf3
 .text          0x00000000080059f2       0x78 c:/users/jesper/documents/ml_sommarjobb/toolchain-gd32v-v201-win/toolchain-gd32v-v201-win/compiler/bin/../lib/gcc/riscv64-unknown-elf/8.3.0/rv32imac/ilp32\libgcc.a(gesf2.o)
                0x00000000080059f2                __gesf2
                0x00000000080059f2                __gtsf2
 .text          0x0000000008005a6a      0x228 c:/users/jesper/documents/ml_sommarjobb/toolchain-gd32v-v201-win/toolchain-gd32v-v201-win/compiler/bin/../lib/gcc/riscv64-unknown-elf/8.3.0/rv32imac/ilp32\libgcc.a(mulsf3.o)
                0x0000000008005a6a                __mulsf3
 .text          0x0000000008005c92      0x322 c:/users/jesper/documents/ml_sommarjobb/toolchain-gd32v-v201-win/toolchain-gd32v-v201-win/compiler/bin/../lib/gcc/riscv64-unknown-elf/8.3.0/rv32imac/ilp32\libgcc.a(subsf3.o)
                0x0000000008005c92                __subsf3
 .text          0x0000000008005fb4       0x60 c:/users/jesper/documents/ml_sommarjobb/toolchain-gd32v-v201-win/toolchain-gd32v-v201-win/compiler/bin/../lib/gcc/riscv64-unknown-elf/8.3.0/rv32imac/ilp32\libgcc.a(fixsfsi.o)
                0x0000000008005fb4                __fixsfsi
 .text          0x0000000008006014       0xc0 c:/users/jesper/documents/ml_sommarjobb/toolchain-gd32v-v201-win/toolchain-gd32v-v201-win/compiler/bin/../lib/gcc/riscv64-unknown-elf/8.3.0/rv32imac/ilp32\libgcc.a(floatsisf.o)
                0x0000000008006014                __floatsisf
 .text          0x00000000080060d4       0xa2 c:/users/jesper/documents/ml_sommarjobb/toolchain-gd32v-v201-win/toolchain-gd32v-v201-win/compiler/bin/../lib/gcc/riscv64-unknown-elf/8.3.0/rv32imac/ilp32\libgcc.a(floatunsisf.o)
                0x00000000080060d4                __floatunsisf
 .text          0x0000000008006176       0x9e c:/users/jesper/documents/ml_sommarjobb/toolchain-gd32v-v201-win/toolchain-gd32v-v201-win/compiler/bin/../lib/gcc/riscv64-unknown-elf/8.3.0/rv32imac/ilp32\libgcc.a(extendsfdf2.o)
                0x0000000008006176                __extendsfdf2
 .text          0x0000000008006214      0x122 c:/users/jesper/documents/ml_sommarjobb/toolchain-gd32v-v201-win/toolchain-gd32v-v201-win/compiler/bin/../lib/gcc/riscv64-unknown-elf/8.3.0/rv32imac/ilp32\libgcc.a(truncdfsf2.o)
                0x0000000008006214                __truncdfsf2
 .text          0x0000000008006336       0x3c c:/users/jesper/documents/ml_sommarjobb/toolchain-gd32v-v201-win/toolchain-gd32v-v201-win/compiler/bin/../lib/gcc/riscv64-unknown-elf/8.3.0/rv32imac/ilp32\libgcc.a(_clzsi2.o)
                0x0000000008006336                __clzsi2
 .text.atexit   0x0000000008006372       0x10 c:/users/jesper/documents/ml_sommarjobb/toolchain-gd32v-v201-win/toolchain-gd32v-v201-win/compiler/bin/../lib/gcc/riscv64-unknown-elf/8.3.0/../../../../riscv64-unknown-elf/lib/rv32imac/ilp32\libc_nano.a(lib_a-atexit.o)
                0x0000000008006372                atexit
 .text.clock    0x0000000008006382       0x32 c:/users/jesper/documents/ml_sommarjobb/toolchain-gd32v-v201-win/toolchain-gd32v-v201-win/compiler/bin/../lib/gcc/riscv64-unknown-elf/8.3.0/../../../../riscv64-unknown-elf/lib/rv32imac/ilp32\libc_nano.a(lib_a-clock.o)
                0x0000000008006382                clock
 .text.__errno  0x00000000080063b4        0xc c:/users/jesper/documents/ml_sommarjobb/toolchain-gd32v-v201-win/toolchain-gd32v-v201-win/compiler/bin/../lib/gcc/riscv64-unknown-elf/8.3.0/../../../../riscv64-unknown-elf/lib/rv32imac/ilp32\libc_nano.a(lib_a-errno.o)
                0x00000000080063b4                __errno
 .text.exit     0x00000000080063c0       0x36 c:/users/jesper/documents/ml_sommarjobb/toolchain-gd32v-v201-win/toolchain-gd32v-v201-win/compiler/bin/../lib/gcc/riscv64-unknown-elf/8.3.0/../../../../riscv64-unknown-elf/lib/rv32imac/ilp32\libc_nano.a(lib_a-exit.o)
                0x00000000080063c0                exit
 .text.__libc_fini_array
                0x00000000080063f6       0x38 c:/users/jesper/documents/ml_sommarjobb/toolchain-gd32v-v201-win/toolchain-gd32v-v201-win/compiler/bin/../lib/gcc/riscv64-unknown-elf/8.3.0/../../../../riscv64-unknown-elf/lib/rv32imac/ilp32\libc_nano.a(lib_a-fini.o)
                0x00000000080063f6                __libc_fini_array
 .text.__libc_init_array
                0x000000000800642e       0x6a c:/users/jesper/documents/ml_sommarjobb/toolchain-gd32v-v201-win/toolchain-gd32v-v201-win/compiler/bin/../lib/gcc/riscv64-unknown-elf/8.3.0/../../../../riscv64-unknown-elf/lib/rv32imac/ilp32\libc_nano.a(lib_a-init.o)
                0x000000000800642e                __libc_init_array
 .text.malloc   0x0000000008006498       0x14 c:/users/jesper/documents/ml_sommarjobb/toolchain-gd32v-v201-win/toolchain-gd32v-v201-win/compiler/bin/../lib/gcc/riscv64-unknown-elf/8.3.0/../../../../riscv64-unknown-elf/lib/rv32imac/ilp32\libc_nano.a(lib_a-malloc.o)
                0x0000000008006498                malloc
 .text.free     0x00000000080064ac       0x14 c:/users/jesper/documents/ml_sommarjobb/toolchain-gd32v-v201-win/toolchain-gd32v-v201-win/compiler/bin/../lib/gcc/riscv64-unknown-elf/8.3.0/../../../../riscv64-unknown-elf/lib/rv32imac/ilp32\libc_nano.a(lib_a-malloc.o)
                0x00000000080064ac                free
 .text          0x00000000080064c0       0x16 c:/users/jesper/documents/ml_sommarjobb/toolchain-gd32v-v201-win/toolchain-gd32v-v201-win/compiler/bin/../lib/gcc/riscv64-unknown-elf/8.3.0/../../../../riscv64-unknown-elf/lib/rv32imac/ilp32\libc_nano.a(lib_a-memcpy-asm.o)
                0x00000000080064c0                memcpy
 .text          0x00000000080064d6       0x10 c:/users/jesper/documents/ml_sommarjobb/toolchain-gd32v-v201-win/toolchain-gd32v-v201-win/compiler/bin/../lib/gcc/riscv64-unknown-elf/8.3.0/../../../../riscv64-unknown-elf/lib/rv32imac/ilp32\libc_nano.a(lib_a-memset.o)
                0x00000000080064d6                memset
 .text._free_r  0x00000000080064e6       0xb8 c:/users/jesper/documents/ml_sommarjobb/toolchain-gd32v-v201-win/toolchain-gd32v-v201-win/compiler/bin/../lib/gcc/riscv64-unknown-elf/8.3.0/../../../../riscv64-unknown-elf/lib/rv32imac/ilp32\libc_nano.a(lib_a-nano-freer.o)
                0x00000000080064e6                _free_r
 .text._malloc_r
                0x000000000800659e      0x102 c:/users/jesper/documents/ml_sommarjobb/toolchain-gd32v-v201-win/toolchain-gd32v-v201-win/compiler/bin/../lib/gcc/riscv64-unknown-elf/8.3.0/../../../../riscv64-unknown-elf/lib/rv32imac/ilp32\libc_nano.a(lib_a-nano-mallocr.o)
                0x000000000800659e                _malloc_r
 .text.printf   0x00000000080066a0       0x4e c:/users/jesper/documents/ml_sommarjobb/toolchain-gd32v-v201-win/toolchain-gd32v-v201-win/compiler/bin/../lib/gcc/riscv64-unknown-elf/8.3.0/../../../../riscv64-unknown-elf/lib/rv32imac/ilp32\libc_nano.a(lib_a-printf.o)
                0x00000000080066a0                iprintf
                0x00000000080066a0                printf
 .text.putchar  0x00000000080066ee       0x38 c:/users/jesper/documents/ml_sommarjobb/toolchain-gd32v-v201-win/toolchain-gd32v-v201-win/compiler/bin/../lib/gcc/riscv64-unknown-elf/8.3.0/../../../../riscv64-unknown-elf/lib/rv32imac/ilp32\libc_nano.a(lib_a-putchar.o)
                0x00000000080066ee                putchar
 .text._putc_r  0x0000000008006726       0x8e c:/users/jesper/documents/ml_sommarjobb/toolchain-gd32v-v201-win/toolchain-gd32v-v201-win/compiler/bin/../lib/gcc/riscv64-unknown-elf/8.3.0/../../../../riscv64-unknown-elf/lib/rv32imac/ilp32\libc_nano.a(lib_a-putc.o)
                0x0000000008006726                _putc_r
 .text._puts_r  0x00000000080067b4       0xf8 c:/users/jesper/documents/ml_sommarjobb/toolchain-gd32v-v201-win/toolchain-gd32v-v201-win/compiler/bin/../lib/gcc/riscv64-unknown-elf/8.3.0/../../../../riscv64-unknown-elf/lib/rv32imac/ilp32\libc_nano.a(lib_a-puts.o)
                0x00000000080067b4                _puts_r
 .text.puts     0x00000000080068ac       0x14 c:/users/jesper/documents/ml_sommarjobb/toolchain-gd32v-v201-win/toolchain-gd32v-v201-win/compiler/bin/../lib/gcc/riscv64-unknown-elf/8.3.0/../../../../riscv64-unknown-elf/lib/rv32imac/ilp32\libc_nano.a(lib_a-puts.o)
                0x00000000080068ac                puts
 .text._sbrk_r  0x00000000080068c0       0x36 c:/users/jesper/documents/ml_sommarjobb/toolchain-gd32v-v201-win/toolchain-gd32v-v201-win/compiler/bin/../lib/gcc/riscv64-unknown-elf/8.3.0/../../../../riscv64-unknown-elf/lib/rv32imac/ilp32\libc_nano.a(lib_a-sbrkr.o)
                0x00000000080068c0                _sbrk_r
 .text.isatty   0x00000000080068f6        0x8 c:/users/jesper/documents/ml_sommarjobb/toolchain-gd32v-v201-win/toolchain-gd32v-v201-win/compiler/bin/../lib/gcc/riscv64-unknown-elf/8.3.0/../../../../riscv64-unknown-elf/lib/rv32imac/ilp32\libc_nano.a(lib_a-sysisatty.o)
                0x00000000080068f6                isatty
 .text.write    0x00000000080068fe       0x18 c:/users/jesper/documents/ml_sommarjobb/toolchain-gd32v-v201-win/toolchain-gd32v-v201-win/compiler/bin/../lib/gcc/riscv64-unknown-elf/8.3.0/../../../../riscv64-unknown-elf/lib/rv32imac/ilp32\libc_nano.a(lib_a-syswrite.o)
                0x00000000080068fe                write
 .text._times_r
                0x0000000008006916        0xa c:/users/jesper/documents/ml_sommarjobb/toolchain-gd32v-v201-win/toolchain-gd32v-v201-win/compiler/bin/../lib/gcc/riscv64-unknown-elf/8.3.0/../../../../riscv64-unknown-elf/lib/rv32imac/ilp32\libc_nano.a(lib_a-timesr.o)
                0x0000000008006916                _times_r
 .text.__swbuf_r
                0x0000000008006920       0xd8 c:/users/jesper/documents/ml_sommarjobb/toolchain-gd32v-v201-win/toolchain-gd32v-v201-win/compiler/bin/../lib/gcc/riscv64-unknown-elf/8.3.0/../../../../riscv64-unknown-elf/lib/rv32imac/ilp32\libc_nano.a(lib_a-wbuf.o)
                0x0000000008006920                __swbuf_r
 .text._write_r
                0x00000000080069f8       0x3a c:/users/jesper/documents/ml_sommarjobb/toolchain-gd32v-v201-win/toolchain-gd32v-v201-win/compiler/bin/../lib/gcc/riscv64-unknown-elf/8.3.0/../../../../riscv64-unknown-elf/lib/rv32imac/ilp32\libc_nano.a(lib_a-writer.o)
                0x00000000080069f8                _write_r
 .text.__swsetup_r
                0x0000000008006a32      0x122 c:/users/jesper/documents/ml_sommarjobb/toolchain-gd32v-v201-win/toolchain-gd32v-v201-win/compiler/bin/../lib/gcc/riscv64-unknown-elf/8.3.0/../../../../riscv64-unknown-elf/lib/rv32imac/ilp32\libc_nano.a(lib_a-wsetup.o)
                0x0000000008006a32                __swsetup_r
 .text.__register_exitproc
                0x0000000008006b54       0x8c c:/users/jesper/documents/ml_sommarjobb/toolchain-gd32v-v201-win/toolchain-gd32v-v201-win/compiler/bin/../lib/gcc/riscv64-unknown-elf/8.3.0/../../../../riscv64-unknown-elf/lib/rv32imac/ilp32\libc_nano.a(lib_a-__atexit.o)
                0x0000000008006b54                __register_exitproc
 .text.__call_exitprocs
                0x0000000008006be0       0xc8 c:/users/jesper/documents/ml_sommarjobb/toolchain-gd32v-v201-win/toolchain-gd32v-v201-win/compiler/bin/../lib/gcc/riscv64-unknown-elf/8.3.0/../../../../riscv64-unknown-elf/lib/rv32imac/ilp32\libc_nano.a(lib_a-__call_atexit.o)
                0x0000000008006be0                __call_exitprocs
 .text.__sflush_r
                0x0000000008006ca8      0x150 c:/users/jesper/documents/ml_sommarjobb/toolchain-gd32v-v201-win/toolchain-gd32v-v201-win/compiler/bin/../lib/gcc/riscv64-unknown-elf/8.3.0/../../../../riscv64-unknown-elf/lib/rv32imac/ilp32\libc_nano.a(lib_a-fflush.o)
                0x0000000008006ca8                __sflush_r
 .text._fflush_r
                0x0000000008006df8       0x70 c:/users/jesper/documents/ml_sommarjobb/toolchain-gd32v-v201-win/toolchain-gd32v-v201-win/compiler/bin/../lib/gcc/riscv64-unknown-elf/8.3.0/../../../../riscv64-unknown-elf/lib/rv32imac/ilp32\libc_nano.a(lib_a-fflush.o)
                0x0000000008006df8                _fflush_r
 .text.std      0x0000000008006e68       0x6e c:/users/jesper/documents/ml_sommarjobb/toolchain-gd32v-v201-win/toolchain-gd32v-v201-win/compiler/bin/../lib/gcc/riscv64-unknown-elf/8.3.0/../../../../riscv64-unknown-elf/lib/rv32imac/ilp32\libc_nano.a(lib_a-findfp.o)
 .text._cleanup_r
                0x0000000008006ed6       0x10 c:/users/jesper/documents/ml_sommarjobb/toolchain-gd32v-v201-win/toolchain-gd32v-v201-win/compiler/bin/../lib/gcc/riscv64-unknown-elf/8.3.0/../../../../riscv64-unknown-elf/lib/rv32imac/ilp32\libc_nano.a(lib_a-findfp.o)
                0x0000000008006ed6                _cleanup_r
 .text.__sfmoreglue
                0x0000000008006ee6       0x50 c:/users/jesper/documents/ml_sommarjobb/toolchain-gd32v-v201-win/toolchain-gd32v-v201-win/compiler/bin/../lib/gcc/riscv64-unknown-elf/8.3.0/../../../../riscv64-unknown-elf/lib/rv32imac/ilp32\libc_nano.a(lib_a-findfp.o)
                0x0000000008006ee6                __sfmoreglue
 .text.__sinit  0x0000000008006f36       0x8e c:/users/jesper/documents/ml_sommarjobb/toolchain-gd32v-v201-win/toolchain-gd32v-v201-win/compiler/bin/../lib/gcc/riscv64-unknown-elf/8.3.0/../../../../riscv64-unknown-elf/lib/rv32imac/ilp32\libc_nano.a(lib_a-findfp.o)
                0x0000000008006f36                __sinit
 .text.__sfp    0x0000000008006fc4       0xb0 c:/users/jesper/documents/ml_sommarjobb/toolchain-gd32v-v201-win/toolchain-gd32v-v201-win/compiler/bin/../lib/gcc/riscv64-unknown-elf/8.3.0/../../../../riscv64-unknown-elf/lib/rv32imac/ilp32\libc_nano.a(lib_a-findfp.o)
                0x0000000008006fc4                __sfp
 .text._fwalk_reent
                0x0000000008007074       0x6c c:/users/jesper/documents/ml_sommarjobb/toolchain-gd32v-v201-win/toolchain-gd32v-v201-win/compiler/bin/../lib/gcc/riscv64-unknown-elf/8.3.0/../../../../riscv64-unknown-elf/lib/rv32imac/ilp32\libc_nano.a(lib_a-fwalk.o)
                0x0000000008007074                _fwalk_reent
 .text.__swhatbuf_r
                0x00000000080070e0       0x5e c:/users/jesper/documents/ml_sommarjobb/toolchain-gd32v-v201-win/toolchain-gd32v-v201-win/compiler/bin/../lib/gcc/riscv64-unknown-elf/8.3.0/../../../../riscv64-unknown-elf/lib/rv32imac/ilp32\libc_nano.a(lib_a-makebuf.o)
                0x00000000080070e0                __swhatbuf_r
 .text.__smakebuf_r
                0x000000000800713e       0xae c:/users/jesper/documents/ml_sommarjobb/toolchain-gd32v-v201-win/toolchain-gd32v-v201-win/compiler/bin/../lib/gcc/riscv64-unknown-elf/8.3.0/../../../../riscv64-unknown-elf/lib/rv32imac/ilp32\libc_nano.a(lib_a-makebuf.o)
                0x000000000800713e                __smakebuf_r
 .text.__malloc_lock
                0x00000000080071ec        0x2 c:/users/jesper/documents/ml_sommarjobb/toolchain-gd32v-v201-win/toolchain-gd32v-v201-win/compiler/bin/../lib/gcc/riscv64-unknown-elf/8.3.0/../../../../riscv64-unknown-elf/lib/rv32imac/ilp32\libc_nano.a(lib_a-mlock.o)
                0x00000000080071ec                __malloc_lock
 .text.__malloc_unlock
                0x00000000080071ee        0x2 c:/users/jesper/documents/ml_sommarjobb/toolchain-gd32v-v201-win/toolchain-gd32v-v201-win/compiler/bin/../lib/gcc/riscv64-unknown-elf/8.3.0/../../../../riscv64-unknown-elf/lib/rv32imac/ilp32\libc_nano.a(lib_a-mlock.o)
                0x00000000080071ee                __malloc_unlock
 .text.__sfputc_r
                0x00000000080071f0       0x2e c:/users/jesper/documents/ml_sommarjobb/toolchain-gd32v-v201-win/toolchain-gd32v-v201-win/compiler/bin/../lib/gcc/riscv64-unknown-elf/8.3.0/../../../../riscv64-unknown-elf/lib/rv32imac/ilp32\libc_nano.a(lib_a-nano-vfprintf.o)
 .text.__sfputs_r
                0x000000000800721e       0x48 c:/users/jesper/documents/ml_sommarjobb/toolchain-gd32v-v201-win/toolchain-gd32v-v201-win/compiler/bin/../lib/gcc/riscv64-unknown-elf/8.3.0/../../../../riscv64-unknown-elf/lib/rv32imac/ilp32\libc_nano.a(lib_a-nano-vfprintf.o)
                0x000000000800721e                __sfputs_r
 .text._vfprintf_r
                0x0000000008007266      0x2c0 c:/users/jesper/documents/ml_sommarjobb/toolchain-gd32v-v201-win/toolchain-gd32v-v201-win/compiler/bin/../lib/gcc/riscv64-unknown-elf/8.3.0/../../../../riscv64-unknown-elf/lib/rv32imac/ilp32\libc_nano.a(lib_a-nano-vfprintf.o)
                0x0000000008007266                _vfprintf_r
                0x0000000008007266                _vfiprintf_r
 .text.__sread  0x0000000008007526       0x36 c:/users/jesper/documents/ml_sommarjobb/toolchain-gd32v-v201-win/toolchain-gd32v-v201-win/compiler/bin/../lib/gcc/riscv64-unknown-elf/8.3.0/../../../../riscv64-unknown-elf/lib/rv32imac/ilp32\libc_nano.a(lib_a-stdio.o)
                0x0000000008007526                __sread
 .text.__swrite
                0x000000000800755c       0x5a c:/users/jesper/documents/ml_sommarjobb/toolchain-gd32v-v201-win/toolchain-gd32v-v201-win/compiler/bin/../lib/gcc/riscv64-unknown-elf/8.3.0/../../../../riscv64-unknown-elf/lib/rv32imac/ilp32\libc_nano.a(lib_a-stdio.o)
                0x000000000800755c                __swrite
 .text.__sseek  0x00000000080075b6       0x3c c:/users/jesper/documents/ml_sommarjobb/toolchain-gd32v-v201-win/toolchain-gd32v-v201-win/compiler/bin/../lib/gcc/riscv64-unknown-elf/8.3.0/../../../../riscv64-unknown-elf/lib/rv32imac/ilp32\libc_nano.a(lib_a-stdio.o)
                0x00000000080075b6                __sseek
 .text.__sclose
                0x00000000080075f2        0xc c:/users/jesper/documents/ml_sommarjobb/toolchain-gd32v-v201-win/toolchain-gd32v-v201-win/compiler/bin/../lib/gcc/riscv64-unknown-elf/8.3.0/../../../../riscv64-unknown-elf/lib/rv32imac/ilp32\libc_nano.a(lib_a-stdio.o)
                0x00000000080075f2                __sclose
 .text._close_r
                0x00000000080075fe       0x36 c:/users/jesper/documents/ml_sommarjobb/toolchain-gd32v-v201-win/toolchain-gd32v-v201-win/compiler/bin/../lib/gcc/riscv64-unknown-elf/8.3.0/../../../../riscv64-unknown-elf/lib/rv32imac/ilp32\libc_nano.a(lib_a-closer.o)
                0x00000000080075fe                _close_r
 .text._fstat_r
                0x0000000008007634       0x38 c:/users/jesper/documents/ml_sommarjobb/toolchain-gd32v-v201-win/toolchain-gd32v-v201-win/compiler/bin/../lib/gcc/riscv64-unknown-elf/8.3.0/../../../../riscv64-unknown-elf/lib/rv32imac/ilp32\libc_nano.a(lib_a-fstatr.o)
                0x0000000008007634                _fstat_r
 .text._isatty_r
                0x000000000800766c       0x36 c:/users/jesper/documents/ml_sommarjobb/toolchain-gd32v-v201-win/toolchain-gd32v-v201-win/compiler/bin/../lib/gcc/riscv64-unknown-elf/8.3.0/../../../../riscv64-unknown-elf/lib/rv32imac/ilp32\libc_nano.a(lib_a-isattyr.o)
                0x000000000800766c                _isatty_r
 .text._lseek_r
                0x00000000080076a2       0x3a c:/users/jesper/documents/ml_sommarjobb/toolchain-gd32v-v201-win/toolchain-gd32v-v201-win/compiler/bin/../lib/gcc/riscv64-unknown-elf/8.3.0/../../../../riscv64-unknown-elf/lib/rv32imac/ilp32\libc_nano.a(lib_a-lseekr.o)
                0x00000000080076a2                _lseek_r
 .text.memchr   0x00000000080076dc       0x1a c:/users/jesper/documents/ml_sommarjobb/toolchain-gd32v-v201-win/toolchain-gd32v-v201-win/compiler/bin/../lib/gcc/riscv64-unknown-elf/8.3.0/../../../../riscv64-unknown-elf/lib/rv32imac/ilp32\libc_nano.a(lib_a-memchr.o)
                0x00000000080076dc                memchr
 .text._printf_common
                0x00000000080076f6      0x10c c:/users/jesper/documents/ml_sommarjobb/toolchain-gd32v-v201-win/toolchain-gd32v-v201-win/compiler/bin/../lib/gcc/riscv64-unknown-elf/8.3.0/../../../../riscv64-unknown-elf/lib/rv32imac/ilp32\libc_nano.a(lib_a-nano-vfprintf_i.o)
                0x00000000080076f6                _printf_common
 .text._printf_i
                0x0000000008007802      0x2ae c:/users/jesper/documents/ml_sommarjobb/toolchain-gd32v-v201-win/toolchain-gd32v-v201-win/compiler/bin/../lib/gcc/riscv64-unknown-elf/8.3.0/../../../../riscv64-unknown-elf/lib/rv32imac/ilp32\libc_nano.a(lib_a-nano-vfprintf_i.o)
                0x0000000008007802                _printf_i
 .text._read_r  0x0000000008007ab0       0x3a c:/users/jesper/documents/ml_sommarjobb/toolchain-gd32v-v201-win/toolchain-gd32v-v201-win/compiler/bin/../lib/gcc/riscv64-unknown-elf/8.3.0/../../../../riscv64-unknown-elf/lib/rv32imac/ilp32\libc_nano.a(lib_a-readr.o)
                0x0000000008007ab0                _read_r
 .text._times   0x0000000008007aea       0x68 c:/users/jesper/documents/ml_sommarjobb/toolchain-gd32v-v201-win/toolchain-gd32v-v201-win/compiler/bin/../lib/gcc/riscv64-unknown-elf/8.3.0/../../../../riscv64-unknown-elf/lib/rv32imac/ilp32\libgloss_nano.a(sys_times.o)
                0x0000000008007aea                _times
 .text._write   0x0000000008007b52       0x34 c:/users/jesper/documents/ml_sommarjobb/toolchain-gd32v-v201-win/toolchain-gd32v-v201-win/compiler/bin/../lib/gcc/riscv64-unknown-elf/8.3.0/../../../../riscv64-unknown-elf/lib/rv32imac/ilp32\libgloss_nano.a(sys_write.o)
                0x0000000008007b52                _write
 .text._gettimeofday
                0x0000000008007b86       0x38 c:/users/jesper/documents/ml_sommarjobb/toolchain-gd32v-v201-win/toolchain-gd32v-v201-win/compiler/bin/../lib/gcc/riscv64-unknown-elf/8.3.0/../../../../riscv64-unknown-elf/lib/rv32imac/ilp32\libgloss_nano.a(sys_gettimeofday.o)
                0x0000000008007b86                _gettimeofday
 *(.gnu.linkonce.t.*)

.sdata2._global_impure_ptr
                0x0000000008007bc0        0x4
 .sdata2._global_impure_ptr
                0x0000000008007bc0        0x4 c:/users/jesper/documents/ml_sommarjobb/toolchain-gd32v-v201-win/toolchain-gd32v-v201-win/compiler/bin/../lib/gcc/riscv64-unknown-elf/8.3.0/../../../../riscv64-unknown-elf/lib/rv32imac/ilp32\libc_nano.a(lib_a-impure.o)
                0x0000000008007bc0                _global_impure_ptr

.rela.dyn       0x0000000008007bc4        0x0
 .rela.text._sbrk
                0x0000000008007bc4        0x0 build/system_gd32vf103.o
 .rela.sdata.curbrk.1524
                0x0000000008007bc4        0x0 build/system_gd32vf103.o
 .rela.text.handle_trap
                0x0000000008007bc4        0x0 build/system_gd32vf103.o
 .rela.text.tm_run
                0x0000000008007bc4        0x0 build/system_gd32vf103.o
 .rela.text.startup.main
                0x0000000008007bc4        0x0 build/system_gd32vf103.o
 .rela.init     0x0000000008007bc4        0x0 build/system_gd32vf103.o
 .rela.text.trap
                0x0000000008007bc4        0x0 build/system_gd32vf103.o
 .rela.text.__libc_fini_array
                0x0000000008007bc4        0x0 build/system_gd32vf103.o
 .rela.text.__libc_init_array
                0x0000000008007bc4        0x0 build/system_gd32vf103.o
 .rela.text._sbrk_r
                0x0000000008007bc4        0x0 build/system_gd32vf103.o
 .rela.text._write_r
                0x0000000008007bc4        0x0 build/system_gd32vf103.o
 .rela.text.__register_exitproc
                0x0000000008007bc4        0x0 build/system_gd32vf103.o
 .rela.text._vfprintf_r
                0x0000000008007bc4        0x0 build/system_gd32vf103.o
 .rela.text._close_r
                0x0000000008007bc4        0x0 build/system_gd32vf103.o
 .rela.text._fstat_r
                0x0000000008007bc4        0x0 build/system_gd32vf103.o
 .rela.text._isatty_r
                0x0000000008007bc4        0x0 build/system_gd32vf103.o
 .rela.text._lseek_r
                0x0000000008007bc4        0x0 build/system_gd32vf103.o
 .rela.text._read_r
                0x0000000008007bc4        0x0 build/system_gd32vf103.o

.fini
 *(SORT_NONE(.fini))
                0x0000000008007bc4                . = ALIGN (0x4)
                [!provide]                        PROVIDE (__etext = .)
                [!provide]                        PROVIDE (_etext = .)
                [!provide]                        PROVIDE (etext = .)
                [!provide]                        PROVIDE (_eilm = .)

.preinit_array  0x0000000008007bc4        0x0
                0x0000000008007bc4                PROVIDE (__preinit_array_start = .)
 *(.preinit_array)
                0x0000000008007bc4                PROVIDE (__preinit_array_end = .)

.init_array     0x0000000008007bc4        0x0
                0x0000000008007bc4                PROVIDE (__init_array_start = .)
 *(SORT_BY_INIT_PRIORITY(.init_array.*) SORT_BY_INIT_PRIORITY(.ctors.*))
 *(.init_array EXCLUDE_FILE(*crtend?.o *crtend.o *crtbegin?.o *crtbegin.o) .ctors)
                0x0000000008007bc4                PROVIDE (__init_array_end = .)

.fini_array     0x0000000008007bc4        0x0
                0x0000000008007bc4                PROVIDE (__fini_array_start = .)
 *(SORT_BY_INIT_PRIORITY(.fini_array.*) SORT_BY_INIT_PRIORITY(.dtors.*))
 *(.fini_array EXCLUDE_FILE(*crtend?.o *crtend.o *crtbegin?.o *crtbegin.o) .dtors)
                0x0000000008007bc4                PROVIDE (__fini_array_end = .)

.ctors
 *crtbegin.o(.ctors)
 *crtbegin?.o(.ctors)
 *(EXCLUDE_FILE(*crtend?.o *crtend.o) .ctors)
 *(SORT_BY_NAME(.ctors.*))
 *(.ctors)

.dtors
 *crtbegin.o(.dtors)
 *crtbegin?.o(.dtors)
 *(EXCLUDE_FILE(*crtend?.o *crtend.o) .dtors)
 *(SORT_BY_NAME(.dtors.*))
 *(.dtors)
                0x0000000008007bc4                . = ALIGN (0x4)
                [!provide]                        PROVIDE (_eilm = .)

.lalign         0x0000000008007bc4        0x0
                0x0000000008007bc4                . = ALIGN (0x4)
                0x0000000008007bc4                PROVIDE (_data_lma = .)

.dalign         0x0000000020000000        0x0 load address 0x0000000008007bc4
                0x0000000020000000                . = ALIGN (0x4)
                0x0000000020000000                PROVIDE (_data = .)

.data           0x0000000020000000      0x3f0 load address 0x0000000008007bc4
 *(.rdata)
 *(.gnu.linkonce.r.*)
 *(.data .data.*)
 .data.mnist_pic
                0x0000000020000000      0x310 build/main.o
                0x0000000020000000                mnist_pic
 .data.impure_data
                0x0000000020000310       0x60 c:/users/jesper/documents/ml_sommarjobb/toolchain-gd32v-v201-win/toolchain-gd32v-v201-win/compiler/bin/../lib/gcc/riscv64-unknown-elf/8.3.0/../../../../riscv64-unknown-elf/lib/rv32imac/ilp32\libc_nano.a(lib_a-impure.o)
 *(.gnu.linkonce.d.*)
                0x0000000020000370                . = ALIGN (0x8)
                0x0000000020000b70                PROVIDE (__global_pointer$ = (. + 0x800))
 *(.sdata .sdata.*)
 .sdata.curbrk.1524
                0x0000000020000370        0x4 build/sbrk.o
 .sdata._impure_ptr
                0x0000000020000374        0x4 c:/users/jesper/documents/ml_sommarjobb/toolchain-gd32v-v201-win/toolchain-gd32v-v201-win/compiler/bin/../lib/gcc/riscv64-unknown-elf/8.3.0/../../../../riscv64-unknown-elf/lib/rv32imac/ilp32\libc_nano.a(lib_a-impure.o)
                0x0000000020000374                _impure_ptr
 *(.gnu.linkonce.s.*)
                0x0000000020000378                . = ALIGN (0x8)
 *(.srodata.cst16)
 *(.srodata.cst8)
 .srodata.cst8  0x0000000020000378       0x18 c:/users/jesper/documents/ml_sommarjobb/toolchain-gd32v-v201-win/toolchain-gd32v-v201-win/compiler/bin/../lib/gcc/riscv64-unknown-elf/8.3.0/../../../../riscv64-unknown-elf/lib/rv32imac/ilp32\libm.a(lib_a-w_exp.o)
 .srodata.cst8  0x0000000020000390       0x60 c:/users/jesper/documents/ml_sommarjobb/toolchain-gd32v-v201-win/toolchain-gd32v-v201-win/compiler/bin/../lib/gcc/riscv64-unknown-elf/8.3.0/../../../../riscv64-unknown-elf/lib/rv32imac/ilp32\libm.a(lib_a-e_exp.o)
                                         0x70 (size before relaxing)
 *(.srodata.cst4)
 *(.srodata.cst2)
 *(.srodata .srodata.*)
                0x00000000200003f0                . = ALIGN (0x4)
                0x00000000200003f0                PROVIDE (_edata = .)
                [!provide]                        PROVIDE (edata = .)
                [!provide]                        PROVIDE (_fbss = .)
                0x00000000200003f0                PROVIDE (__bss_start = .)

.bss            0x00000000200003f0     0x19b4
 *(.sbss*)
 .sbss          0x00000000200003f0        0x4 c:/users/jesper/documents/ml_sommarjobb/toolchain-gd32v-v201-win/toolchain-gd32v-v201-win/compiler/bin/../lib/gcc/riscv64-unknown-elf/8.3.0/../../../../riscv64-unknown-elf/lib/rv32imac/ilp32\libm.a(lib_a-s_lib_ver.o)
                0x00000000200003f0                __fdlib_version
 .sbss.__malloc_free_list
                0x00000000200003f4        0x4 c:/users/jesper/documents/ml_sommarjobb/toolchain-gd32v-v201-win/toolchain-gd32v-v201-win/compiler/bin/../lib/gcc/riscv64-unknown-elf/8.3.0/../../../../riscv64-unknown-elf/lib/rv32imac/ilp32\libc_nano.a(lib_a-nano-mallocr.o)
                0x00000000200003f4                __malloc_free_list
 .sbss.__malloc_sbrk_start
                0x00000000200003f8        0x4 c:/users/jesper/documents/ml_sommarjobb/toolchain-gd32v-v201-win/toolchain-gd32v-v201-win/compiler/bin/../lib/gcc/riscv64-unknown-elf/8.3.0/../../../../riscv64-unknown-elf/lib/rv32imac/ilp32\libc_nano.a(lib_a-nano-mallocr.o)
                0x00000000200003f8                __malloc_sbrk_start
 .sbss._global_atexit
                0x00000000200003fc        0x4 c:/users/jesper/documents/ml_sommarjobb/toolchain-gd32v-v201-win/toolchain-gd32v-v201-win/compiler/bin/../lib/gcc/riscv64-unknown-elf/8.3.0/../../../../riscv64-unknown-elf/lib/rv32imac/ilp32\libc_nano.a(lib_a-__call_atexit.o)
                0x00000000200003fc                _global_atexit
 *(.gnu.linkonce.sb.*)
 *(.bss .bss.*)
 .bss.k_oft     0x0000000020000400       0x64 build/tm_layers.o
 .bss.sbuf      0x0000000020000464      0x900 build/tm_layers.o
 .bss.sumscale  0x0000000020000d64      0xfa0 build/tm_layers.o
 .bss._global_atexit0
                0x0000000020001d04       0x8c c:/users/jesper/documents/ml_sommarjobb/toolchain-gd32v-v201-win/toolchain-gd32v-v201-win/compiler/bin/../lib/gcc/riscv64-unknown-elf/8.3.0/../../../../riscv64-unknown-elf/lib/rv32imac/ilp32\libc_nano.a(lib_a-__atexit.o)
 .bss.t0.2073   0x0000000020001d90       0x10 c:/users/jesper/documents/ml_sommarjobb/toolchain-gd32v-v201-win/toolchain-gd32v-v201-win/compiler/bin/../lib/gcc/riscv64-unknown-elf/8.3.0/../../../../riscv64-unknown-elf/lib/rv32imac/ilp32\libgloss_nano.a(sys_times.o)
 *(.gnu.linkonce.b.*)
 *(COMMON)
 COMMON         0x0000000020001da0        0x4 c:/users/jesper/documents/ml_sommarjobb/toolchain-gd32v-v201-win/toolchain-gd32v-v201-win/compiler/bin/../lib/gcc/riscv64-unknown-elf/8.3.0/../../../../riscv64-unknown-elf/lib/rv32imac/ilp32\libc_nano.a(lib_a-reent.o)
                0x0000000020001da0                errno
                0x0000000020001da4                . = ALIGN (0x4)
                0x0000000020001da8                . = ALIGN (0x8)
                0x0000000020001da8                PROVIDE (_end = .)
                [!provide]                        PROVIDE (end = .)

.stack          0x0000000020007000     0x1000 load address 0x0000000020001da4
                0x0000000020007000                PROVIDE (_heap_end = .)
                0x0000000000001000                . = __stack_size
 *fill*         0x0000000020007000     0x1000 
                0x0000000020008000                PROVIDE (_sp = .)
                0x0000000000001000                . = (__dbg_stack_size + __stack_size)
                [!provide]                        PROVIDE (_dbg_sp = .)
OUTPUT(build/gd32vf103.elf elf32-littleriscv)

.debug_info     0x0000000000000000    0x12c00
 .debug_info    0x0000000000000000      0x203 build/system_gd32vf103.o
 .debug_info    0x0000000000000203      0x1bb build/write_hex.o
 .debug_info    0x00000000000003be       0xd0 build/sbrk.o
 .debug_info    0x000000000000048e      0xacd build/close.o
 .debug_info    0x0000000000000f5b      0xb29 build/lseek.o
 .debug_info    0x0000000000001a84      0x1d3 build/_exit.o
 .debug_info    0x0000000000001c57      0x108 build/isatty.o
 .debug_info    0x0000000000001d5f      0xd59 build/fstat.o
 .debug_info    0x0000000000002ab8      0xb01 build/read.o
 .debug_info    0x00000000000035b9     0x18a2 build/n200_func.o
 .debug_info    0x0000000000004e5b      0xb4f build/handlers.o
 .debug_info    0x00000000000059aa      0xcb0 build/init.o
 .debug_info    0x000000000000665a     0x164c build/tm_model.o
 .debug_info    0x0000000000007ca6     0x1c99 build/tm_layers.o
 .debug_info    0x000000000000993f     0x127a build/tm_stat.o
 .debug_info    0x000000000000abb9     0x1363 build/main.o
 .debug_info    0x000000000000bf1c       0x26 build/start.o
 .debug_info    0x000000000000bf42       0x22 build/entry.o
 .debug_info    0x000000000000bf64     0x1245 c:/users/jesper/documents/ml_sommarjobb/toolchain-gd32v-v201-win/toolchain-gd32v-v201-win/compiler/bin/../lib/gcc/riscv64-unknown-elf/8.3.0/rv32imac/ilp32\libgcc.a(_udivdi3.o)
 .debug_info    0x000000000000d1a9      0x5a5 c:/users/jesper/documents/ml_sommarjobb/toolchain-gd32v-v201-win/toolchain-gd32v-v201-win/compiler/bin/../lib/gcc/riscv64-unknown-elf/8.3.0/rv32imac/ilp32\libgcc.a(adddf3.o)
 .debug_info    0x000000000000d74e      0x734 c:/users/jesper/documents/ml_sommarjobb/toolchain-gd32v-v201-win/toolchain-gd32v-v201-win/compiler/bin/../lib/gcc/riscv64-unknown-elf/8.3.0/rv32imac/ilp32\libgcc.a(divdf3.o)
 .debug_info    0x000000000000de82      0x286 c:/users/jesper/documents/ml_sommarjobb/toolchain-gd32v-v201-win/toolchain-gd32v-v201-win/compiler/bin/../lib/gcc/riscv64-unknown-elf/8.3.0/rv32imac/ilp32\libgcc.a(gedf2.o)
 .debug_info    0x000000000000e108      0x286 c:/users/jesper/documents/ml_sommarjobb/toolchain-gd32v-v201-win/toolchain-gd32v-v201-win/compiler/bin/../lib/gcc/riscv64-unknown-elf/8.3.0/rv32imac/ilp32\libgcc.a(ledf2.o)
 .debug_info    0x000000000000e38e      0x76c c:/users/jesper/documents/ml_sommarjobb/toolchain-gd32v-v201-win/toolchain-gd32v-v201-win/compiler/bin/../lib/gcc/riscv64-unknown-elf/8.3.0/rv32imac/ilp32\libgcc.a(muldf3.o)
 .debug_info    0x000000000000eafa      0x5a5 c:/users/jesper/documents/ml_sommarjobb/toolchain-gd32v-v201-win/toolchain-gd32v-v201-win/compiler/bin/../lib/gcc/riscv64-unknown-elf/8.3.0/rv32imac/ilp32\libgcc.a(subdf3.o)
 .debug_info    0x000000000000f09f      0x217 c:/users/jesper/documents/ml_sommarjobb/toolchain-gd32v-v201-win/toolchain-gd32v-v201-win/compiler/bin/../lib/gcc/riscv64-unknown-elf/8.3.0/rv32imac/ilp32\libgcc.a(fixdfsi.o)
 .debug_info    0x000000000000f2b6      0x2c0 c:/users/jesper/documents/ml_sommarjobb/toolchain-gd32v-v201-win/toolchain-gd32v-v201-win/compiler/bin/../lib/gcc/riscv64-unknown-elf/8.3.0/rv32imac/ilp32\libgcc.a(floatsidf.o)
 .debug_info    0x000000000000f576      0x2af c:/users/jesper/documents/ml_sommarjobb/toolchain-gd32v-v201-win/toolchain-gd32v-v201-win/compiler/bin/../lib/gcc/riscv64-unknown-elf/8.3.0/rv32imac/ilp32\libgcc.a(floatunsidf.o)
 .debug_info    0x000000000000f825      0x351 c:/users/jesper/documents/ml_sommarjobb/toolchain-gd32v-v201-win/toolchain-gd32v-v201-win/compiler/bin/../lib/gcc/riscv64-unknown-elf/8.3.0/rv32imac/ilp32\libgcc.a(addsf3.o)
 .debug_info    0x000000000000fb76      0x3bf c:/users/jesper/documents/ml_sommarjobb/toolchain-gd32v-v201-win/toolchain-gd32v-v201-win/compiler/bin/../lib/gcc/riscv64-unknown-elf/8.3.0/rv32imac/ilp32\libgcc.a(divsf3.o)
 .debug_info    0x000000000000ff35      0x264 c:/users/jesper/documents/ml_sommarjobb/toolchain-gd32v-v201-win/toolchain-gd32v-v201-win/compiler/bin/../lib/gcc/riscv64-unknown-elf/8.3.0/rv32imac/ilp32\libgcc.a(gesf2.o)
 .debug_info    0x0000000000010199      0x3ac c:/users/jesper/documents/ml_sommarjobb/toolchain-gd32v-v201-win/toolchain-gd32v-v201-win/compiler/bin/../lib/gcc/riscv64-unknown-elf/8.3.0/rv32imac/ilp32\libgcc.a(mulsf3.o)
 .debug_info    0x0000000000010545      0x351 c:/users/jesper/documents/ml_sommarjobb/toolchain-gd32v-v201-win/toolchain-gd32v-v201-win/compiler/bin/../lib/gcc/riscv64-unknown-elf/8.3.0/rv32imac/ilp32\libgcc.a(subsf3.o)
 .debug_info    0x0000000000010896      0x1f7 c:/users/jesper/documents/ml_sommarjobb/toolchain-gd32v-v201-win/toolchain-gd32v-v201-win/compiler/bin/../lib/gcc/riscv64-unknown-elf/8.3.0/rv32imac/ilp32\libgcc.a(fixsfsi.o)
 .debug_info    0x0000000000010a8d      0x25d c:/users/jesper/documents/ml_sommarjobb/toolchain-gd32v-v201-win/toolchain-gd32v-v201-win/compiler/bin/../lib/gcc/riscv64-unknown-elf/8.3.0/rv32imac/ilp32\libgcc.a(floatsisf.o)
 .debug_info    0x0000000000010cea      0x24a c:/users/jesper/documents/ml_sommarjobb/toolchain-gd32v-v201-win/toolchain-gd32v-v201-win/compiler/bin/../lib/gcc/riscv64-unknown-elf/8.3.0/rv32imac/ilp32\libgcc.a(floatunsisf.o)
 .debug_info    0x0000000000010f34      0x2a9 c:/users/jesper/documents/ml_sommarjobb/toolchain-gd32v-v201-win/toolchain-gd32v-v201-win/compiler/bin/../lib/gcc/riscv64-unknown-elf/8.3.0/rv32imac/ilp32\libgcc.a(extendsfdf2.o)
 .debug_info    0x00000000000111dd      0x2e2 c:/users/jesper/documents/ml_sommarjobb/toolchain-gd32v-v201-win/toolchain-gd32v-v201-win/compiler/bin/../lib/gcc/riscv64-unknown-elf/8.3.0/rv32imac/ilp32\libgcc.a(truncdfsf2.o)
 .debug_info    0x00000000000114bf      0xb6a c:/users/jesper/documents/ml_sommarjobb/toolchain-gd32v-v201-win/toolchain-gd32v-v201-win/compiler/bin/../lib/gcc/riscv64-unknown-elf/8.3.0/rv32imac/ilp32\libgcc.a(_clz.o)
 .debug_info    0x0000000000012029      0xbd7 c:/users/jesper/documents/ml_sommarjobb/toolchain-gd32v-v201-win/toolchain-gd32v-v201-win/compiler/bin/../lib/gcc/riscv64-unknown-elf/8.3.0/rv32imac/ilp32\libgcc.a(_clzsi2.o)

.debug_abbrev   0x0000000000000000     0x46de
 .debug_abbrev  0x0000000000000000       0xe0 build/system_gd32vf103.o
 .debug_abbrev  0x00000000000000e0       0xfa build/write_hex.o
 .debug_abbrev  0x00000000000001da       0xac build/sbrk.o
 .debug_abbrev  0x0000000000000286      0x1eb build/close.o
 .debug_abbrev  0x0000000000000471      0x218 build/lseek.o
 .debug_abbrev  0x0000000000000689       0xec build/_exit.o
 .debug_abbrev  0x0000000000000775       0x75 build/isatty.o
 .debug_abbrev  0x00000000000007ea      0x218 build/fstat.o
 .debug_abbrev  0x0000000000000a02      0x1fc build/read.o
 .debug_abbrev  0x0000000000000bfe      0x4db build/n200_func.o
 .debug_abbrev  0x00000000000010d9      0x234 build/handlers.o
 .debug_abbrev  0x000000000000130d      0x22b build/init.o
 .debug_abbrev  0x0000000000001538      0x345 build/tm_model.o
 .debug_abbrev  0x000000000000187d      0x3ea build/tm_layers.o
 .debug_abbrev  0x0000000000001c67      0x283 build/tm_stat.o
 .debug_abbrev  0x0000000000001eea      0x37e build/main.o
 .debug_abbrev  0x0000000000002268       0x14 build/start.o
 .debug_abbrev  0x000000000000227c       0x12 build/entry.o
 .debug_abbrev  0x000000000000228e      0x2cc c:/users/jesper/documents/ml_sommarjobb/toolchain-gd32v-v201-win/toolchain-gd32v-v201-win/compiler/bin/../lib/gcc/riscv64-unknown-elf/8.3.0/rv32imac/ilp32\libgcc.a(_udivdi3.o)
 .debug_abbrev  0x000000000000255a      0x196 c:/users/jesper/documents/ml_sommarjobb/toolchain-gd32v-v201-win/toolchain-gd32v-v201-win/compiler/bin/../lib/gcc/riscv64-unknown-elf/8.3.0/rv32imac/ilp32\libgcc.a(adddf3.o)
 .debug_abbrev  0x00000000000026f0      0x187 c:/users/jesper/documents/ml_sommarjobb/toolchain-gd32v-v201-win/toolchain-gd32v-v201-win/compiler/bin/../lib/gcc/riscv64-unknown-elf/8.3.0/rv32imac/ilp32\libgcc.a(divdf3.o)
 .debug_abbrev  0x0000000000002877      0x199 c:/users/jesper/documents/ml_sommarjobb/toolchain-gd32v-v201-win/toolchain-gd32v-v201-win/compiler/bin/../lib/gcc/riscv64-unknown-elf/8.3.0/rv32imac/ilp32\libgcc.a(gedf2.o)
 .debug_abbrev  0x0000000000002a10      0x199 c:/users/jesper/documents/ml_sommarjobb/toolchain-gd32v-v201-win/toolchain-gd32v-v201-win/compiler/bin/../lib/gcc/riscv64-unknown-elf/8.3.0/rv32imac/ilp32\libgcc.a(ledf2.o)
 .debug_abbrev  0x0000000000002ba9      0x197 c:/users/jesper/documents/ml_sommarjobb/toolchain-gd32v-v201-win/toolchain-gd32v-v201-win/compiler/bin/../lib/gcc/riscv64-unknown-elf/8.3.0/rv32imac/ilp32\libgcc.a(muldf3.o)
 .debug_abbrev  0x0000000000002d40      0x196 c:/users/jesper/documents/ml_sommarjobb/toolchain-gd32v-v201-win/toolchain-gd32v-v201-win/compiler/bin/../lib/gcc/riscv64-unknown-elf/8.3.0/rv32imac/ilp32\libgcc.a(subdf3.o)
 .debug_abbrev  0x0000000000002ed6      0x18a c:/users/jesper/documents/ml_sommarjobb/toolchain-gd32v-v201-win/toolchain-gd32v-v201-win/compiler/bin/../lib/gcc/riscv64-unknown-elf/8.3.0/rv32imac/ilp32\libgcc.a(fixdfsi.o)
 .debug_abbrev  0x0000000000003060      0x181 c:/users/jesper/documents/ml_sommarjobb/toolchain-gd32v-v201-win/toolchain-gd32v-v201-win/compiler/bin/../lib/gcc/riscv64-unknown-elf/8.3.0/rv32imac/ilp32\libgcc.a(floatsidf.o)
 .debug_abbrev  0x00000000000031e1      0x178 c:/users/jesper/documents/ml_sommarjobb/toolchain-gd32v-v201-win/toolchain-gd32v-v201-win/compiler/bin/../lib/gcc/riscv64-unknown-elf/8.3.0/rv32imac/ilp32\libgcc.a(floatunsidf.o)
 .debug_abbrev  0x0000000000003359      0x191 c:/users/jesper/documents/ml_sommarjobb/toolchain-gd32v-v201-win/toolchain-gd32v-v201-win/compiler/bin/../lib/gcc/riscv64-unknown-elf/8.3.0/rv32imac/ilp32\libgcc.a(addsf3.o)
 .debug_abbrev  0x00000000000034ea      0x17a c:/users/jesper/documents/ml_sommarjobb/toolchain-gd32v-v201-win/toolchain-gd32v-v201-win/compiler/bin/../lib/gcc/riscv64-unknown-elf/8.3.0/rv32imac/ilp32\libgcc.a(divsf3.o)
 .debug_abbrev  0x0000000000003664      0x188 c:/users/jesper/documents/ml_sommarjobb/toolchain-gd32v-v201-win/toolchain-gd32v-v201-win/compiler/bin/../lib/gcc/riscv64-unknown-elf/8.3.0/rv32imac/ilp32\libgcc.a(gesf2.o)
 .debug_abbrev  0x00000000000037ec      0x17a c:/users/jesper/documents/ml_sommarjobb/toolchain-gd32v-v201-win/toolchain-gd32v-v201-win/compiler/bin/../lib/gcc/riscv64-unknown-elf/8.3.0/rv32imac/ilp32\libgcc.a(mulsf3.o)
 .debug_abbrev  0x0000000000003966      0x191 c:/users/jesper/documents/ml_sommarjobb/toolchain-gd32v-v201-win/toolchain-gd32v-v201-win/compiler/bin/../lib/gcc/riscv64-unknown-elf/8.3.0/rv32imac/ilp32\libgcc.a(subsf3.o)
 .debug_abbrev  0x0000000000003af7      0x18a c:/users/jesper/documents/ml_sommarjobb/toolchain-gd32v-v201-win/toolchain-gd32v-v201-win/compiler/bin/../lib/gcc/riscv64-unknown-elf/8.3.0/rv32imac/ilp32\libgcc.a(fixsfsi.o)
 .debug_abbrev  0x0000000000003c81      0x198 c:/users/jesper/documents/ml_sommarjobb/toolchain-gd32v-v201-win/toolchain-gd32v-v201-win/compiler/bin/../lib/gcc/riscv64-unknown-elf/8.3.0/rv32imac/ilp32\libgcc.a(floatsisf.o)
 .debug_abbrev  0x0000000000003e19      0x1a9 c:/users/jesper/documents/ml_sommarjobb/toolchain-gd32v-v201-win/toolchain-gd32v-v201-win/compiler/bin/../lib/gcc/riscv64-unknown-elf/8.3.0/rv32imac/ilp32\libgcc.a(floatunsisf.o)
 .debug_abbrev  0x0000000000003fc2      0x17b c:/users/jesper/documents/ml_sommarjobb/toolchain-gd32v-v201-win/toolchain-gd32v-v201-win/compiler/bin/../lib/gcc/riscv64-unknown-elf/8.3.0/rv32imac/ilp32\libgcc.a(extendsfdf2.o)
 .debug_abbrev  0x000000000000413d      0x177 c:/users/jesper/documents/ml_sommarjobb/toolchain-gd32v-v201-win/toolchain-gd32v-v201-win/compiler/bin/../lib/gcc/riscv64-unknown-elf/8.3.0/rv32imac/ilp32\libgcc.a(truncdfsf2.o)
 .debug_abbrev  0x00000000000042b4      0x1e8 c:/users/jesper/documents/ml_sommarjobb/toolchain-gd32v-v201-win/toolchain-gd32v-v201-win/compiler/bin/../lib/gcc/riscv64-unknown-elf/8.3.0/rv32imac/ilp32\libgcc.a(_clz.o)
 .debug_abbrev  0x000000000000449c      0x242 c:/users/jesper/documents/ml_sommarjobb/toolchain-gd32v-v201-win/toolchain-gd32v-v201-win/compiler/bin/../lib/gcc/riscv64-unknown-elf/8.3.0/rv32imac/ilp32\libgcc.a(_clzsi2.o)

.debug_loc      0x0000000000000000     0xd3c9
 .debug_loc     0x0000000000000000      0x173 build/system_gd32vf103.o
 .debug_loc     0x0000000000000173      0x101 build/write_hex.o
 .debug_loc     0x0000000000000274       0x21 build/sbrk.o
 .debug_loc     0x0000000000000295       0x21 build/close.o
 .debug_loc     0x00000000000002b6       0x8f build/lseek.o
 .debug_loc     0x0000000000000345       0x3e build/_exit.o
 .debug_loc     0x0000000000000383       0x2e build/isatty.o
 .debug_loc     0x00000000000003b1       0x90 build/fstat.o
 .debug_loc     0x0000000000000441       0x21 build/read.o
 .debug_loc     0x0000000000000462      0xa1d build/n200_func.o
 .debug_loc     0x0000000000000e7f       0x7f build/handlers.o
 .debug_loc     0x0000000000000efe       0x2c build/init.o
 .debug_loc     0x0000000000000f2a      0x5bc build/tm_model.o
 .debug_loc     0x00000000000014e6     0x36ec build/tm_layers.o
 .debug_loc     0x0000000000004bd2      0x24a build/tm_stat.o
 .debug_loc     0x0000000000004e1c      0x2ac build/main.o
 .debug_loc     0x00000000000050c8      0xbd0 c:/users/jesper/documents/ml_sommarjobb/toolchain-gd32v-v201-win/toolchain-gd32v-v201-win/compiler/bin/../lib/gcc/riscv64-unknown-elf/8.3.0/rv32imac/ilp32\libgcc.a(_udivdi3.o)
 .debug_loc     0x0000000000005c98     0x1207 c:/users/jesper/documents/ml_sommarjobb/toolchain-gd32v-v201-win/toolchain-gd32v-v201-win/compiler/bin/../lib/gcc/riscv64-unknown-elf/8.3.0/rv32imac/ilp32\libgcc.a(adddf3.o)
 .debug_loc     0x0000000000006e9f     0x129b c:/users/jesper/documents/ml_sommarjobb/toolchain-gd32v-v201-win/toolchain-gd32v-v201-win/compiler/bin/../lib/gcc/riscv64-unknown-elf/8.3.0/rv32imac/ilp32\libgcc.a(divdf3.o)
 .debug_loc     0x000000000000813a      0x156 c:/users/jesper/documents/ml_sommarjobb/toolchain-gd32v-v201-win/toolchain-gd32v-v201-win/compiler/bin/../lib/gcc/riscv64-unknown-elf/8.3.0/rv32imac/ilp32\libgcc.a(gedf2.o)
 .debug_loc     0x0000000000008290      0x156 c:/users/jesper/documents/ml_sommarjobb/toolchain-gd32v-v201-win/toolchain-gd32v-v201-win/compiler/bin/../lib/gcc/riscv64-unknown-elf/8.3.0/rv32imac/ilp32\libgcc.a(ledf2.o)
 .debug_loc     0x00000000000083e6      0xd6e c:/users/jesper/documents/ml_sommarjobb/toolchain-gd32v-v201-win/toolchain-gd32v-v201-win/compiler/bin/../lib/gcc/riscv64-unknown-elf/8.3.0/rv32imac/ilp32\libgcc.a(muldf3.o)
 .debug_loc     0x0000000000009154     0x1221 c:/users/jesper/documents/ml_sommarjobb/toolchain-gd32v-v201-win/toolchain-gd32v-v201-win/compiler/bin/../lib/gcc/riscv64-unknown-elf/8.3.0/rv32imac/ilp32\libgcc.a(subdf3.o)
 .debug_loc     0x000000000000a375      0x16d c:/users/jesper/documents/ml_sommarjobb/toolchain-gd32v-v201-win/toolchain-gd32v-v201-win/compiler/bin/../lib/gcc/riscv64-unknown-elf/8.3.0/rv32imac/ilp32\libgcc.a(fixdfsi.o)
 .debug_loc     0x000000000000a4e2      0x159 c:/users/jesper/documents/ml_sommarjobb/toolchain-gd32v-v201-win/toolchain-gd32v-v201-win/compiler/bin/../lib/gcc/riscv64-unknown-elf/8.3.0/rv32imac/ilp32\libgcc.a(floatsidf.o)
 .debug_loc     0x000000000000a63b      0x15c c:/users/jesper/documents/ml_sommarjobb/toolchain-gd32v-v201-win/toolchain-gd32v-v201-win/compiler/bin/../lib/gcc/riscv64-unknown-elf/8.3.0/rv32imac/ilp32\libgcc.a(floatunsidf.o)
 .debug_loc     0x000000000000a797      0x83c c:/users/jesper/documents/ml_sommarjobb/toolchain-gd32v-v201-win/toolchain-gd32v-v201-win/compiler/bin/../lib/gcc/riscv64-unknown-elf/8.3.0/rv32imac/ilp32\libgcc.a(addsf3.o)
 .debug_loc     0x000000000000afd3      0x758 c:/users/jesper/documents/ml_sommarjobb/toolchain-gd32v-v201-win/toolchain-gd32v-v201-win/compiler/bin/../lib/gcc/riscv64-unknown-elf/8.3.0/rv32imac/ilp32\libgcc.a(divsf3.o)
 .debug_loc     0x000000000000b72b      0x125 c:/users/jesper/documents/ml_sommarjobb/toolchain-gd32v-v201-win/toolchain-gd32v-v201-win/compiler/bin/../lib/gcc/riscv64-unknown-elf/8.3.0/rv32imac/ilp32\libgcc.a(gesf2.o)
 .debug_loc     0x000000000000b850      0x5e4 c:/users/jesper/documents/ml_sommarjobb/toolchain-gd32v-v201-win/toolchain-gd32v-v201-win/compiler/bin/../lib/gcc/riscv64-unknown-elf/8.3.0/rv32imac/ilp32\libgcc.a(mulsf3.o)
 .debug_loc     0x000000000000be34      0xbdf c:/users/jesper/documents/ml_sommarjobb/toolchain-gd32v-v201-win/toolchain-gd32v-v201-win/compiler/bin/../lib/gcc/riscv64-unknown-elf/8.3.0/rv32imac/ilp32\libgcc.a(subsf3.o)
 .debug_loc     0x000000000000ca13      0x12d c:/users/jesper/documents/ml_sommarjobb/toolchain-gd32v-v201-win/toolchain-gd32v-v201-win/compiler/bin/../lib/gcc/riscv64-unknown-elf/8.3.0/rv32imac/ilp32\libgcc.a(fixsfsi.o)
 .debug_loc     0x000000000000cb40      0x1ac c:/users/jesper/documents/ml_sommarjobb/toolchain-gd32v-v201-win/toolchain-gd32v-v201-win/compiler/bin/../lib/gcc/riscv64-unknown-elf/8.3.0/rv32imac/ilp32\libgcc.a(floatsisf.o)
 .debug_loc     0x000000000000ccec      0x165 c:/users/jesper/documents/ml_sommarjobb/toolchain-gd32v-v201-win/toolchain-gd32v-v201-win/compiler/bin/../lib/gcc/riscv64-unknown-elf/8.3.0/rv32imac/ilp32\libgcc.a(floatunsisf.o)
 .debug_loc     0x000000000000ce51      0x1a4 c:/users/jesper/documents/ml_sommarjobb/toolchain-gd32v-v201-win/toolchain-gd32v-v201-win/compiler/bin/../lib/gcc/riscv64-unknown-elf/8.3.0/rv32imac/ilp32\libgcc.a(extendsfdf2.o)
 .debug_loc     0x000000000000cff5      0x369 c:/users/jesper/documents/ml_sommarjobb/toolchain-gd32v-v201-win/toolchain-gd32v-v201-win/compiler/bin/../lib/gcc/riscv64-unknown-elf/8.3.0/rv32imac/ilp32\libgcc.a(truncdfsf2.o)
 .debug_loc     0x000000000000d35e       0x6b c:/users/jesper/documents/ml_sommarjobb/toolchain-gd32v-v201-win/toolchain-gd32v-v201-win/compiler/bin/../lib/gcc/riscv64-unknown-elf/8.3.0/rv32imac/ilp32\libgcc.a(_clzsi2.o)

.debug_aranges  0x0000000000000000      0x680
 .debug_aranges
                0x0000000000000000       0x28 build/system_gd32vf103.o
 .debug_aranges
                0x0000000000000028       0x20 build/write_hex.o
 .debug_aranges
                0x0000000000000048       0x20 build/sbrk.o
 .debug_aranges
                0x0000000000000068       0x20 build/close.o
 .debug_aranges
                0x0000000000000088       0x20 build/lseek.o
 .debug_aranges
                0x00000000000000a8       0x20 build/_exit.o
 .debug_aranges
                0x00000000000000c8       0x20 build/isatty.o
 .debug_aranges
                0x00000000000000e8       0x20 build/fstat.o
 .debug_aranges
                0x0000000000000108       0x20 build/read.o
 .debug_aranges
                0x0000000000000128      0x140 build/n200_func.o
 .debug_aranges
                0x0000000000000268       0x28 build/handlers.o
 .debug_aranges
                0x0000000000000290       0x28 build/init.o
 .debug_aranges
                0x00000000000002b8       0x38 build/tm_model.o
 .debug_aranges
                0x00000000000002f0       0x48 build/tm_layers.o
 .debug_aranges
                0x0000000000000338       0x20 build/tm_stat.o
 .debug_aranges
                0x0000000000000358       0x28 build/main.o
 .debug_aranges
                0x0000000000000380       0x20 build/start.o
 .debug_aranges
                0x00000000000003a0       0x28 build/entry.o
 .debug_aranges
                0x00000000000003c8       0x20 c:/users/jesper/documents/ml_sommarjobb/toolchain-gd32v-v201-win/toolchain-gd32v-v201-win/compiler/bin/../lib/gcc/riscv64-unknown-elf/8.3.0/rv32imac/ilp32\libgcc.a(_udivdi3.o)
 .debug_aranges
                0x00000000000003e8       0x20 c:/users/jesper/documents/ml_sommarjobb/toolchain-gd32v-v201-win/toolchain-gd32v-v201-win/compiler/bin/../lib/gcc/riscv64-unknown-elf/8.3.0/rv32imac/ilp32\libgcc.a(adddf3.o)
 .debug_aranges
                0x0000000000000408       0x20 c:/users/jesper/documents/ml_sommarjobb/toolchain-gd32v-v201-win/toolchain-gd32v-v201-win/compiler/bin/../lib/gcc/riscv64-unknown-elf/8.3.0/rv32imac/ilp32\libgcc.a(divdf3.o)
 .debug_aranges
                0x0000000000000428       0x20 c:/users/jesper/documents/ml_sommarjobb/toolchain-gd32v-v201-win/toolchain-gd32v-v201-win/compiler/bin/../lib/gcc/riscv64-unknown-elf/8.3.0/rv32imac/ilp32\libgcc.a(gedf2.o)
 .debug_aranges
                0x0000000000000448       0x20 c:/users/jesper/documents/ml_sommarjobb/toolchain-gd32v-v201-win/toolchain-gd32v-v201-win/compiler/bin/../lib/gcc/riscv64-unknown-elf/8.3.0/rv32imac/ilp32\libgcc.a(ledf2.o)
 .debug_aranges
                0x0000000000000468       0x20 c:/users/jesper/documents/ml_sommarjobb/toolchain-gd32v-v201-win/toolchain-gd32v-v201-win/compiler/bin/../lib/gcc/riscv64-unknown-elf/8.3.0/rv32imac/ilp32\libgcc.a(muldf3.o)
 .debug_aranges
                0x0000000000000488       0x20 c:/users/jesper/documents/ml_sommarjobb/toolchain-gd32v-v201-win/toolchain-gd32v-v201-win/compiler/bin/../lib/gcc/riscv64-unknown-elf/8.3.0/rv32imac/ilp32\libgcc.a(subdf3.o)
 .debug_aranges
                0x00000000000004a8       0x20 c:/users/jesper/documents/ml_sommarjobb/toolchain-gd32v-v201-win/toolchain-gd32v-v201-win/compiler/bin/../lib/gcc/riscv64-unknown-elf/8.3.0/rv32imac/ilp32\libgcc.a(fixdfsi.o)
 .debug_aranges
                0x00000000000004c8       0x20 c:/users/jesper/documents/ml_sommarjobb/toolchain-gd32v-v201-win/toolchain-gd32v-v201-win/compiler/bin/../lib/gcc/riscv64-unknown-elf/8.3.0/rv32imac/ilp32\libgcc.a(floatsidf.o)
 .debug_aranges
                0x00000000000004e8       0x20 c:/users/jesper/documents/ml_sommarjobb/toolchain-gd32v-v201-win/toolchain-gd32v-v201-win/compiler/bin/../lib/gcc/riscv64-unknown-elf/8.3.0/rv32imac/ilp32\libgcc.a(floatunsidf.o)
 .debug_aranges
                0x0000000000000508       0x20 c:/users/jesper/documents/ml_sommarjobb/toolchain-gd32v-v201-win/toolchain-gd32v-v201-win/compiler/bin/../lib/gcc/riscv64-unknown-elf/8.3.0/rv32imac/ilp32\libgcc.a(addsf3.o)
 .debug_aranges
                0x0000000000000528       0x20 c:/users/jesper/documents/ml_sommarjobb/toolchain-gd32v-v201-win/toolchain-gd32v-v201-win/compiler/bin/../lib/gcc/riscv64-unknown-elf/8.3.0/rv32imac/ilp32\libgcc.a(divsf3.o)
 .debug_aranges
                0x0000000000000548       0x20 c:/users/jesper/documents/ml_sommarjobb/toolchain-gd32v-v201-win/toolchain-gd32v-v201-win/compiler/bin/../lib/gcc/riscv64-unknown-elf/8.3.0/rv32imac/ilp32\libgcc.a(gesf2.o)
 .debug_aranges
                0x0000000000000568       0x20 c:/users/jesper/documents/ml_sommarjobb/toolchain-gd32v-v201-win/toolchain-gd32v-v201-win/compiler/bin/../lib/gcc/riscv64-unknown-elf/8.3.0/rv32imac/ilp32\libgcc.a(mulsf3.o)
 .debug_aranges
                0x0000000000000588       0x20 c:/users/jesper/documents/ml_sommarjobb/toolchain-gd32v-v201-win/toolchain-gd32v-v201-win/compiler/bin/../lib/gcc/riscv64-unknown-elf/8.3.0/rv32imac/ilp32\libgcc.a(subsf3.o)
 .debug_aranges
                0x00000000000005a8       0x20 c:/users/jesper/documents/ml_sommarjobb/toolchain-gd32v-v201-win/toolchain-gd32v-v201-win/compiler/bin/../lib/gcc/riscv64-unknown-elf/8.3.0/rv32imac/ilp32\libgcc.a(fixsfsi.o)
 .debug_aranges
                0x00000000000005c8       0x20 c:/users/jesper/documents/ml_sommarjobb/toolchain-gd32v-v201-win/toolchain-gd32v-v201-win/compiler/bin/../lib/gcc/riscv64-unknown-elf/8.3.0/rv32imac/ilp32\libgcc.a(floatsisf.o)
 .debug_aranges
                0x00000000000005e8       0x20 c:/users/jesper/documents/ml_sommarjobb/toolchain-gd32v-v201-win/toolchain-gd32v-v201-win/compiler/bin/../lib/gcc/riscv64-unknown-elf/8.3.0/rv32imac/ilp32\libgcc.a(floatunsisf.o)
 .debug_aranges
                0x0000000000000608       0x20 c:/users/jesper/documents/ml_sommarjobb/toolchain-gd32v-v201-win/toolchain-gd32v-v201-win/compiler/bin/../lib/gcc/riscv64-unknown-elf/8.3.0/rv32imac/ilp32\libgcc.a(extendsfdf2.o)
 .debug_aranges
                0x0000000000000628       0x20 c:/users/jesper/documents/ml_sommarjobb/toolchain-gd32v-v201-win/toolchain-gd32v-v201-win/compiler/bin/../lib/gcc/riscv64-unknown-elf/8.3.0/rv32imac/ilp32\libgcc.a(truncdfsf2.o)
 .debug_aranges
                0x0000000000000648       0x18 c:/users/jesper/documents/ml_sommarjobb/toolchain-gd32v-v201-win/toolchain-gd32v-v201-win/compiler/bin/../lib/gcc/riscv64-unknown-elf/8.3.0/rv32imac/ilp32\libgcc.a(_clz.o)
 .debug_aranges
                0x0000000000000660       0x20 c:/users/jesper/documents/ml_sommarjobb/toolchain-gd32v-v201-win/toolchain-gd32v-v201-win/compiler/bin/../lib/gcc/riscv64-unknown-elf/8.3.0/rv32imac/ilp32\libgcc.a(_clzsi2.o)

.debug_ranges   0x0000000000000000     0x19f0
 .debug_ranges  0x0000000000000000       0x18 build/system_gd32vf103.o
 .debug_ranges  0x0000000000000018       0x30 build/write_hex.o
 .debug_ranges  0x0000000000000048       0x10 build/sbrk.o
 .debug_ranges  0x0000000000000058       0x10 build/close.o
 .debug_ranges  0x0000000000000068       0x10 build/lseek.o
 .debug_ranges  0x0000000000000078       0x10 build/_exit.o
 .debug_ranges  0x0000000000000088       0x10 build/isatty.o
 .debug_ranges  0x0000000000000098       0x10 build/fstat.o
 .debug_ranges  0x00000000000000a8       0x10 build/read.o
 .debug_ranges  0x00000000000000b8      0x240 build/n200_func.o
 .debug_ranges  0x00000000000002f8       0x18 build/handlers.o
 .debug_ranges  0x0000000000000310       0x18 build/init.o
 .debug_ranges  0x0000000000000328       0x88 build/tm_model.o
 .debug_ranges  0x00000000000003b0      0x5f8 build/tm_layers.o
 .debug_ranges  0x00000000000009a8       0x88 build/tm_stat.o
 .debug_ranges  0x0000000000000a30       0x48 build/main.o
 .debug_ranges  0x0000000000000a78       0x20 build/entry.o
 .debug_ranges  0x0000000000000a98      0x100 c:/users/jesper/documents/ml_sommarjobb/toolchain-gd32v-v201-win/toolchain-gd32v-v201-win/compiler/bin/../lib/gcc/riscv64-unknown-elf/8.3.0/rv32imac/ilp32\libgcc.a(_udivdi3.o)
 .debug_ranges  0x0000000000000b98      0x210 c:/users/jesper/documents/ml_sommarjobb/toolchain-gd32v-v201-win/toolchain-gd32v-v201-win/compiler/bin/../lib/gcc/riscv64-unknown-elf/8.3.0/rv32imac/ilp32\libgcc.a(adddf3.o)
 .debug_ranges  0x0000000000000da8      0x180 c:/users/jesper/documents/ml_sommarjobb/toolchain-gd32v-v201-win/toolchain-gd32v-v201-win/compiler/bin/../lib/gcc/riscv64-unknown-elf/8.3.0/rv32imac/ilp32\libgcc.a(divdf3.o)
 .debug_ranges  0x0000000000000f28       0x68 c:/users/jesper/documents/ml_sommarjobb/toolchain-gd32v-v201-win/toolchain-gd32v-v201-win/compiler/bin/../lib/gcc/riscv64-unknown-elf/8.3.0/rv32imac/ilp32\libgcc.a(gedf2.o)
 .debug_ranges  0x0000000000000f90       0x68 c:/users/jesper/documents/ml_sommarjobb/toolchain-gd32v-v201-win/toolchain-gd32v-v201-win/compiler/bin/../lib/gcc/riscv64-unknown-elf/8.3.0/rv32imac/ilp32\libgcc.a(ledf2.o)
 .debug_ranges  0x0000000000000ff8      0x1c0 c:/users/jesper/documents/ml_sommarjobb/toolchain-gd32v-v201-win/toolchain-gd32v-v201-win/compiler/bin/../lib/gcc/riscv64-unknown-elf/8.3.0/rv32imac/ilp32\libgcc.a(muldf3.o)
 .debug_ranges  0x00000000000011b8      0x1e8 c:/users/jesper/documents/ml_sommarjobb/toolchain-gd32v-v201-win/toolchain-gd32v-v201-win/compiler/bin/../lib/gcc/riscv64-unknown-elf/8.3.0/rv32imac/ilp32\libgcc.a(subdf3.o)
 .debug_ranges  0x00000000000013a0       0x18 c:/users/jesper/documents/ml_sommarjobb/toolchain-gd32v-v201-win/toolchain-gd32v-v201-win/compiler/bin/../lib/gcc/riscv64-unknown-elf/8.3.0/rv32imac/ilp32\libgcc.a(fixdfsi.o)
 .debug_ranges  0x00000000000013b8       0x50 c:/users/jesper/documents/ml_sommarjobb/toolchain-gd32v-v201-win/toolchain-gd32v-v201-win/compiler/bin/../lib/gcc/riscv64-unknown-elf/8.3.0/rv32imac/ilp32\libgcc.a(floatsidf.o)
 .debug_ranges  0x0000000000001408       0x68 c:/users/jesper/documents/ml_sommarjobb/toolchain-gd32v-v201-win/toolchain-gd32v-v201-win/compiler/bin/../lib/gcc/riscv64-unknown-elf/8.3.0/rv32imac/ilp32\libgcc.a(floatunsidf.o)
 .debug_ranges  0x0000000000001470      0x140 c:/users/jesper/documents/ml_sommarjobb/toolchain-gd32v-v201-win/toolchain-gd32v-v201-win/compiler/bin/../lib/gcc/riscv64-unknown-elf/8.3.0/rv32imac/ilp32\libgcc.a(addsf3.o)
 .debug_ranges  0x00000000000015b0       0xa8 c:/users/jesper/documents/ml_sommarjobb/toolchain-gd32v-v201-win/toolchain-gd32v-v201-win/compiler/bin/../lib/gcc/riscv64-unknown-elf/8.3.0/rv32imac/ilp32\libgcc.a(divsf3.o)
 .debug_ranges  0x0000000000001658       0x60 c:/users/jesper/documents/ml_sommarjobb/toolchain-gd32v-v201-win/toolchain-gd32v-v201-win/compiler/bin/../lib/gcc/riscv64-unknown-elf/8.3.0/rv32imac/ilp32\libgcc.a(gesf2.o)
 .debug_ranges  0x00000000000016b8       0xa8 c:/users/jesper/documents/ml_sommarjobb/toolchain-gd32v-v201-win/toolchain-gd32v-v201-win/compiler/bin/../lib/gcc/riscv64-unknown-elf/8.3.0/rv32imac/ilp32\libgcc.a(mulsf3.o)
 .debug_ranges  0x0000000000001760      0x140 c:/users/jesper/documents/ml_sommarjobb/toolchain-gd32v-v201-win/toolchain-gd32v-v201-win/compiler/bin/../lib/gcc/riscv64-unknown-elf/8.3.0/rv32imac/ilp32\libgcc.a(subsf3.o)
 .debug_ranges  0x00000000000018a0       0x18 c:/users/jesper/documents/ml_sommarjobb/toolchain-gd32v-v201-win/toolchain-gd32v-v201-win/compiler/bin/../lib/gcc/riscv64-unknown-elf/8.3.0/rv32imac/ilp32\libgcc.a(fixsfsi.o)
 .debug_ranges  0x00000000000018b8       0x50 c:/users/jesper/documents/ml_sommarjobb/toolchain-gd32v-v201-win/toolchain-gd32v-v201-win/compiler/bin/../lib/gcc/riscv64-unknown-elf/8.3.0/rv32imac/ilp32\libgcc.a(floatsisf.o)
 .debug_ranges  0x0000000000001908       0x50 c:/users/jesper/documents/ml_sommarjobb/toolchain-gd32v-v201-win/toolchain-gd32v-v201-win/compiler/bin/../lib/gcc/riscv64-unknown-elf/8.3.0/rv32imac/ilp32\libgcc.a(floatunsisf.o)
 .debug_ranges  0x0000000000001958       0x38 c:/users/jesper/documents/ml_sommarjobb/toolchain-gd32v-v201-win/toolchain-gd32v-v201-win/compiler/bin/../lib/gcc/riscv64-unknown-elf/8.3.0/rv32imac/ilp32\libgcc.a(extendsfdf2.o)
 .debug_ranges  0x0000000000001990       0x40 c:/users/jesper/documents/ml_sommarjobb/toolchain-gd32v-v201-win/toolchain-gd32v-v201-win/compiler/bin/../lib/gcc/riscv64-unknown-elf/8.3.0/rv32imac/ilp32\libgcc.a(truncdfsf2.o)
 .debug_ranges  0x00000000000019d0       0x20 c:/users/jesper/documents/ml_sommarjobb/toolchain-gd32v-v201-win/toolchain-gd32v-v201-win/compiler/bin/../lib/gcc/riscv64-unknown-elf/8.3.0/rv32imac/ilp32\libgcc.a(_clzsi2.o)

.debug_line     0x0000000000000000     0xf922
 .debug_line    0x0000000000000000      0x705 build/system_gd32vf103.o
 .debug_line    0x0000000000000705      0x28d build/write_hex.o
 .debug_line    0x0000000000000992      0x160 build/sbrk.o
 .debug_line    0x0000000000000af2      0x1ce build/close.o
 .debug_line    0x0000000000000cc0      0x1ef build/lseek.o
 .debug_line    0x0000000000000eaf      0x170 build/_exit.o
 .debug_line    0x000000000000101f       0xfe build/isatty.o
 .debug_line    0x000000000000111d      0x35d build/fstat.o
 .debug_line    0x000000000000147a      0x1da build/read.o
 .debug_line    0x0000000000001654     0x1365 build/n200_func.o
 .debug_line    0x00000000000029b9      0x2e1 build/handlers.o
 .debug_line    0x0000000000002c9a      0x324 build/init.o
 .debug_line    0x0000000000002fbe      0xb55 build/tm_model.o
 .debug_line    0x0000000000003b13     0x246d build/tm_layers.o
 .debug_line    0x0000000000005f80      0x6b7 build/tm_stat.o
 .debug_line    0x0000000000006637      0x5c8 build/main.o
 .debug_line    0x0000000000006bff      0x189 build/start.o
 .debug_line    0x0000000000006d88       0xe5 build/entry.o
 .debug_line    0x0000000000006e6d      0xab4 c:/users/jesper/documents/ml_sommarjobb/toolchain-gd32v-v201-win/toolchain-gd32v-v201-win/compiler/bin/../lib/gcc/riscv64-unknown-elf/8.3.0/rv32imac/ilp32\libgcc.a(_udivdi3.o)
 .debug_line    0x0000000000007921      0xefa c:/users/jesper/documents/ml_sommarjobb/toolchain-gd32v-v201-win/toolchain-gd32v-v201-win/compiler/bin/../lib/gcc/riscv64-unknown-elf/8.3.0/rv32imac/ilp32\libgcc.a(adddf3.o)
 .debug_line    0x000000000000881b      0xe35 c:/users/jesper/documents/ml_sommarjobb/toolchain-gd32v-v201-win/toolchain-gd32v-v201-win/compiler/bin/../lib/gcc/riscv64-unknown-elf/8.3.0/rv32imac/ilp32\libgcc.a(divdf3.o)
 .debug_line    0x0000000000009650      0x303 c:/users/jesper/documents/ml_sommarjobb/toolchain-gd32v-v201-win/toolchain-gd32v-v201-win/compiler/bin/../lib/gcc/riscv64-unknown-elf/8.3.0/rv32imac/ilp32\libgcc.a(gedf2.o)
 .debug_line    0x0000000000009953      0x303 c:/users/jesper/documents/ml_sommarjobb/toolchain-gd32v-v201-win/toolchain-gd32v-v201-win/compiler/bin/../lib/gcc/riscv64-unknown-elf/8.3.0/rv32imac/ilp32\libgcc.a(ledf2.o)
 .debug_line    0x0000000000009c56      0xbf8 c:/users/jesper/documents/ml_sommarjobb/toolchain-gd32v-v201-win/toolchain-gd32v-v201-win/compiler/bin/../lib/gcc/riscv64-unknown-elf/8.3.0/rv32imac/ilp32\libgcc.a(muldf3.o)
 .debug_line    0x000000000000a84e      0xf37 c:/users/jesper/documents/ml_sommarjobb/toolchain-gd32v-v201-win/toolchain-gd32v-v201-win/compiler/bin/../lib/gcc/riscv64-unknown-elf/8.3.0/rv32imac/ilp32\libgcc.a(subdf3.o)
 .debug_line    0x000000000000b785      0x221 c:/users/jesper/documents/ml_sommarjobb/toolchain-gd32v-v201-win/toolchain-gd32v-v201-win/compiler/bin/../lib/gcc/riscv64-unknown-elf/8.3.0/rv32imac/ilp32\libgcc.a(fixdfsi.o)
 .debug_line    0x000000000000b9a6      0x21f c:/users/jesper/documents/ml_sommarjobb/toolchain-gd32v-v201-win/toolchain-gd32v-v201-win/compiler/bin/../lib/gcc/riscv64-unknown-elf/8.3.0/rv32imac/ilp32\libgcc.a(floatsidf.o)
 .debug_line    0x000000000000bbc5      0x239 c:/users/jesper/documents/ml_sommarjobb/toolchain-gd32v-v201-win/toolchain-gd32v-v201-win/compiler/bin/../lib/gcc/riscv64-unknown-elf/8.3.0/rv32imac/ilp32\libgcc.a(floatunsidf.o)
 .debug_line    0x000000000000bdfe      0x931 c:/users/jesper/documents/ml_sommarjobb/toolchain-gd32v-v201-win/toolchain-gd32v-v201-win/compiler/bin/../lib/gcc/riscv64-unknown-elf/8.3.0/rv32imac/ilp32\libgcc.a(addsf3.o)
 .debug_line    0x000000000000c72f      0x760 c:/users/jesper/documents/ml_sommarjobb/toolchain-gd32v-v201-win/toolchain-gd32v-v201-win/compiler/bin/../lib/gcc/riscv64-unknown-elf/8.3.0/rv32imac/ilp32\libgcc.a(divsf3.o)
 .debug_line    0x000000000000ce8f      0x2e9 c:/users/jesper/documents/ml_sommarjobb/toolchain-gd32v-v201-win/toolchain-gd32v-v201-win/compiler/bin/../lib/gcc/riscv64-unknown-elf/8.3.0/rv32imac/ilp32\libgcc.a(gesf2.o)
 .debug_line    0x000000000000d178      0x666 c:/users/jesper/documents/ml_sommarjobb/toolchain-gd32v-v201-win/toolchain-gd32v-v201-win/compiler/bin/../lib/gcc/riscv64-unknown-elf/8.3.0/rv32imac/ilp32\libgcc.a(mulsf3.o)
 .debug_line    0x000000000000d7de      0x97e c:/users/jesper/documents/ml_sommarjobb/toolchain-gd32v-v201-win/toolchain-gd32v-v201-win/compiler/bin/../lib/gcc/riscv64-unknown-elf/8.3.0/rv32imac/ilp32\libgcc.a(subsf3.o)
 .debug_line    0x000000000000e15c      0x207 c:/users/jesper/documents/ml_sommarjobb/toolchain-gd32v-v201-win/toolchain-gd32v-v201-win/compiler/bin/../lib/gcc/riscv64-unknown-elf/8.3.0/rv32imac/ilp32\libgcc.a(fixsfsi.o)
 .debug_line    0x000000000000e363      0x2fb c:/users/jesper/documents/ml_sommarjobb/toolchain-gd32v-v201-win/toolchain-gd32v-v201-win/compiler/bin/../lib/gcc/riscv64-unknown-elf/8.3.0/rv32imac/ilp32\libgcc.a(floatsisf.o)
 .debug_line    0x000000000000e65e      0x2f6 c:/users/jesper/documents/ml_sommarjobb/toolchain-gd32v-v201-win/toolchain-gd32v-v201-win/compiler/bin/../lib/gcc/riscv64-unknown-elf/8.3.0/rv32imac/ilp32\libgcc.a(floatunsisf.o)
 .debug_line    0x000000000000e954      0x369 c:/users/jesper/documents/ml_sommarjobb/toolchain-gd32v-v201-win/toolchain-gd32v-v201-win/compiler/bin/../lib/gcc/riscv64-unknown-elf/8.3.0/rv32imac/ilp32\libgcc.a(extendsfdf2.o)
 .debug_line    0x000000000000ecbd      0x403 c:/users/jesper/documents/ml_sommarjobb/toolchain-gd32v-v201-win/toolchain-gd32v-v201-win/compiler/bin/../lib/gcc/riscv64-unknown-elf/8.3.0/rv32imac/ilp32\libgcc.a(truncdfsf2.o)
 .debug_line    0x000000000000f0c0      0x3f0 c:/users/jesper/documents/ml_sommarjobb/toolchain-gd32v-v201-win/toolchain-gd32v-v201-win/compiler/bin/../lib/gcc/riscv64-unknown-elf/8.3.0/rv32imac/ilp32\libgcc.a(_clz.o)
 .debug_line    0x000000000000f4b0      0x472 c:/users/jesper/documents/ml_sommarjobb/toolchain-gd32v-v201-win/toolchain-gd32v-v201-win/compiler/bin/../lib/gcc/riscv64-unknown-elf/8.3.0/rv32imac/ilp32\libgcc.a(_clzsi2.o)

.debug_str      0x0000000000000000     0x2680
 .debug_str     0x0000000000000000      0x24e build/system_gd32vf103.o
                                        0x2a8 (size before relaxing)
 .debug_str     0x000000000000024e       0x67 build/write_hex.o
                                        0x210 (size before relaxing)
 .debug_str     0x00000000000002b5       0x4a build/sbrk.o
                                        0x183 (size before relaxing)
 .debug_str     0x00000000000002ff      0x3ea build/close.o
                                        0x5e1 (size before relaxing)
 .debug_str     0x00000000000006e9       0x34 build/lseek.o
                                        0x5fd (size before relaxing)
 .debug_str     0x000000000000071d       0x49 build/_exit.o
                                        0x217 (size before relaxing)
 .debug_str     0x0000000000000766       0x2e build/isatty.o
                                        0x1e5 (size before relaxing)
 .debug_str     0x0000000000000794      0x13e build/fstat.o
                                        0x759 (size before relaxing)
 .debug_str     0x00000000000008d2       0x24 build/read.o
                                        0x5ef (size before relaxing)
 .debug_str     0x00000000000008f6      0x391 build/n200_func.o
                                        0x9b4 (size before relaxing)
 .debug_str     0x0000000000000c87       0x58 build/handlers.o
                                        0x60d (size before relaxing)
 .debug_str     0x0000000000000cdf      0x3e7 build/init.o
                                        0x9dd (size before relaxing)
 .debug_str     0x00000000000010c6      0x3e6 build/tm_model.o
                                        0xa14 (size before relaxing)
 .debug_str     0x00000000000014ac      0x214 build/tm_layers.o
                                        0x966 (size before relaxing)
 .debug_str     0x00000000000016c0       0x7f build/tm_stat.o
                                        0x8a3 (size before relaxing)
 .debug_str     0x000000000000173f       0x69 build/main.o
                                        0x90d (size before relaxing)
 .debug_str     0x00000000000017a8       0x37 build/start.o
                                         0xa4 (size before relaxing)
 .debug_str     0x00000000000017df       0x2b build/entry.o
                                         0xa4 (size before relaxing)
 .debug_str     0x000000000000180a      0x3c8 c:/users/jesper/documents/ml_sommarjobb/toolchain-gd32v-v201-win/toolchain-gd32v-v201-win/compiler/bin/../lib/gcc/riscv64-unknown-elf/8.3.0/rv32imac/ilp32\libgcc.a(_udivdi3.o)
                                        0x8ca (size before relaxing)
 .debug_str     0x0000000000001bd2      0x223 c:/users/jesper/documents/ml_sommarjobb/toolchain-gd32v-v201-win/toolchain-gd32v-v201-win/compiler/bin/../lib/gcc/riscv64-unknown-elf/8.3.0/rv32imac/ilp32\libgcc.a(adddf3.o)
                                        0x390 (size before relaxing)
 .debug_str     0x0000000000001df5      0x19c c:/users/jesper/documents/ml_sommarjobb/toolchain-gd32v-v201-win/toolchain-gd32v-v201-win/compiler/bin/../lib/gcc/riscv64-unknown-elf/8.3.0/rv32imac/ilp32\libgcc.a(divdf3.o)
                                        0x452 (size before relaxing)
 .debug_str     0x0000000000001f91       0x7b c:/users/jesper/documents/ml_sommarjobb/toolchain-gd32v-v201-win/toolchain-gd32v-v201-win/compiler/bin/../lib/gcc/riscv64-unknown-elf/8.3.0/rv32imac/ilp32\libgcc.a(gedf2.o)
                                        0x2ce (size before relaxing)
 .debug_str     0x000000000000200c       0x38 c:/users/jesper/documents/ml_sommarjobb/toolchain-gd32v-v201-win/toolchain-gd32v-v201-win/compiler/bin/../lib/gcc/riscv64-unknown-elf/8.3.0/rv32imac/ilp32\libgcc.a(ledf2.o)
                                        0x2ce (size before relaxing)
 .debug_str     0x0000000000002044      0x15f c:/users/jesper/documents/ml_sommarjobb/toolchain-gd32v-v201-win/toolchain-gd32v-v201-win/compiler/bin/../lib/gcc/riscv64-unknown-elf/8.3.0/rv32imac/ilp32\libgcc.a(muldf3.o)
                                        0x4aa (size before relaxing)
 .debug_str     0x00000000000021a3       0x3a c:/users/jesper/documents/ml_sommarjobb/toolchain-gd32v-v201-win/toolchain-gd32v-v201-win/compiler/bin/../lib/gcc/riscv64-unknown-elf/8.3.0/rv32imac/ilp32\libgcc.a(subdf3.o)
                                        0x390 (size before relaxing)
 .debug_str     0x00000000000021dd       0x4f c:/users/jesper/documents/ml_sommarjobb/toolchain-gd32v-v201-win/toolchain-gd32v-v201-win/compiler/bin/../lib/gcc/riscv64-unknown-elf/8.3.0/rv32imac/ilp32\libgcc.a(fixdfsi.o)
                                        0x2a7 (size before relaxing)
 .debug_str     0x000000000000222c       0x6d c:/users/jesper/documents/ml_sommarjobb/toolchain-gd32v-v201-win/toolchain-gd32v-v201-win/compiler/bin/../lib/gcc/riscv64-unknown-elf/8.3.0/rv32imac/ilp32\libgcc.a(floatsidf.o)
                                        0x33d (size before relaxing)
 .debug_str     0x0000000000002299       0x44 c:/users/jesper/documents/ml_sommarjobb/toolchain-gd32v-v201-win/toolchain-gd32v-v201-win/compiler/bin/../lib/gcc/riscv64-unknown-elf/8.3.0/rv32imac/ilp32\libgcc.a(floatunsidf.o)
                                        0x33a (size before relaxing)
 .debug_str     0x00000000000022dd       0x8f c:/users/jesper/documents/ml_sommarjobb/toolchain-gd32v-v201-win/toolchain-gd32v-v201-win/compiler/bin/../lib/gcc/riscv64-unknown-elf/8.3.0/rv32imac/ilp32\libgcc.a(addsf3.o)
                                        0x353 (size before relaxing)
 .debug_str     0x000000000000236c       0xda c:/users/jesper/documents/ml_sommarjobb/toolchain-gd32v-v201-win/toolchain-gd32v-v201-win/compiler/bin/../lib/gcc/riscv64-unknown-elf/8.3.0/rv32imac/ilp32\libgcc.a(divsf3.o)
                                        0x3bd (size before relaxing)
 .debug_str     0x0000000000002446       0x38 c:/users/jesper/documents/ml_sommarjobb/toolchain-gd32v-v201-win/toolchain-gd32v-v201-win/compiler/bin/../lib/gcc/riscv64-unknown-elf/8.3.0/rv32imac/ilp32\libgcc.a(gesf2.o)
                                        0x2b2 (size before relaxing)
 .debug_str     0x000000000000247e       0x6c c:/users/jesper/documents/ml_sommarjobb/toolchain-gd32v-v201-win/toolchain-gd32v-v201-win/compiler/bin/../lib/gcc/riscv64-unknown-elf/8.3.0/rv32imac/ilp32\libgcc.a(mulsf3.o)
                                        0x378 (size before relaxing)
 .debug_str     0x00000000000024ea       0x3a c:/users/jesper/documents/ml_sommarjobb/toolchain-gd32v-v201-win/toolchain-gd32v-v201-win/compiler/bin/../lib/gcc/riscv64-unknown-elf/8.3.0/rv32imac/ilp32\libgcc.a(subsf3.o)
                                        0x353 (size before relaxing)
 .debug_str     0x0000000000002524       0x3c c:/users/jesper/documents/ml_sommarjobb/toolchain-gd32v-v201-win/toolchain-gd32v-v201-win/compiler/bin/../lib/gcc/riscv64-unknown-elf/8.3.0/rv32imac/ilp32\libgcc.a(fixsfsi.o)
                                        0x295 (size before relaxing)
 .debug_str     0x0000000000002560       0x40 c:/users/jesper/documents/ml_sommarjobb/toolchain-gd32v-v201-win/toolchain-gd32v-v201-win/compiler/bin/../lib/gcc/riscv64-unknown-elf/8.3.0/rv32imac/ilp32\libgcc.a(floatsisf.o)
                                        0x31e (size before relaxing)
 .debug_str     0x00000000000025a0       0x44 c:/users/jesper/documents/ml_sommarjobb/toolchain-gd32v-v201-win/toolchain-gd32v-v201-win/compiler/bin/../lib/gcc/riscv64-unknown-elf/8.3.0/rv32imac/ilp32\libgcc.a(floatunsisf.o)
                                        0x31b (size before relaxing)
 .debug_str     0x00000000000025e4       0x51 c:/users/jesper/documents/ml_sommarjobb/toolchain-gd32v-v201-win/toolchain-gd32v-v201-win/compiler/bin/../lib/gcc/riscv64-unknown-elf/8.3.0/rv32imac/ilp32\libgcc.a(extendsfdf2.o)
                                        0x2cb (size before relaxing)
 .debug_str     0x0000000000002635       0x42 c:/users/jesper/documents/ml_sommarjobb/toolchain-gd32v-v201-win/toolchain-gd32v-v201-win/compiler/bin/../lib/gcc/riscv64-unknown-elf/8.3.0/rv32imac/ilp32\libgcc.a(truncdfsf2.o)
                                        0x329 (size before relaxing)
 .debug_str     0x0000000000002677      0x811 c:/users/jesper/documents/ml_sommarjobb/toolchain-gd32v-v201-win/toolchain-gd32v-v201-win/compiler/bin/../lib/gcc/riscv64-unknown-elf/8.3.0/rv32imac/ilp32\libgcc.a(_clz.o)
 .debug_str     0x0000000000002677        0x9 c:/users/jesper/documents/ml_sommarjobb/toolchain-gd32v-v201-win/toolchain-gd32v-v201-win/compiler/bin/../lib/gcc/riscv64-unknown-elf/8.3.0/rv32imac/ilp32\libgcc.a(_clzsi2.o)
                                        0x82e (size before relaxing)

.comment        0x0000000000000000       0x28
 .comment       0x0000000000000000       0x28 build/system_gd32vf103.o
                                         0x29 (size before relaxing)
 .comment       0x0000000000000028       0x29 build/write_hex.o
 .comment       0x0000000000000028       0x29 build/sbrk.o
 .comment       0x0000000000000028       0x29 build/close.o
 .comment       0x0000000000000028       0x29 build/lseek.o
 .comment       0x0000000000000028       0x29 build/_exit.o
 .comment       0x0000000000000028       0x29 build/isatty.o
 .comment       0x0000000000000028       0x29 build/fstat.o
 .comment       0x0000000000000028       0x29 build/read.o
 .comment       0x0000000000000028       0x29 build/n200_func.o
 .comment       0x0000000000000028       0x29 build/handlers.o
 .comment       0x0000000000000028       0x29 build/init.o
 .comment       0x0000000000000028       0x29 build/tm_model.o
 .comment       0x0000000000000028       0x29 build/tm_layers.o
 .comment       0x0000000000000028       0x29 build/tm_stat.o
 .comment       0x0000000000000028       0x29 build/main.o