Archive member included to satisfy reference by file (symbol)

c:/users/jesper/documents/ml_sommarjobb/toolchain-gd32v-v201-win/toolchain-gd32v-v201-win/compiler/bin/../lib/gcc/riscv64-unknown-elf/8.3.0/../../../../riscv64-unknown-elf/lib/rv32imac/ilp32\libm.a(lib_a-w_exp.o)
                              build/tm_layers.o (exp)
c:/users/jesper/documents/ml_sommarjobb/toolchain-gd32v-v201-win/toolchain-gd32v-v201-win/compiler/bin/../lib/gcc/riscv64-unknown-elf/8.3.0/../../../../riscv64-unknown-elf/lib/rv32imac/ilp32\libm.a(lib_a-e_exp.o)
                              c:/users/jesper/documents/ml_sommarjobb/toolchain-gd32v-v201-win/toolchain-gd32v-v201-win/compiler/bin/../lib/gcc/riscv64-unknown-elf/8.3.0/../../../../riscv64-unknown-elf/lib/rv32imac/ilp32\libm.a(lib_a-w_exp.o) (__ieee754_exp)
c:/users/jesper/documents/ml_sommarjobb/toolchain-gd32v-v201-win/toolchain-gd32v-v201-win/compiler/bin/../lib/gcc/riscv64-unknown-elf/8.3.0/../../../../riscv64-unknown-elf/lib/rv32imac/ilp32\libm.a(lib_a-s_finite.o)
                              c:/users/jesper/documents/ml_sommarjobb/toolchain-gd32v-v201-win/toolchain-gd32v-v201-win/compiler/bin/../lib/gcc/riscv64-unknown-elf/8.3.0/../../../../riscv64-unknown-elf/lib/rv32imac/ilp32\libm.a(lib_a-w_exp.o) (finite)
c:/users/jesper/documents/ml_sommarjobb/toolchain-gd32v-v201-win/toolchain-gd32v-v201-win/compiler/bin/../lib/gcc/riscv64-unknown-elf/8.3.0/../../../../riscv64-unknown-elf/lib/rv32imac/ilp32\libm.a(lib_a-s_lib_ver.o)
                              c:/users/jesper/documents/ml_sommarjobb/toolchain-gd32v-v201-win/toolchain-gd32v-v201-win/compiler/bin/../lib/gcc/riscv64-unknown-elf/8.3.0/../../../../riscv64-unknown-elf/lib/rv32imac/ilp32\libm.a(lib_a-w_exp.o) (__fdlib_version)
c:/users/jesper/documents/ml_sommarjobb/toolchain-gd32v-v201-win/toolchain-gd32v-v201-win/compiler/bin/../lib/gcc/riscv64-unknown-elf/8.3.0/rv32imac/ilp32\libgcc.a(_udivdi3.o)
                              build/get_time.o (__udivdi3)
c:/users/jesper/documents/ml_sommarjobb/toolchain-gd32v-v201-win/toolchain-gd32v-v201-win/compiler/bin/../lib/gcc/riscv64-unknown-elf/8.3.0/rv32imac/ilp32\libgcc.a(adddf3.o)
                              c:/users/jesper/documents/ml_sommarjobb/toolchain-gd32v-v201-win/toolchain-gd32v-v201-win/compiler/bin/../lib/gcc/riscv64-unknown-elf/8.3.0/../../../../riscv64-unknown-elf/lib/rv32imac/ilp32\libm.a(lib_a-e_exp.o) (__adddf3)
c:/users/jesper/documents/ml_sommarjobb/toolchain-gd32v-v201-win/toolchain-gd32v-v201-win/compiler/bin/../lib/gcc/riscv64-unknown-elf/8.3.0/rv32imac/ilp32\libgcc.a(divdf3.o)
                              build/tm_layers.o (__divdf3)
c:/users/jesper/documents/ml_sommarjobb/toolchain-gd32v-v201-win/toolchain-gd32v-v201-win/compiler/bin/../lib/gcc/riscv64-unknown-elf/8.3.0/rv32imac/ilp32\libgcc.a(gedf2.o)
                              c:/users/jesper/documents/ml_sommarjobb/toolchain-gd32v-v201-win/toolchain-gd32v-v201-win/compiler/bin/../lib/gcc/riscv64-unknown-elf/8.3.0/../../../../riscv64-unknown-elf/lib/rv32imac/ilp32\libm.a(lib_a-w_exp.o) (__gtdf2)
c:/users/jesper/documents/ml_sommarjobb/toolchain-gd32v-v201-win/toolchain-gd32v-v201-win/compiler/bin/../lib/gcc/riscv64-unknown-elf/8.3.0/rv32imac/ilp32\libgcc.a(ledf2.o)
                              c:/users/jesper/documents/ml_sommarjobb/toolchain-gd32v-v201-win/toolchain-gd32v-v201-win/compiler/bin/../lib/gcc/riscv64-unknown-elf/8.3.0/../../../../riscv64-unknown-elf/lib/rv32imac/ilp32\libm.a(lib_a-w_exp.o) (__ltdf2)
c:/users/jesper/documents/ml_sommarjobb/toolchain-gd32v-v201-win/toolchain-gd32v-v201-win/compiler/bin/../lib/gcc/riscv64-unknown-elf/8.3.0/rv32imac/ilp32\libgcc.a(muldf3.o)
                              build/tm_stat.o (__muldf3)
c:/users/jesper/documents/ml_sommarjobb/toolchain-gd32v-v201-win/toolchain-gd32v-v201-win/compiler/bin/../lib/gcc/riscv64-unknown-elf/8.3.0/rv32imac/ilp32\libgcc.a(subdf3.o)
                              build/tm_layers.o (__subdf3)
c:/users/jesper/documents/ml_sommarjobb/toolchain-gd32v-v201-win/toolchain-gd32v-v201-win/compiler/bin/../lib/gcc/riscv64-unknown-elf/8.3.0/rv32imac/ilp32\libgcc.a(fixdfsi.o)
                              build/tm_layers.o (__fixdfsi)
c:/users/jesper/documents/ml_sommarjobb/toolchain-gd32v-v201-win/toolchain-gd32v-v201-win/compiler/bin/../lib/gcc/riscv64-unknown-elf/8.3.0/rv32imac/ilp32\libgcc.a(fixunsdfsi.o)
                              build/tm_stat.o (__fixunsdfsi)
c:/users/jesper/documents/ml_sommarjobb/toolchain-gd32v-v201-win/toolchain-gd32v-v201-win/compiler/bin/../lib/gcc/riscv64-unknown-elf/8.3.0/rv32imac/ilp32\libgcc.a(floatsidf.o)
                              build/tm_stat.o (__floatsidf)
c:/users/jesper/documents/ml_sommarjobb/toolchain-gd32v-v201-win/toolchain-gd32v-v201-win/compiler/bin/../lib/gcc/riscv64-unknown-elf/8.3.0/rv32imac/ilp32\libgcc.a(floatunsidf.o)
                              build/tm_stat.o (__floatunsidf)
[...]
Memory Configuration

Name             Origin             Length             Attributes
flash            0x0000000008000000 0x0000000000020000 axrl !w
ram              0x0000000020000000 0x0000000000008000 axw !rl
*default*        0x0000000000000000 0xffffffffffffffff

Linker script and memory map

LOAD build/gd32vf103_exti.o
LOAD build/gd32vf103_bkp.o
LOAD build/gd32vf103_spi.o
LOAD build/gd32vf103_rcu.o
LOAD build/gd32vf103_wwdgt.o
LOAD build/gd32vf103_adc.o
LOAD build/gd32vf103_pmu.o
LOAD build/gd32vf103_dbg.o
LOAD build/gd32vf103_usart.o
LOAD build/gd32vf103_crc.o
LOAD build/gd32vf103_gpio.o
LOAD build/gd32vf103_fwdgt.o
LOAD build/gd32vf103_timer.o
LOAD build/gd32vf103_fmc.o
LOAD build/gd32vf103_i2c.o
LOAD build/gd32vf103_rtc.o
LOAD build/gd32vf103_can.o
LOAD build/gd32vf103_dac.o
LOAD build/gd32vf103_exmc.o
LOAD build/gd32vf103_dma.o
LOAD build/gd32vf103_eclic.o
LOAD build/system_gd32vf103.o
LOAD build/write_hex.o
LOAD build/sbrk.o
LOAD build/close.o
LOAD build/lseek.o
LOAD build/write.o
LOAD build/_exit.o
LOAD build/isatty.o
LOAD build/fstat.o
LOAD build/read.o
LOAD build/n200_func.o
LOAD build/handlers.o
LOAD build/init.o
LOAD build/eclicw.o
LOAD build/tm_layers_O1.o
LOAD build/get_time.o
LOAD build/tm_model.o
LOAD build/tm_layers.o
LOAD build/tm_stat.o
LOAD build/usart.o
LOAD build/usbd_enum.o
LOAD build/usb_delay.o
LOAD build/gd32vf103_usb_it.o
LOAD build/usbd_transc.o
LOAD build/drv_usb_core.o
LOAD build/gd32vf103_hw.o
LOAD build/drv_usbd_int.o
LOAD build/usb_serial_if.o
LOAD build/cdc_acm_core.o
LOAD build/usbd_core.o
LOAD build/drv_usb_dev.o
LOAD build/weak.o
LOAD build/main.o
LOAD build/start.o
LOAD build/entry.o
LOAD c:/users/jesper/documents/ml_sommarjobb/toolchain-gd32v-v201-win/toolchain-gd32v-v201-win/compiler/bin/../lib/gcc/riscv64-unknown-elf/8.3.0/../../../../riscv64-unknown-elf/lib/rv32imac/ilp32\libm.a
LOAD c:/users/jesper/documents/ml_sommarjobb/toolchain-gd32v-v201-win/toolchain-gd32v-v201-win/compiler/bin/../lib/gcc/riscv64-unknown-elf/8.3.0/rv32imac/ilp32\libgcc.a
LOAD c:/users/jesper/documents/ml_sommarjobb/toolchain-gd32v-v201-win/toolchain-gd32v-v201-win/compiler/bin/../lib/gcc/riscv64-unknown-elf/8.3.0/../../../../riscv64-unknown-elf/lib/rv32imac/ilp32\libc_nano.a
LOAD c:/users/jesper/documents/ml_sommarjobb/toolchain-gd32v-v201-win/toolchain-gd32v-v201-win/compiler/bin/../lib/gcc/riscv64-unknown-elf/8.3.0/rv32imac/ilp32\libgcc.a
START GROUP
LOAD c:/users/jesper/documents/ml_sommarjobb/toolchain-gd32v-v201-win/toolchain-gd32v-v201-win/compiler/bin/../lib/gcc/riscv64-unknown-elf/8.3.0/rv32imac/ilp32\libgcc.a
LOAD c:/users/jesper/documents/ml_sommarjobb/toolchain-gd32v-v201-win/toolchain-gd32v-v201-win/compiler/bin/../lib/gcc/riscv64-unknown-elf/8.3.0/../../../../riscv64-unknown-elf/lib/rv32imac/ilp32\libc_nano.a
LOAD c:/users/jesper/documents/ml_sommarjobb/toolchain-gd32v-v201-win/toolchain-gd32v-v201-win/compiler/bin/../lib/gcc/riscv64-unknown-elf/8.3.0/../../../../riscv64-unknown-elf/lib/rv32imac/ilp32\libgloss_nano.a
END GROUP
                0x0000000000001000                __stack_size = DEFINED (__stack_size)?__stack_size:0x1000
                0x0000000000000000                __dbg_stack_size = DEFINED (__dbg_stack_size)?__dbg_stack_size:0x0

.init           0x0000000008000000      0x254
 *(SORT_NONE(.init))
 .init          0x0000000008000000      0x254 build/start.o
                0x000000000800015c                _start
                0x0000000008000246                disable_mcycle_minstret
                0x000000000800024c                enable_mcycle_minstret

.ilalign        0x0000000008000254        0x0
                0x0000000008000254                . = ALIGN (0x4)
                [!provide]                        PROVIDE (_ilm_lma = .)

.ialign         0x0000000008000254        0x0
                [!provide]                        PROVIDE (_ilm = .)

.text           0x0000000008000280     0x9d74
 *(.rodata .rodata.*)
 .rodata        0x0000000008000280       0x10 build/gd32vf103_rcu.o
 .rodata.write_hex.str1.4
                0x0000000008000290        0x3 build/write_hex.o
 *fill*         0x0000000008000293        0x1 
 .rodata._exit.str1.4
                0x0000000008000294       0x1f build/_exit.o
                                         0x23 (size before relaxing)
 *fill*         0x00000000080002b3        0x1 
 .rodata.handle_nmi.str1.4
                0x00000000080002b4        0x5 build/handlers.o
 *fill*         0x00000000080002b9        0x3 
 .rodata.handle_trap.str1.4
                0x00000000080002bc        0x6 build/handlers.o
 *fill*         0x00000000080002c2        0x2 
 .rodata.tm_run
                0x00000000080002c4       0x1c build/tm_model.o
 .rodata.tml_add.str1.4
                0x00000000080002e0       0x21 build/tm_layers.o
 *fill*         0x0000000008000301        0x3 
 .rodata.tml_conv2d_dwconv2d.cst4
                0x0000000008000304        0x4 build/tm_layers.o
 .rodata.tml_conv2d_dwconv2d.cst8
                0x0000000008000308        0x8 build/tm_layers.o
 .rodata.tml_softmax.cst4
                0x0000000008000310        0x4 build/tm_layers.o
 *fill*         0x0000000008000314        0x4 
 .rodata.tml_softmax.cst8
                0x0000000008000318        0x8 build/tm_layers.o
 .rodata.tm_stat
                0x0000000008000320       0x18 build/tm_stat.o
 .rodata.mdl_type_str
                0x0000000008000338       0x18 build/tm_stat.o
 .rodata.str1.4
                0x0000000008000350       0x66 build/tm_stat.o
 *fill*         0x00000000080003b6        0x2 
 .rodata.tm_stat.cst8
                0x00000000080003b8       0x20 build/tm_stat.o
 .rodata.tm_stat.str1.4
                0x00000000080003d8      0x3d8 build/tm_stat.o
                                        0x3e0 (size before relaxing)
 .rodata.tml_headsize_tbl
                0x00000000080007b0       0x1c build/tm_stat.o
 .rodata.tml_str_tbl
                0x00000000080007cc       0x1c build/tm_stat.o
 .rodata._std_dev_req
                0x00000000080007e8       0x34 build/usbd_enum.o
 .rodata.__compound_literal.0
                0x000000000800081c       0x18 build/cdc_acm_core.o
 .rodata.__compound_literal.1
                0x0000000008000834       0x3a build/cdc_acm_core.o
 *fill*         0x000000000800086e        0x2 
 .rodata.__compound_literal.2
                0x0000000008000870       0x30 build/cdc_acm_core.o
 .rodata.device_descriptor
                0x00000000080008a0       0x12 build/cdc_acm_core.o
                0x00000000080008a0                device_descriptor
 *fill*         0x00000000080008b2        0x2 
 .rodata.usbd_strings
                0x00000000080008b4       0x10 build/cdc_acm_core.o
                0x00000000080008b4                usbd_strings
 .rodata.ep_type
                0x00000000080008c4       0x10 build/usbd_core.o
                0x00000000080008c4                ep_type
 .rodata        0x00000000080008d4       0xc3 build/main.o
 *fill*         0x0000000008000997        0x1 
 .rodata.mdl_data
                0x0000000008000998      0x968 build/main.o
                0x0000000008000998                mdl_data
 .rodata        0x0000000008001300       0x30 c:/users/jesper/documents/ml_sommarjobb/toolchain-gd32v-v201-win/toolchain-gd32v-v201-win/compiler/bin/../lib/gcc/riscv64-unknown-elf/8.3.0/../../../../riscv64-unknown-elf/lib/rv32imac/ilp32\libm.a(lib_a-e_exp.o)
 .rodata        0x0000000008001330       0x3c c:/users/jesper/documents/ml_sommarjobb/toolchain-gd32v-v201-win/toolchain-gd32v-v201-win/compiler/bin/../lib/gcc/riscv64-unknown-elf/8.3.0/rv32imac/ilp32\libgcc.a(divdf3.o)
 .rodata        0x000000000800136c       0x3c c:/users/jesper/documents/ml_sommarjobb/toolchain-gd32v-v201-win/toolchain-gd32v-v201-win/compiler/bin/../lib/gcc/riscv64-unknown-elf/8.3.0/rv32imac/ilp32\libgcc.a(muldf3.o)
 .rodata        0x00000000080013a8       0x3c c:/users/jesper/documents/ml_sommarjobb/toolchain-gd32v-v201-win/toolchain-gd32v-v201-win/compiler/bin/../lib/gcc/riscv64-unknown-elf/8.3.0/rv32imac/ilp32\libgcc.a(divsf3.o)
 .rodata        0x00000000080013e4       0x3c c:/users/jesper/documents/ml_sommarjobb/toolchain-gd32v-v201-win/toolchain-gd32v-v201-win/compiler/bin/../lib/gcc/riscv64-unknown-elf/8.3.0/rv32imac/ilp32\libgcc.a(mulsf3.o)
 .rodata        0x0000000008001420      0x100 c:/users/jesper/documents/ml_sommarjobb/toolchain-gd32v-v201-win/toolchain-gd32v-v201-win/compiler/bin/../lib/gcc/riscv64-unknown-elf/8.3.0/rv32imac/ilp32\libgcc.a(_clz.o)
                0x0000000008001420                __clz_tab
 .rodata.__sf_fake_stderr
                0x0000000008001520       0x20 c:/users/jesper/documents/ml_sommarjobb/toolchain-gd32v-v201-win/toolchain-gd32v-v201-win/compiler/bin/../lib/gcc/riscv64-unknown-elf/8.3.0/../../../../riscv64-unknown-elf/lib/rv32imac/ilp32\libc_nano.a(lib_a-findfp.o)
                0x0000000008001520                __sf_fake_stderr
 .rodata.__sf_fake_stdin
                0x0000000008001540       0x20 c:/users/jesper/documents/ml_sommarjobb/toolchain-gd32v-v201-win/toolchain-gd32v-v201-win/compiler/bin/../lib/gcc/riscv64-unknown-elf/8.3.0/../../../../riscv64-unknown-elf/lib/rv32imac/ilp32\libc_nano.a(lib_a-findfp.o)
                0x0000000008001540                __sf_fake_stdin
 .rodata.__sf_fake_stdout
                0x0000000008001560       0x20 c:/users/jesper/documents/ml_sommarjobb/toolchain-gd32v-v201-win/toolchain-gd32v-v201-win/compiler/bin/../lib/gcc/riscv64-unknown-elf/8.3.0/../../../../riscv64-unknown-elf/lib/rv32imac/ilp32\libc_nano.a(lib_a-findfp.o)
                0x0000000008001560                __sf_fake_stdout
 .rodata._vfprintf_r.str1.4
                0x0000000008001580       0x13 c:/users/jesper/documents/ml_sommarjobb/toolchain-gd32v-v201-win/toolchain-gd32v-v201-win/compiler/bin/../lib/gcc/riscv64-unknown-elf/8.3.0/../../../../riscv64-unknown-elf/lib/rv32imac/ilp32\libc_nano.a(lib_a-nano-vfprintf.o)
 *fill*         0x0000000008001593        0x1 
 .rodata._printf_i.str1.4
                0x0000000008001594       0x28 c:/users/jesper/documents/ml_sommarjobb/toolchain-gd32v-v201-win/toolchain-gd32v-v201-win/compiler/bin/../lib/gcc/riscv64-unknown-elf/8.3.0/../../../../riscv64-unknown-elf/lib/rv32imac/ilp32\libc_nano.a(lib_a-nano-vfprintf_i.o)
                                         0x25 (size before relaxing)
 *(.text.unlikely .text.unlikely.*)
 *(.text.startup .text.startup.*)
 .text.startup.main
                0x00000000080015bc      0x21a build/main.o
                0x00000000080015bc                main
 *(.text .text.*)
 .text.exti_init
                0x00000000080017d6       0xa0 build/gd32vf103_exti.o
                0x00000000080017d6                exti_init
 .text.exti_interrupt_enable
                0x0000000008001876       0x10 build/gd32vf103_exti.o
                0x0000000008001876                exti_interrupt_enable
 .text.exti_interrupt_flag_clear
                0x0000000008001886        0xa build/gd32vf103_exti.o
                0x0000000008001886                exti_interrupt_flag_clear
 .text.rcu_periph_clock_enable
                0x0000000008001890       0x18 build/gd32vf103_rcu.o
                0x0000000008001890                rcu_periph_clock_enable
 .text.rcu_usb_clock_config
                0x00000000080018a8       0x14 build/gd32vf103_rcu.o
                0x00000000080018a8                rcu_usb_clock_config
 .text.rcu_clock_freq_get
                0x00000000080018bc      0x13a build/gd32vf103_rcu.o
                0x00000000080018bc                rcu_clock_freq_get
 .text.eclic_global_interrupt_enable
                0x00000000080019f6        0x6 build/gd32vf103_eclic.o
                0x00000000080019f6                eclic_global_interrupt_enable
 .text.eclic_priority_group_set
                0x00000000080019fc        0x8 build/gd32vf103_eclic.o
                0x00000000080019fc                eclic_priority_group_set
 .text.eclic_irq_enable
                0x0000000008001a04       0x34 build/gd32vf103_eclic.o
                0x0000000008001a04                eclic_irq_enable
 .text.SystemInit
                0x0000000008001a38      0x11c build/system_gd32vf103.o
                0x0000000008001a38                SystemInit
 .text.SystemCoreClockUpdate
                0x0000000008001b54       0xca build/system_gd32vf103.o
                0x0000000008001b54                SystemCoreClockUpdate
 .text.write_hex
                0x0000000008001c1e       0x7c build/write_hex.o
                0x0000000008001c1e                write_hex
 .text._sbrk    0x0000000008001c9a       0x2e build/sbrk.o
                0x0000000008001c9a                _sbrk
 .text._close   0x0000000008001cc8        0x4 build/close.o
                0x0000000008001cc8                _close
 .text._lseek   0x0000000008001ccc       0x1a build/lseek.o
                0x0000000008001ccc                _lseek
 .text._exit    0x0000000008001ce6       0x4c build/_exit.o
                0x0000000008001ce6                _exit
 .text._isatty  0x0000000008001d32        0x8 build/isatty.o
                0x0000000008001d32                _isatty
 .text._fstat   0x0000000008001d3a       0x22 build/fstat.o
                0x0000000008001d3a                _fstat
 .text._read    0x0000000008001d5c        0x4 build/read.o
                0x0000000008001d5c                _read
 .text.get_timer_value
                0x0000000008001d60       0x10 build/n200_func.o
                0x0000000008001d60                get_timer_value
 .text.eclic_init
                0x0000000008001d70       0x22 build/n200_func.o
                0x0000000008001d70                eclic_init
 .text.eclic_enable_interrupt
                0x0000000008001d92       0x12 build/n200_func.o
                0x0000000008001d92                eclic_enable_interrupt
 .text.eclic_set_nlbits
                0x0000000008001da4       0x18 build/n200_func.o
                0x0000000008001da4                eclic_set_nlbits
 .text.eclic_get_nlbits
                0x0000000008001dbc        0xe build/n200_func.o
                0x0000000008001dbc                eclic_get_nlbits
 .text.eclic_set_irq_lvl_abs
                0x0000000008001dca       0x58 build/n200_func.o
                0x0000000008001dca                eclic_set_irq_lvl_abs
 .text.eclic_set_irq_priority
                0x0000000008001e22       0x52 build/n200_func.o
                0x0000000008001e22                eclic_set_irq_priority
 .text.eclic_mode_enable
                0x0000000008001e74       0x12 build/n200_func.o
                0x0000000008001e74                eclic_mode_enable
 .text.handle_nmi
                0x0000000008001e86       0x22 build/handlers.o
                0x0000000008001e86                handle_nmi
 .text.handle_trap
                0x0000000008001ea8       0x38 build/handlers.o
                0x0000000008001ea8                handle_trap
 .text._init    0x0000000008001ee0       0x2c build/init.o
                0x0000000008001ee0                _init
 .text._fini    0x0000000008001f0c        0x2 build/init.o
                0x0000000008001f0c                _fini
 .text.eclic_mtip_handler
                0x0000000008001f0e       0x52 build/eclicw.o
                0x0000000008001f0e                eclic_mtip_handler
 .text.USART0_IRQHandler
                0x0000000008001f60       0x52 build/eclicw.o
                0x0000000008001f60                USART0_IRQHandler
 .text.get_time
                0x0000000008001fb2       0x36 build/get_time.o
                0x0000000008001fb2                get_time
 .text.tm_load  0x0000000008001fe8       0x94 build/tm_model.o
                0x0000000008001fe8                tm_load
 .text.tm_unload
                0x000000000800207c       0x12 build/tm_model.o
                0x000000000800207c                tm_unload
 .text.tm_preprocess
                0x000000000800208e       0xc8 build/tm_model.o
                0x000000000800208e                tm_preprocess
 .text.tm_run   0x0000000008002156      0x278 build/tm_model.o
                0x0000000008002156                tm_run
 .text.tml_conv2d_dwconv2d
                0x00000000080023ce      0x8b8 build/tm_layers.o
                0x00000000080023ce                tml_conv2d_dwconv2d
 .text.tml_gap  0x0000000008002c86       0xd6 build/tm_layers.o
                0x0000000008002c86                tml_gap
 .text.tml_fc   0x0000000008002d5c      0x176 build/tm_layers.o
                0x0000000008002d5c                tml_fc
 .text.tml_softmax
                0x0000000008002ed2      0x172 build/tm_layers.o
                0x0000000008002ed2                tml_softmax
 .text.tml_reshape
                0x0000000008003044        0x4 build/tm_layers.o
                0x0000000008003044                tml_reshape
 .text.tml_add  0x0000000008003048      0x2e4 build/tm_layers.o
                0x0000000008003048                tml_add
 .text.tm_stat  0x000000000800332c      0x5a6 build/tm_stat.o
                0x000000000800332c                tm_stat
 .text._usb_std_reserved
                0x00000000080038d2        0x4 build/usbd_enum.o
 .text._usb_dev_desc_get
                0x00000000080038d6        0xe build/usbd_enum.o
 .text._usb_config_desc_get
                0x00000000080038e4        0xe build/usbd_enum.o
 .text._usb_str_desc_get
                0x00000000080038f2       0x14 build/usbd_enum.o
 .text._usb_std_getdescriptor
                0x0000000008003906       0xfa build/usbd_enum.o
 .text._usb_std_setconfiguration
                0x0000000008003a00       0xa8 build/usbd_enum.o
 .text._usb_std_getstatus
                0x0000000008003aa8       0xba build/usbd_enum.o
 .text._usb_std_getconfiguration
                0x0000000008003b62       0x3c build/usbd_enum.o
 .text._usb_std_getinterface
                0x0000000008003b9e       0x2c build/usbd_enum.o
 .text._usb_std_setinterface
                0x0000000008003bca       0x2a build/usbd_enum.o
 .text._usb_std_setaddress
                0x0000000008003bf4       0x64 build/usbd_enum.o
 .text._usb_std_setfeature
                0x0000000008003c58       0x80 build/usbd_enum.o
 .text._usb_std_clearfeature
                0x0000000008003cd8       0x98 build/usbd_enum.o
 .text._usb_std_setdescriptor
                0x0000000008003d70        0x4 build/usbd_enum.o
 .text._usb_std_synchframe
                0x0000000008003d74        0x4 build/usbd_enum.o
 .text.usbd_standard_request
                0x0000000008003d78       0x18 build/usbd_enum.o
                0x0000000008003d78                usbd_standard_request
 .text.usbd_class_request
                0x0000000008003d90       0x2c build/usbd_enum.o
                0x0000000008003d90                usbd_class_request
 .text.usbd_vendor_request
                0x0000000008003dbc        0x4 build/usbd_enum.o
                0x0000000008003dbc                usbd_vendor_request
 .text.usbd_enum_error
                0x0000000008003dc0       0x30 build/usbd_enum.o
                0x0000000008003dc0                usbd_enum_error
 .text.usb_delay_1ms
                0x0000000008003df0       0x72 build/usb_delay.o
                0x0000000008003df0                usb_delay_1ms
 .text.usb_delay_1us
                0x0000000008003e62       0x74 build/usb_delay.o
                0x0000000008003e62                usb_delay_1us
 .text.USBFS_IRQHandler
                0x0000000008003ed6       0x10 build/gd32vf103_usb_it.o
                0x0000000008003ed6                USBFS_IRQHandler
 .text.USBFS_WKUP_IRQHandler
                0x0000000008003ee6       0x56 build/gd32vf103_usb_it.o
                0x0000000008003ee6                USBFS_WKUP_IRQHandler
 .text.usbd_ctl_send
                0x0000000008003f3c       0x38 build/usbd_transc.o
                0x0000000008003f3c                usbd_ctl_send
 .text.usbd_ctl_recev
                0x0000000008003f74       0x38 build/usbd_transc.o
                0x0000000008003f74                usbd_ctl_recev
 .text.usbd_ctl_status_send
                0x0000000008003fac       0x30 build/usbd_transc.o
                0x0000000008003fac                usbd_ctl_status_send
 .text.usbd_ctl_status_recev
                0x0000000008003fdc       0x30 build/usbd_transc.o
                0x0000000008003fdc                usbd_ctl_status_recev
 .text.usbd_setup_transc
                0x000000000800400c       0x94 build/usbd_transc.o
                0x000000000800400c                usbd_setup_transc
 .text.usbd_out_transc
                0x00000000080040a0       0xe6 build/usbd_transc.o
                0x00000000080040a0                usbd_out_transc
 .text.usbd_in_transc
                0x0000000008004186      0x10c build/usbd_transc.o
                0x0000000008004186                usbd_in_transc
 .text.usb_basic_init
                0x0000000008004292       0xe8 build/drv_usb_core.o
                0x0000000008004292                usb_basic_init
 .text.usb_core_init
                0x000000000800437a       0xca build/drv_usb_core.o
                0x000000000800437a                usb_core_init
 .text.usb_txfifo_write
                0x0000000008004444       0x3a build/drv_usb_core.o
                0x0000000008004444                usb_txfifo_write
 .text.usb_rxfifo_read
                0x000000000800447e       0x32 build/drv_usb_core.o
                0x000000000800447e                usb_rxfifo_read
 .text.usb_txfifo_flush
                0x00000000080044b0       0x28 build/drv_usb_core.o
                0x00000000080044b0                usb_txfifo_flush
 .text.usb_rxfifo_flush
                0x00000000080044d8       0x22 build/drv_usb_core.o
                0x00000000080044d8                usb_rxfifo_flush
 .text.usb_rcu_config
                0x00000000080044fa       0x7e build/gd32vf103_hw.o
                0x00000000080044fa                usb_rcu_config
 .text.usb_intr_config
                0x0000000008004578       0x5c build/gd32vf103_hw.o
                0x0000000008004578                usb_intr_config
 .text.usb_timer_init
                0x00000000080045d4        0x2 build/gd32vf103_hw.o
                0x00000000080045d4                usb_timer_init
 .text.usb_udelay
                0x00000000080045d6        0x8 build/gd32vf103_hw.o
                0x00000000080045d6                usb_udelay
 .text.usb_mdelay
                0x00000000080045de        0x8 build/gd32vf103_hw.o
                0x00000000080045de                usb_mdelay
 .text.usbd_isr
                0x00000000080045e6      0x140 build/drv_usbd_int.o
                0x00000000080045e6                usbd_isr
 .text.usbd_int_epout
                0x0000000008004726       0xfe build/drv_usbd_int.o
 .text.usbd_int_epin
                0x0000000008004824       0xbc build/drv_usbd_int.o
 .text.usbd_int_rxfifo
                0x00000000080048e0       0xc6 build/drv_usbd_int.o
 .text.usbd_int_reset
                0x00000000080049a6       0xd2 build/drv_usbd_int.o
 .text.usbd_int_enumfinish
                0x0000000008004a78       0x68 build/drv_usbd_int.o
 .text.usbd_emptytxfifo_write
                0x0000000008004ae0       0xe6 build/drv_usbd_int.o
 .text.configure_usb_serial
                0x0000000008004bc6       0x58 build/usb_serial_if.o
                0x0000000008004bc6                configure_usb_serial
 .text.usb_serial_available
                0x0000000008004c1e       0x14 build/usb_serial_if.o
                0x0000000008004c1e                usb_serial_available
 .text._write   0x0000000008004c32       0xb0 build/usb_serial_if.o
                0x0000000008004c32                _write
 .text.set_usb_clock_96m_hxtal
                0x0000000008004ce2       0xee build/usb_serial_if.o
                0x0000000008004ce2                set_usb_clock_96m_hxtal
 .text.cdc_acm_init
                0x0000000008004dd0       0x46 build/cdc_acm_core.o
                0x0000000008004dd0                cdc_acm_init
 .text.cdc_acm_deinit
                0x0000000008004e16       0x38 build/cdc_acm_core.o
                0x0000000008004e16                cdc_acm_deinit
 .text.cdc_acm_data_out_handler
                0x0000000008004e4e       0x4c build/cdc_acm_core.o
                0x0000000008004e4e                cdc_acm_data_out_handler
 .text.cdc_acm_data_in_handler
                0x0000000008004e9a       0x40 build/cdc_acm_core.o
                0x0000000008004e9a                cdc_acm_data_in_handler
 .text.cdc_acm_req_handler
                0x0000000008004eda       0xa4 build/cdc_acm_core.o
                0x0000000008004eda                cdc_acm_req_handler
 .text.cdc_acm_EP0_RxReady
                0x0000000008004f7e       0x5e build/cdc_acm_core.o
                0x0000000008004f7e                cdc_acm_EP0_RxReady
 .text.usbd_ep_setup
                0x0000000008004fdc       0x9a build/usbd_core.o
                0x0000000008004fdc                usbd_ep_setup
 .text.usbd_ep_clear
                0x0000000008005076       0x3a build/usbd_core.o
                0x0000000008005076                usbd_ep_clear
 .text.usbd_ep_recev
                0x00000000080050b0       0x40 build/usbd_core.o
                0x00000000080050b0                usbd_ep_recev
 .text.usbd_ep_send
                0x00000000080050f0       0x40 build/usbd_core.o
                0x00000000080050f0                usbd_ep_send
 .text.usbd_ep_stall
                0x0000000008005130       0x40 build/usbd_core.o
                0x0000000008005130                usbd_ep_stall
 .text.usbd_ep_stall_clear
                0x0000000008005170       0x3e build/usbd_core.o
                0x0000000008005170                usbd_ep_stall_clear
 .text.usbd_addr_set
                0x00000000080051ae        0x8 build/usbd_core.o
                0x00000000080051ae                usbd_addr_set
 .text.usbd_rxcount_get
                0x00000000080051b6        0xe build/usbd_core.o
                0x00000000080051b6                usbd_rxcount_get
 .text.usbd_connect
                0x00000000080051c4       0x1a build/usbd_core.o
                0x00000000080051c4                usbd_connect
 .text.usbd_disconnect
                0x00000000080051de       0x1a build/usbd_core.o
                0x00000000080051de                usbd_disconnect
 .text.usbd_init
                0x00000000080051f8       0x5a build/usbd_core.o
                0x00000000080051f8                usbd_init
 .text.usb_devint_enable
                0x0000000008005252       0x3e build/drv_usb_dev.o
                0x0000000008005252                usb_devint_enable
 .text.usb_devcore_init
                0x0000000008005290      0x10e build/drv_usb_dev.o
                0x0000000008005290                usb_devcore_init
 .text.usb_dev_disconnect
                0x000000000800539e        0xc build/drv_usb_dev.o
                0x000000000800539e                usb_dev_disconnect
 .text.usb_dev_connect
                0x00000000080053aa        0xa build/drv_usb_dev.o
                0x00000000080053aa                usb_dev_connect
 .text.usb_devaddr_set
                0x00000000080053b4       0x14 build/drv_usb_dev.o
                0x00000000080053b4                usb_devaddr_set
 .text.usb_transc_active
                0x00000000080053c8       0x9e build/drv_usb_dev.o
                0x00000000080053c8                usb_transc_active
 .text.usb_transc_deactivate
                0x0000000008005466       0x46 build/drv_usb_dev.o
                0x0000000008005466                usb_transc_deactivate
 .text.usb_transc_inxfer
                0x00000000080054ac       0xea build/drv_usb_dev.o
                0x00000000080054ac                usb_transc_inxfer
 .text.usb_transc_outxfer
                0x0000000008005596       0x8c build/drv_usb_dev.o
                0x0000000008005596                usb_transc_outxfer
 .text.usb_transc_stall
                0x0000000008005622       0x3a build/drv_usb_dev.o
                0x0000000008005622                usb_transc_stall
 .text.usb_transc_clrstall
                0x000000000800565c       0x46 build/drv_usb_dev.o
                0x000000000800565c                usb_transc_clrstall
 .text.usb_oepintnum_read
                0x00000000080056a2       0x10 build/drv_usb_dev.o
                0x00000000080056a2                usb_oepintnum_read
 .text.usb_oepintr_read
                0x00000000080056b2       0x12 build/drv_usb_dev.o
                0x00000000080056b2                usb_oepintr_read
 .text.usb_iepintnum_read
                0x00000000080056c4        0xe build/drv_usb_dev.o
                0x00000000080056c4                usb_iepintnum_read
 .text.usb_iepintr_read
                0x00000000080056d2       0x20 build/drv_usb_dev.o
                0x00000000080056d2                usb_iepintr_read
 .text.usb_ctlep_startout
                0x00000000080056f2       0x26 build/drv_usb_dev.o
                0x00000000080056f2                usb_ctlep_startout
 .text.usb_clock_active
                0x0000000008005718       0x1a build/drv_usb_dev.o
                0x0000000008005718                usb_clock_active
 .text.layer_cb
                0x0000000008005732        0x4 build/main.o
 .text.parse_output
                0x0000000008005736       0xfe build/main.o
 *fill*         0x0000000008005834        0xc 
 .text.trap     0x0000000008005840       0x82 build/entry.o
                0x0000000008005840                trap_entry
 *fill*         0x00000000080058c2        0x2 
 .text.irq      0x00000000080058c4       0x72 build/entry.o
                0x00000000080058c4                irq_entry
 .text          0x0000000008005936       0xb8 c:/users/jesper/documents/ml_sommarjobb/toolchain-gd32v-v201-win/toolchain-gd32v-v201-win/compiler/bin/../lib/gcc/riscv64-unknown-elf/8.3.0/../../../../riscv64-unknown-elf/lib/rv32imac/ilp32\libm.a(lib_a-w_exp.o)
                0x0000000008005936                exp
 .text          0x00000000080059ee      0x4b0 c:/users/jesper/documents/ml_sommarjobb/toolchain-gd32v-v201-win/toolchain-gd32v-v201-win/compiler/bin/../lib/gcc/riscv64-unknown-elf/8.3.0/../../../../riscv64-unknown-elf/lib/rv32imac/ilp32\libm.a(lib_a-e_exp.o)
                0x00000000080059ee                __ieee754_exp
 .text          0x0000000008005e9e        0xe c:/users/jesper/documents/ml_sommarjobb/toolchain-gd32v-v201-win/toolchain-gd32v-v201-win/compiler/bin/../lib/gcc/riscv64-unknown-elf/8.3.0/../../../../riscv64-unknown-elf/lib/rv32imac/ilp32\libm.a(lib_a-s_finite.o)
                0x0000000008005e9e                finite
 .text          0x0000000008005eac      0x35e c:/users/jesper/documents/ml_sommarjobb/toolchain-gd32v-v201-win/toolchain-gd32v-v201-win/compiler/bin/../lib/gcc/riscv64-unknown-elf/8.3.0/rv32imac/ilp32\libgcc.a(_udivdi3.o)
                0x0000000008005eac                __udivdi3
 .text          0x000000000800620a      0x5fa c:/users/jesper/documents/ml_sommarjobb/toolchain-gd32v-v201-win/toolchain-gd32v-v201-win/compiler/bin/../lib/gcc/riscv64-unknown-elf/8.3.0/rv32imac/ilp32\libgcc.a(adddf3.o)
                0x000000000800620a                __adddf3
 .text          0x0000000008006804      0x546 c:/users/jesper/documents/ml_sommarjobb/toolchain-gd32v-v201-win/toolchain-gd32v-v201-win/compiler/bin/../lib/gcc/riscv64-unknown-elf/8.3.0/rv32imac/ilp32\libgcc.a(divdf3.o)
                0x0000000008006804                __divdf3
 .text          0x0000000008006d4a       0xa4 c:/users/jesper/documents/ml_sommarjobb/toolchain-gd32v-v201-win/toolchain-gd32v-v201-win/compiler/bin/../lib/gcc/riscv64-unknown-elf/8.3.0/rv32imac/ilp32\libgcc.a(gedf2.o)
                0x0000000008006d4a                __gedf2
                0x0000000008006d4a                __gtdf2
 .text          0x0000000008006dee       0xa4 c:/users/jesper/documents/ml_sommarjobb/toolchain-gd32v-v201-win/toolchain-gd32v-v201-win/compiler/bin/../lib/gcc/riscv64-unknown-elf/8.3.0/rv32imac/ilp32\libgcc.a(ledf2.o)
                0x0000000008006dee                __ledf2
                0x0000000008006dee                __ltdf2
 .text          0x0000000008006e92      0x44c c:/users/jesper/documents/ml_sommarjobb/toolchain-gd32v-v201-win/toolchain-gd32v-v201-win/compiler/bin/../lib/gcc/riscv64-unknown-elf/8.3.0/rv32imac/ilp32\libgcc.a(muldf3.o)
                0x0000000008006e92                __muldf3
 .text          0x00000000080072de      0x602 c:/users/jesper/documents/ml_sommarjobb/toolchain-gd32v-v201-win/toolchain-gd32v-v201-win/compiler/bin/../lib/gcc/riscv64-unknown-elf/8.3.0/rv32imac/ilp32\libgcc.a(subdf3.o)
                0x00000000080072de                __subdf3
 .text          0x00000000080078e0       0x64 c:/users/jesper/documents/ml_sommarjobb/toolchain-gd32v-v201-win/toolchain-gd32v-v201-win/compiler/bin/../lib/gcc/riscv64-unknown-elf/8.3.0/rv32imac/ilp32\libgcc.a(fixdfsi.o)
                0x00000000080078e0                __fixdfsi
 .text          0x0000000008007944       0x5c c:/users/jesper/documents/ml_sommarjobb/toolchain-gd32v-v201-win/toolchain-gd32v-v201-win/compiler/bin/../lib/gcc/riscv64-unknown-elf/8.3.0/rv32imac/ilp32\libgcc.a(fixunsdfsi.o)
                0x0000000008007944                __fixunsdfsi
 .text          0x00000000080079a0       0x70 c:/users/jesper/documents/ml_sommarjobb/toolchain-gd32v-v201-win/toolchain-gd32v-v201-win/compiler/bin/../lib/gcc/riscv64-unknown-elf/8.3.0/rv32imac/ilp32\libgcc.a(floatsidf.o)
                0x00000000080079a0                __floatsidf
 .text          0x0000000008007a10       0x56 c:/users/jesper/documents/ml_sommarjobb/toolchain-gd32v-v201-win/toolchain-gd32v-v201-win/compiler/bin/../lib/gcc/riscv64-unknown-elf/8.3.0/rv32imac/ilp32\libgcc.a(floatunsidf.o)
                0x0000000008007a10                __floatunsidf
 .text          0x0000000008007a66      0x312 c:/users/jesper/documents/ml_sommarjobb/toolchain-gd32v-v201-win/toolchain-gd32v-v201-win/compiler/bin/../lib/gcc/riscv64-unknown-elf/8.3.0/rv32imac/ilp32\libgcc.a(addsf3.o)
                0x0000000008007a66                __addsf3
 .text          0x0000000008007d78      0x256 c:/users/jesper/documents/ml_sommarjobb/toolchain-gd32v-v201-win/toolchain-gd32v-v201-win/compiler/bin/../lib/gcc/riscv64-unknown-elf/8.3.0/rv32imac/ilp32\libgcc.a(divsf3.o)
                0x0000000008007d78                __divsf3
 .text          0x0000000008007fce       0x78 c:/users/jesper/documents/ml_sommarjobb/toolchain-gd32v-v201-win/toolchain-gd32v-v201-win/compiler/bin/../lib/gcc/riscv64-unknown-elf/8.3.0/rv32imac/ilp32\libgcc.a(gesf2.o)
                0x0000000008007fce                __gesf2
                0x0000000008007fce                __gtsf2
 .text          0x0000000008008046      0x228 c:/users/jesper/documents/ml_sommarjobb/toolchain-gd32v-v201-win/toolchain-gd32v-v201-win/compiler/bin/../lib/gcc/riscv64-unknown-elf/8.3.0/rv32imac/ilp32\libgcc.a(mulsf3.o)
                0x0000000008008046                __mulsf3
 .text          0x000000000800826e      0x322 c:/users/jesper/documents/ml_sommarjobb/toolchain-gd32v-v201-win/toolchain-gd32v-v201-win/compiler/bin/../lib/gcc/riscv64-unknown-elf/8.3.0/rv32imac/ilp32\libgcc.a(subsf3.o)
                0x000000000800826e                __subsf3
 .text          0x0000000008008590       0x60 c:/users/jesper/documents/ml_sommarjobb/toolchain-gd32v-v201-win/toolchain-gd32v-v201-win/compiler/bin/../lib/gcc/riscv64-unknown-elf/8.3.0/rv32imac/ilp32\libgcc.a(fixsfsi.o)
                0x0000000008008590                __fixsfsi
 .text          0x00000000080085f0       0xc0 c:/users/jesper/documents/ml_sommarjobb/toolchain-gd32v-v201-win/toolchain-gd32v-v201-win/compiler/bin/../lib/gcc/riscv64-unknown-elf/8.3.0/rv32imac/ilp32\libgcc.a(floatsisf.o)
                0x00000000080085f0                __floatsisf
 .text          0x00000000080086b0       0xa2 c:/users/jesper/documents/ml_sommarjobb/toolchain-gd32v-v201-win/toolchain-gd32v-v201-win/compiler/bin/../lib/gcc/riscv64-unknown-elf/8.3.0/rv32imac/ilp32\libgcc.a(floatunsisf.o)
                0x00000000080086b0                __floatunsisf
 .text          0x0000000008008752       0x9e c:/users/jesper/documents/ml_sommarjobb/toolchain-gd32v-v201-win/toolchain-gd32v-v201-win/compiler/bin/../lib/gcc/riscv64-unknown-elf/8.3.0/rv32imac/ilp32\libgcc.a(extendsfdf2.o)
                0x0000000008008752                __extendsfdf2
 .text          0x00000000080087f0      0x122 c:/users/jesper/documents/ml_sommarjobb/toolchain-gd32v-v201-win/toolchain-gd32v-v201-win/compiler/bin/../lib/gcc/riscv64-unknown-elf/8.3.0/rv32imac/ilp32\libgcc.a(truncdfsf2.o)
                0x00000000080087f0                __truncdfsf2
 .text          0x0000000008008912       0x3c c:/users/jesper/documents/ml_sommarjobb/toolchain-gd32v-v201-win/toolchain-gd32v-v201-win/compiler/bin/../lib/gcc/riscv64-unknown-elf/8.3.0/rv32imac/ilp32\libgcc.a(_clzsi2.o)
                0x0000000008008912                __clzsi2
 .text.atexit   0x000000000800894e       0x10 c:/users/jesper/documents/ml_sommarjobb/toolchain-gd32v-v201-win/toolchain-gd32v-v201-win/compiler/bin/../lib/gcc/riscv64-unknown-elf/8.3.0/../../../../riscv64-unknown-elf/lib/rv32imac/ilp32\libc_nano.a(lib_a-atexit.o)
                0x000000000800894e                atexit
 .text.__errno  0x000000000800895e        0xc c:/users/jesper/documents/ml_sommarjobb/toolchain-gd32v-v201-win/toolchain-gd32v-v201-win/compiler/bin/../lib/gcc/riscv64-unknown-elf/8.3.0/../../../../riscv64-unknown-elf/lib/rv32imac/ilp32\libc_nano.a(lib_a-errno.o)
                0x000000000800895e                __errno
 .text.exit     0x000000000800896a       0x36 c:/users/jesper/documents/ml_sommarjobb/toolchain-gd32v-v201-win/toolchain-gd32v-v201-win/compiler/bin/../lib/gcc/riscv64-unknown-elf/8.3.0/../../../../riscv64-unknown-elf/lib/rv32imac/ilp32\libc_nano.a(lib_a-exit.o)
                0x000000000800896a                exit
 .text.__sflush_r
                0x00000000080089a0      0x150 c:/users/jesper/documents/ml_sommarjobb/toolchain-gd32v-v201-win/toolchain-gd32v-v201-win/compiler/bin/../lib/gcc/riscv64-unknown-elf/8.3.0/../../../../riscv64-unknown-elf/lib/rv32imac/ilp32\libc_nano.a(lib_a-fflush.o)
                0x00000000080089a0                __sflush_r
 .text._fflush_r
                0x0000000008008af0       0x70 c:/users/jesper/documents/ml_sommarjobb/toolchain-gd32v-v201-win/toolchain-gd32v-v201-win/compiler/bin/../lib/gcc/riscv64-unknown-elf/8.3.0/../../../../riscv64-unknown-elf/lib/rv32imac/ilp32\libc_nano.a(lib_a-fflush.o)
                0x0000000008008af0                _fflush_r
 .text.fflush   0x0000000008008b60       0x30 c:/users/jesper/documents/ml_sommarjobb/toolchain-gd32v-v201-win/toolchain-gd32v-v201-win/compiler/bin/../lib/gcc/riscv64-unknown-elf/8.3.0/../../../../riscv64-unknown-elf/lib/rv32imac/ilp32\libc_nano.a(lib_a-fflush.o)
                0x0000000008008b60                fflush
 .text.std      0x0000000008008b90       0x6e c:/users/jesper/documents/ml_sommarjobb/toolchain-gd32v-v201-win/toolchain-gd32v-v201-win/compiler/bin/../lib/gcc/riscv64-unknown-elf/8.3.0/../../../../riscv64-unknown-elf/lib/rv32imac/ilp32\libc_nano.a(lib_a-findfp.o)
 .text._cleanup_r
                0x0000000008008bfe       0x10 c:/users/jesper/documents/ml_sommarjobb/toolchain-gd32v-v201-win/toolchain-gd32v-v201-win/compiler/bin/../lib/gcc/riscv64-unknown-elf/8.3.0/../../../../riscv64-unknown-elf/lib/rv32imac/ilp32\libc_nano.a(lib_a-findfp.o)
                0x0000000008008bfe                _cleanup_r
 .text.__sfmoreglue
                0x0000000008008c0e       0x50 c:/users/jesper/documents/ml_sommarjobb/toolchain-gd32v-v201-win/toolchain-gd32v-v201-win/compiler/bin/../lib/gcc/riscv64-unknown-elf/8.3.0/../../../../riscv64-unknown-elf/lib/rv32imac/ilp32\libc_nano.a(lib_a-findfp.o)
                0x0000000008008c0e                __sfmoreglue
 .text.__sinit  0x0000000008008c5e       0x8e c:/users/jesper/documents/ml_sommarjobb/toolchain-gd32v-v201-win/toolchain-gd32v-v201-win/compiler/bin/../lib/gcc/riscv64-unknown-elf/8.3.0/../../../../riscv64-unknown-elf/lib/rv32imac/ilp32\libc_nano.a(lib_a-findfp.o)
                0x0000000008008c5e                __sinit
 .text.__sfp    0x0000000008008cec       0xb0 c:/users/jesper/documents/ml_sommarjobb/toolchain-gd32v-v201-win/toolchain-gd32v-v201-win/compiler/bin/../lib/gcc/riscv64-unknown-elf/8.3.0/../../../../riscv64-unknown-elf/lib/rv32imac/ilp32\libc_nano.a(lib_a-findfp.o)
                0x0000000008008cec                __sfp
 .text.__libc_fini_array
                0x0000000008008d9c       0x38 c:/users/jesper/documents/ml_sommarjobb/toolchain-gd32v-v201-win/toolchain-gd32v-v201-win/compiler/bin/../lib/gcc/riscv64-unknown-elf/8.3.0/../../../../riscv64-unknown-elf/lib/rv32imac/ilp32\libc_nano.a(lib_a-fini.o)
                0x0000000008008d9c                __libc_fini_array
 .text._fwalk_reent
                0x0000000008008dd4       0x6c c:/users/jesper/documents/ml_sommarjobb/toolchain-gd32v-v201-win/toolchain-gd32v-v201-win/compiler/bin/../lib/gcc/riscv64-unknown-elf/8.3.0/../../../../riscv64-unknown-elf/lib/rv32imac/ilp32\libc_nano.a(lib_a-fwalk.o)
                0x0000000008008dd4                _fwalk_reent
 .text.__libc_init_array
                0x0000000008008e40       0x6a c:/users/jesper/documents/ml_sommarjobb/toolchain-gd32v-v201-win/toolchain-gd32v-v201-win/compiler/bin/../lib/gcc/riscv64-unknown-elf/8.3.0/../../../../riscv64-unknown-elf/lib/rv32imac/ilp32\libc_nano.a(lib_a-init.o)
                0x0000000008008e40                __libc_init_array
 .text.malloc   0x0000000008008eaa       0x14 c:/users/jesper/documents/ml_sommarjobb/toolchain-gd32v-v201-win/toolchain-gd32v-v201-win/compiler/bin/../lib/gcc/riscv64-unknown-elf/8.3.0/../../../../riscv64-unknown-elf/lib/rv32imac/ilp32\libc_nano.a(lib_a-malloc.o)
                0x0000000008008eaa                malloc
 .text.free     0x0000000008008ebe       0x14 c:/users/jesper/documents/ml_sommarjobb/toolchain-gd32v-v201-win/toolchain-gd32v-v201-win/compiler/bin/../lib/gcc/riscv64-unknown-elf/8.3.0/../../../../riscv64-unknown-elf/lib/rv32imac/ilp32\libc_nano.a(lib_a-malloc.o)
                0x0000000008008ebe                free
 .text          0x0000000008008ed2       0x16 c:/users/jesper/documents/ml_sommarjobb/toolchain-gd32v-v201-win/toolchain-gd32v-v201-win/compiler/bin/../lib/gcc/riscv64-unknown-elf/8.3.0/../../../../riscv64-unknown-elf/lib/rv32imac/ilp32\libc_nano.a(lib_a-memcpy-asm.o)
                0x0000000008008ed2                memcpy
 .text          0x0000000008008ee8       0x10 c:/users/jesper/documents/ml_sommarjobb/toolchain-gd32v-v201-win/toolchain-gd32v-v201-win/compiler/bin/../lib/gcc/riscv64-unknown-elf/8.3.0/../../../../riscv64-unknown-elf/lib/rv32imac/ilp32\libc_nano.a(lib_a-memset.o)
                0x0000000008008ee8                memset
 .text._free_r  0x0000000008008ef8       0xb8 c:/users/jesper/documents/ml_sommarjobb/toolchain-gd32v-v201-win/toolchain-gd32v-v201-win/compiler/bin/../lib/gcc/riscv64-unknown-elf/8.3.0/../../../../riscv64-unknown-elf/lib/rv32imac/ilp32\libc_nano.a(lib_a-nano-freer.o)
                0x0000000008008ef8                _free_r
 .text._malloc_r
                0x0000000008008fb0      0x102 c:/users/jesper/documents/ml_sommarjobb/toolchain-gd32v-v201-win/toolchain-gd32v-v201-win/compiler/bin/../lib/gcc/riscv64-unknown-elf/8.3.0/../../../../riscv64-unknown-elf/lib/rv32imac/ilp32\libc_nano.a(lib_a-nano-mallocr.o)
                0x0000000008008fb0                _malloc_r
 .text.printf   0x00000000080090b2       0x4e c:/users/jesper/documents/ml_sommarjobb/toolchain-gd32v-v201-win/toolchain-gd32v-v201-win/compiler/bin/../lib/gcc/riscv64-unknown-elf/8.3.0/../../../../riscv64-unknown-elf/lib/rv32imac/ilp32\libc_nano.a(lib_a-printf.o)
                0x00000000080090b2                iprintf
                0x00000000080090b2                printf
 .text._puts_r  0x0000000008009100       0xf8 c:/users/jesper/documents/ml_sommarjobb/toolchain-gd32v-v201-win/toolchain-gd32v-v201-win/compiler/bin/../lib/gcc/riscv64-unknown-elf/8.3.0/../../../../riscv64-unknown-elf/lib/rv32imac/ilp32\libc_nano.a(lib_a-puts.o)
                0x0000000008009100                _puts_r
 .text.puts     0x00000000080091f8       0x14 c:/users/jesper/documents/ml_sommarjobb/toolchain-gd32v-v201-win/toolchain-gd32v-v201-win/compiler/bin/../lib/gcc/riscv64-unknown-elf/8.3.0/../../../../riscv64-unknown-elf/lib/rv32imac/ilp32\libc_nano.a(lib_a-puts.o)
                0x00000000080091f8                puts
 .text._sbrk_r  0x000000000800920c       0x36 c:/users/jesper/documents/ml_sommarjobb/toolchain-gd32v-v201-win/toolchain-gd32v-v201-win/compiler/bin/../lib/gcc/riscv64-unknown-elf/8.3.0/../../../../riscv64-unknown-elf/lib/rv32imac/ilp32\libc_nano.a(lib_a-sbrkr.o)
                0x000000000800920c                _sbrk_r
 .text.__sread  0x0000000008009242       0x36 c:/users/jesper/documents/ml_sommarjobb/toolchain-gd32v-v201-win/toolchain-gd32v-v201-win/compiler/bin/../lib/gcc/riscv64-unknown-elf/8.3.0/../../../../riscv64-unknown-elf/lib/rv32imac/ilp32\libc_nano.a(lib_a-stdio.o)
                0x0000000008009242                __sread
 .text.__swrite
                0x0000000008009278       0x5a c:/users/jesper/documents/ml_sommarjobb/toolchain-gd32v-v201-win/toolchain-gd32v-v201-win/compiler/bin/../lib/gcc/riscv64-unknown-elf/8.3.0/../../../../riscv64-unknown-elf/lib/rv32imac/ilp32\libc_nano.a(lib_a-stdio.o)
                0x0000000008009278                __swrite
 .text.__sseek  0x00000000080092d2       0x3c c:/users/jesper/documents/ml_sommarjobb/toolchain-gd32v-v201-win/toolchain-gd32v-v201-win/compiler/bin/../lib/gcc/riscv64-unknown-elf/8.3.0/../../../../riscv64-unknown-elf/lib/rv32imac/ilp32\libc_nano.a(lib_a-stdio.o)
                0x00000000080092d2                __sseek
 .text.__sclose
                0x000000000800930e        0xc c:/users/jesper/documents/ml_sommarjobb/toolchain-gd32v-v201-win/toolchain-gd32v-v201-win/compiler/bin/../lib/gcc/riscv64-unknown-elf/8.3.0/../../../../riscv64-unknown-elf/lib/rv32imac/ilp32\libc_nano.a(lib_a-stdio.o)
                0x000000000800930e                __sclose
 .text.isatty   0x000000000800931a        0x8 c:/users/jesper/documents/ml_sommarjobb/toolchain-gd32v-v201-win/toolchain-gd32v-v201-win/compiler/bin/../lib/gcc/riscv64-unknown-elf/8.3.0/../../../../riscv64-unknown-elf/lib/rv32imac/ilp32\libc_nano.a(lib_a-sysisatty.o)
                0x000000000800931a                isatty
 .text.write    0x0000000008009322       0x18 c:/users/jesper/documents/ml_sommarjobb/toolchain-gd32v-v201-win/toolchain-gd32v-v201-win/compiler/bin/../lib/gcc/riscv64-unknown-elf/8.3.0/../../../../riscv64-unknown-elf/lib/rv32imac/ilp32\libc_nano.a(lib_a-syswrite.o)
                0x0000000008009322                write
 .text.__swbuf_r
                0x000000000800933a       0xd8 c:/users/jesper/documents/ml_sommarjobb/toolchain-gd32v-v201-win/toolchain-gd32v-v201-win/compiler/bin/../lib/gcc/riscv64-unknown-elf/8.3.0/../../../../riscv64-unknown-elf/lib/rv32imac/ilp32\libc_nano.a(lib_a-wbuf.o)
                0x000000000800933a                __swbuf_r
 .text._write_r
                0x0000000008009412       0x3a c:/users/jesper/documents/ml_sommarjobb/toolchain-gd32v-v201-win/toolchain-gd32v-v201-win/compiler/bin/../lib/gcc/riscv64-unknown-elf/8.3.0/../../../../riscv64-unknown-elf/lib/rv32imac/ilp32\libc_nano.a(lib_a-writer.o)
                0x0000000008009412                _write_r
 .text.__swsetup_r
                0x000000000800944c      0x122 c:/users/jesper/documents/ml_sommarjobb/toolchain-gd32v-v201-win/toolchain-gd32v-v201-win/compiler/bin/../lib/gcc/riscv64-unknown-elf/8.3.0/../../../../riscv64-unknown-elf/lib/rv32imac/ilp32\libc_nano.a(lib_a-wsetup.o)
                0x000000000800944c                __swsetup_r
 .text.__register_exitproc
                0x000000000800956e       0x8c c:/users/jesper/documents/ml_sommarjobb/toolchain-gd32v-v201-win/toolchain-gd32v-v201-win/compiler/bin/../lib/gcc/riscv64-unknown-elf/8.3.0/../../../../riscv64-unknown-elf/lib/rv32imac/ilp32\libc_nano.a(lib_a-__atexit.o)
                0x000000000800956e                __register_exitproc
 .text.__call_exitprocs
                0x00000000080095fa       0xc8 c:/users/jesper/documents/ml_sommarjobb/toolchain-gd32v-v201-win/toolchain-gd32v-v201-win/compiler/bin/../lib/gcc/riscv64-unknown-elf/8.3.0/../../../../riscv64-unknown-elf/lib/rv32imac/ilp32\libc_nano.a(lib_a-__call_atexit.o)
                0x00000000080095fa                __call_exitprocs
 .text._close_r
                0x00000000080096c2       0x36 c:/users/jesper/documents/ml_sommarjobb/toolchain-gd32v-v201-win/toolchain-gd32v-v201-win/compiler/bin/../lib/gcc/riscv64-unknown-elf/8.3.0/../../../../riscv64-unknown-elf/lib/rv32imac/ilp32\libc_nano.a(lib_a-closer.o)
                0x00000000080096c2                _close_r
 .text._lseek_r
                0x00000000080096f8       0x3a c:/users/jesper/documents/ml_sommarjobb/toolchain-gd32v-v201-win/toolchain-gd32v-v201-win/compiler/bin/../lib/gcc/riscv64-unknown-elf/8.3.0/../../../../riscv64-unknown-elf/lib/rv32imac/ilp32\libc_nano.a(lib_a-lseekr.o)
                0x00000000080096f8                _lseek_r
 .text.__swhatbuf_r
                0x0000000008009732       0x5e c:/users/jesper/documents/ml_sommarjobb/toolchain-gd32v-v201-win/toolchain-gd32v-v201-win/compiler/bin/../lib/gcc/riscv64-unknown-elf/8.3.0/../../../../riscv64-unknown-elf/lib/rv32imac/ilp32\libc_nano.a(lib_a-makebuf.o)
                0x0000000008009732                __swhatbuf_r
 .text.__smakebuf_r
                0x0000000008009790       0xae c:/users/jesper/documents/ml_sommarjobb/toolchain-gd32v-v201-win/toolchain-gd32v-v201-win/compiler/bin/../lib/gcc/riscv64-unknown-elf/8.3.0/../../../../riscv64-unknown-elf/lib/rv32imac/ilp32\libc_nano.a(lib_a-makebuf.o)
                0x0000000008009790                __smakebuf_r
 .text.__malloc_lock
                0x000000000800983e        0x2 c:/users/jesper/documents/ml_sommarjobb/toolchain-gd32v-v201-win/toolchain-gd32v-v201-win/compiler/bin/../lib/gcc/riscv64-unknown-elf/8.3.0/../../../../riscv64-unknown-elf/lib/rv32imac/ilp32\libc_nano.a(lib_a-mlock.o)
                0x000000000800983e                __malloc_lock
 .text.__malloc_unlock
                0x0000000008009840        0x2 c:/users/jesper/documents/ml_sommarjobb/toolchain-gd32v-v201-win/toolchain-gd32v-v201-win/compiler/bin/../lib/gcc/riscv64-unknown-elf/8.3.0/../../../../riscv64-unknown-elf/lib/rv32imac/ilp32\libc_nano.a(lib_a-mlock.o)
                0x0000000008009840                __malloc_unlock
 .text.__sfputc_r
                0x0000000008009842       0x2e c:/users/jesper/documents/ml_sommarjobb/toolchain-gd32v-v201-win/toolchain-gd32v-v201-win/compiler/bin/../lib/gcc/riscv64-unknown-elf/8.3.0/../../../../riscv64-unknown-elf/lib/rv32imac/ilp32\libc_nano.a(lib_a-nano-vfprintf.o)
 .text.__sfputs_r
                0x0000000008009870       0x48 c:/users/jesper/documents/ml_sommarjobb/toolchain-gd32v-v201-win/toolchain-gd32v-v201-win/compiler/bin/../lib/gcc/riscv64-unknown-elf/8.3.0/../../../../riscv64-unknown-elf/lib/rv32imac/ilp32\libc_nano.a(lib_a-nano-vfprintf.o)
                0x0000000008009870                __sfputs_r
 .text._vfprintf_r
                0x00000000080098b8      0x2c0 c:/users/jesper/documents/ml_sommarjobb/toolchain-gd32v-v201-win/toolchain-gd32v-v201-win/compiler/bin/../lib/gcc/riscv64-unknown-elf/8.3.0/../../../../riscv64-unknown-elf/lib/rv32imac/ilp32\libc_nano.a(lib_a-nano-vfprintf.o)
                0x00000000080098b8                _vfprintf_r
                0x00000000080098b8                _vfiprintf_r
 .text._read_r  0x0000000008009b78       0x3a c:/users/jesper/documents/ml_sommarjobb/toolchain-gd32v-v201-win/toolchain-gd32v-v201-win/compiler/bin/../lib/gcc/riscv64-unknown-elf/8.3.0/../../../../riscv64-unknown-elf/lib/rv32imac/ilp32\libc_nano.a(lib_a-readr.o)
                0x0000000008009b78                _read_r
 .text._fstat_r
                0x0000000008009bb2       0x38 c:/users/jesper/documents/ml_sommarjobb/toolchain-gd32v-v201-win/toolchain-gd32v-v201-win/compiler/bin/../lib/gcc/riscv64-unknown-elf/8.3.0/../../../../riscv64-unknown-elf/lib/rv32imac/ilp32\libc_nano.a(lib_a-fstatr.o)
                0x0000000008009bb2                _fstat_r
 .text._isatty_r
                0x0000000008009bea       0x36 c:/users/jesper/documents/ml_sommarjobb/toolchain-gd32v-v201-win/toolchain-gd32v-v201-win/compiler/bin/../lib/gcc/riscv64-unknown-elf/8.3.0/../../../../riscv64-unknown-elf/lib/rv32imac/ilp32\libc_nano.a(lib_a-isattyr.o)
                0x0000000008009bea                _isatty_r
 .text.memchr   0x0000000008009c20       0x1a c:/users/jesper/documents/ml_sommarjobb/toolchain-gd32v-v201-win/toolchain-gd32v-v201-win/compiler/bin/../lib/gcc/riscv64-unknown-elf/8.3.0/../../../../riscv64-unknown-elf/lib/rv32imac/ilp32\libc_nano.a(lib_a-memchr.o)
                0x0000000008009c20                memchr
 .text._printf_common
                0x0000000008009c3a      0x10c c:/users/jesper/documents/ml_sommarjobb/toolchain-gd32v-v201-win/toolchain-gd32v-v201-win/compiler/bin/../lib/gcc/riscv64-unknown-elf/8.3.0/../../../../riscv64-unknown-elf/lib/rv32imac/ilp32\libc_nano.a(lib_a-nano-vfprintf_i.o)
                0x0000000008009c3a                _printf_common
 .text._printf_i
                0x0000000008009d46      0x2ae c:/users/jesper/documents/ml_sommarjobb/toolchain-gd32v-v201-win/toolchain-gd32v-v201-win/compiler/bin/../lib/gcc/riscv64-unknown-elf/8.3.0/../../../../riscv64-unknown-elf/lib/rv32imac/ilp32\libc_nano.a(lib_a-nano-vfprintf_i.o)
                0x0000000008009d46                _printf_i
 *(.gnu.linkonce.t.*)

.sdata2.USB_SPEED
                0x0000000008009ff4        0x4
 .sdata2.USB_SPEED
                0x0000000008009ff4        0x4 build/drv_usbd_int.o

.sdata2.usbd_language_id_desc
                0x0000000008009ff8        0x4
 .sdata2.usbd_language_id_desc
                0x0000000008009ff8        0x4 build/cdc_acm_core.o
                0x0000000008009ff8                usbd_language_id_desc

.sdata2.EP0_MAXLEN
                0x0000000008009ffc        0x4
 .sdata2.EP0_MAXLEN
                0x0000000008009ffc        0x4 build/drv_usb_dev.o

.sdata2._global_impure_ptr
                0x000000000800a000        0x4
 .sdata2._global_impure_ptr
                0x000000000800a000        0x4 c:/users/jesper/documents/ml_sommarjobb/toolchain-gd32v-v201-win/toolchain-gd32v-v201-win/compiler/bin/../lib/gcc/riscv64-unknown-elf/8.3.0/../../../../riscv64-unknown-elf/lib/rv32imac/ilp32\libc_nano.a(lib_a-impure.o)
                0x000000000800a000                _global_impure_ptr

.rela.dyn       0x000000000800a004        0x0
 .rela.text._sbrk
                0x000000000800a004        0x0 build/gd32vf103_exti.o
 .rela.sdata.curbrk.1524
                0x000000000800a004        0x0 build/gd32vf103_exti.o
 .rela.text.handle_trap
                0x000000000800a004        0x0 build/gd32vf103_exti.o
 .rela.text.tm_run
                0x000000000800a004        0x0 build/gd32vf103_exti.o
 .rela.text.usb_rcu_config
                0x000000000800a004        0x0 build/gd32vf103_exti.o
 .rela.text.cdc_acm_req_handler
                0x000000000800a004        0x0 build/gd32vf103_exti.o
 .rela.text.cdc_acm_EP0_RxReady
                0x000000000800a004        0x0 build/gd32vf103_exti.o
 .rela.text.startup.main
                0x000000000800a004        0x0 build/gd32vf103_exti.o
 .rela.init     0x000000000800a004        0x0 build/gd32vf103_exti.o
 .rela.text.trap
                0x000000000800a004        0x0 build/gd32vf103_exti.o
 .rela.text.__libc_fini_array
                0x000000000800a004        0x0 build/gd32vf103_exti.o
 .rela.text.__libc_init_array
                0x000000000800a004        0x0 build/gd32vf103_exti.o
 .rela.text._sbrk_r
                0x000000000800a004        0x0 build/gd32vf103_exti.o
 .rela.text._write_r
                0x000000000800a004        0x0 build/gd32vf103_exti.o
 .rela.text.__register_exitproc
                0x000000000800a004        0x0 build/gd32vf103_exti.o
 .rela.text._close_r
                0x000000000800a004        0x0 build/gd32vf103_exti.o
 .rela.text._lseek_r
                0x000000000800a004        0x0 build/gd32vf103_exti.o
 .rela.text._vfprintf_r
                0x000000000800a004        0x0 build/gd32vf103_exti.o
 .rela.text._read_r
                0x000000000800a004        0x0 build/gd32vf103_exti.o
 .rela.text._fstat_r
                0x000000000800a004        0x0 build/gd32vf103_exti.o
 .rela.text._isatty_r
                0x000000000800a004        0x0 build/gd32vf103_exti.o

.fini
 *(SORT_NONE(.fini))
                0x000000000800a004                . = ALIGN (0x4)
                [!provide]                        PROVIDE (__etext = .)
                [!provide]                        PROVIDE (_etext = .)
                [!provide]                        PROVIDE (etext = .)
                [!provide]                        PROVIDE (_eilm = .)

.preinit_array  0x000000000800a004        0x0
                0x000000000800a004                PROVIDE (__preinit_array_start = .)
 *(.preinit_array)
                0x000000000800a004                PROVIDE (__preinit_array_end = .)

.init_array     0x000000000800a004        0x0
                0x000000000800a004                PROVIDE (__init_array_start = .)
 *(SORT_BY_INIT_PRIORITY(.init_array.*) SORT_BY_INIT_PRIORITY(.ctors.*))
 *(.init_array EXCLUDE_FILE(*crtend?.o *crtend.o *crtbegin?.o *crtbegin.o) .ctors)
                0x000000000800a004                PROVIDE (__init_array_end = .)

.fini_array     0x000000000800a004        0x0
                0x000000000800a004                PROVIDE (__fini_array_start = .)
 *(SORT_BY_INIT_PRIORITY(.fini_array.*) SORT_BY_INIT_PRIORITY(.dtors.*))
 *(.fini_array EXCLUDE_FILE(*crtend?.o *crtend.o *crtbegin?.o *crtbegin.o) .dtors)
                0x000000000800a004                PROVIDE (__fini_array_end = .)

.ctors
 *crtbegin.o(.ctors)
 *crtbegin?.o(.ctors)
 *(EXCLUDE_FILE(*crtend?.o *crtend.o) .ctors)
 *(SORT_BY_NAME(.ctors.*))
 *(.ctors)

.dtors
 *crtbegin.o(.dtors)
 *crtbegin?.o(.dtors)
 *(EXCLUDE_FILE(*crtend?.o *crtend.o) .dtors)
 *(SORT_BY_NAME(.dtors.*))
 *(.dtors)
                0x000000000800a004                . = ALIGN (0x4)
                [!provide]                        PROVIDE (_eilm = .)

.lalign         0x000000000800a004        0x0
                0x000000000800a004                . = ALIGN (0x4)
                0x000000000800a004                PROVIDE (_data_lma = .)

.dalign         0x0000000020000000        0x0 load address 0x000000000800a004
                0x0000000020000000                . = ALIGN (0x4)
                0x0000000020000000                PROVIDE (_data = .)

.data           0x0000000020000000      0x8a8 load address 0x000000000800a004
 *(.rdata)
 *(.gnu.linkonce.r.*)
 *(.data .data.*)
 .data.USB_OTG_dev
                0x0000000020000000      0x434 build/usb_serial_if.o
                0x0000000020000000                USB_OTG_dev
 .data.configuration_descriptor
                0x0000000020000434       0x43 build/cdc_acm_core.o
                0x0000000020000434                configuration_descriptor
 *fill*         0x0000000020000477        0x1 
 .data.usbd_cdc_cb
                0x0000000020000478       0x24 build/cdc_acm_core.o
                0x0000000020000478                usbd_cdc_cb
 .data.mnist_pic
                0x000000002000049c      0x310 build/main.o
                0x000000002000049c                mnist_pic
 .data.impure_data
                0x00000000200007ac       0x60 c:/users/jesper/documents/ml_sommarjobb/toolchain-gd32v-v201-win/toolchain-gd32v-v201-win/compiler/bin/../lib/gcc/riscv64-unknown-elf/8.3.0/../../../../riscv64-unknown-elf/lib/rv32imac/ilp32\libc_nano.a(lib_a-impure.o)
 *(.gnu.linkonce.d.*)
                0x0000000020000810                . = ALIGN (0x8)
 *fill*         0x000000002000080c        0x4 
                0x0000000020001010                PROVIDE (__global_pointer$ = (. + 0x800))
 *(.sdata .sdata.*)
 .sdata.SystemCoreClock
                0x0000000020000810        0x4 build/system_gd32vf103.o
                0x0000000020000810                SystemCoreClock
 .sdata.curbrk.1524
                0x0000000020000814        0x4 build/sbrk.o
 .sdata.cdc_cmd
                0x0000000020000818        0x4 build/cdc_acm_core.o
 .sdata.linecoding
                0x000000002000081c        0x8 build/cdc_acm_core.o
                0x000000002000081c                linecoding
 .sdata.packet_receive
                0x0000000020000824        0x1 build/cdc_acm_core.o
                0x0000000020000824                packet_receive
 .sdata.packet_sent
                0x0000000020000825        0x1 build/cdc_acm_core.o
                0x0000000020000825                packet_sent
 *fill*         0x0000000020000826        0x2 
 .sdata._impure_ptr
                0x0000000020000828        0x4 c:/users/jesper/documents/ml_sommarjobb/toolchain-gd32v-v201-win/toolchain-gd32v-v201-win/compiler/bin/../lib/gcc/riscv64-unknown-elf/8.3.0/../../../../riscv64-unknown-elf/lib/rv32imac/ilp32\libc_nano.a(lib_a-impure.o)
                0x0000000020000828                _impure_ptr
 *(.gnu.linkonce.s.*)
                0x0000000020000830                . = ALIGN (0x8)
 *fill*         0x000000002000082c        0x4 
 *(.srodata.cst16)
 *(.srodata.cst8)
 .srodata.cst8  0x0000000020000830       0x18 c:/users/jesper/documents/ml_sommarjobb/toolchain-gd32v-v201-win/toolchain-gd32v-v201-win/compiler/bin/../lib/gcc/riscv64-unknown-elf/8.3.0/../../../../riscv64-unknown-elf/lib/rv32imac/ilp32\libm.a(lib_a-w_exp.o)
 .srodata.cst8  0x0000000020000848       0x60 c:/users/jesper/documents/ml_sommarjobb/toolchain-gd32v-v201-win/toolchain-gd32v-v201-win/compiler/bin/../lib/gcc/riscv64-unknown-elf/8.3.0/../../../../riscv64-unknown-elf/lib/rv32imac/ilp32\libm.a(lib_a-e_exp.o)
                                         0x70 (size before relaxing)
 *(.srodata.cst4)
 *(.srodata.cst2)
 *(.srodata .srodata.*)
                0x00000000200008a8                . = ALIGN (0x4)
                0x00000000200008a8                PROVIDE (_edata = .)
                [!provide]                        PROVIDE (edata = .)
                [!provide]                        PROVIDE (_fbss = .)
                0x00000000200008a8                PROVIDE (__bss_start = .)

.bss            0x00000000200008a8     0x1c14
 *(.sbss*)
 .sbss.pmtisr   0x00000000200008a8        0x4 build/eclicw.o
 .sbss.pu0tbeisr
                0x00000000200008ac        0x4 build/eclicw.o
 .sbss.config.4766
                0x00000000200008b0        0x1 build/usbd_enum.o
 *fill*         0x00000000200008b1        0x3 
 .sbss.status.4696
                0x00000000200008b4        0x2 build/usbd_enum.o
 *fill*         0x00000000200008b6        0x2 
 .sbss.usbfs_prescaler
                0x00000000200008b8        0x4 build/gd32vf103_hw.o
                0x00000000200008b8                usbfs_prescaler
 .sbss.setupc_flag
                0x00000000200008bc        0x1 build/drv_usbd_int.o
                0x00000000200008bc                setupc_flag
 *fill*         0x00000000200008bd        0x3 
 .sbss.receive_length
                0x00000000200008c0        0x4 build/cdc_acm_core.o
                0x00000000200008c0                receive_length
 .sbss.rx_custom_cb
                0x00000000200008c4        0x4 build/cdc_acm_core.o
                0x00000000200008c4                rx_custom_cb
 .sbss.usb_serial_connected
                0x00000000200008c8        0x4 build/cdc_acm_core.o
 .sbss          0x00000000200008cc        0x4 c:/users/jesper/documents/ml_sommarjobb/toolchain-gd32v-v201-win/toolchain-gd32v-v201-win/compiler/bin/../lib/gcc/riscv64-unknown-elf/8.3.0/../../../../riscv64-unknown-elf/lib/rv32imac/ilp32\libm.a(lib_a-s_lib_ver.o)
                0x00000000200008cc                __fdlib_version
 .sbss.__malloc_free_list
                0x00000000200008d0        0x4 c:/users/jesper/documents/ml_sommarjobb/toolchain-gd32v-v201-win/toolchain-gd32v-v201-win/compiler/bin/../lib/gcc/riscv64-unknown-elf/8.3.0/../../../../riscv64-unknown-elf/lib/rv32imac/ilp32\libc_nano.a(lib_a-nano-mallocr.o)
                0x00000000200008d0                __malloc_free_list
 .sbss.__malloc_sbrk_start
                0x00000000200008d4        0x4 c:/users/jesper/documents/ml_sommarjobb/toolchain-gd32v-v201-win/toolchain-gd32v-v201-win/compiler/bin/../lib/gcc/riscv64-unknown-elf/8.3.0/../../../../riscv64-unknown-elf/lib/rv32imac/ilp32\libc_nano.a(lib_a-nano-mallocr.o)
                0x00000000200008d4                __malloc_sbrk_start
 .sbss._global_atexit
                0x00000000200008d8        0x4 c:/users/jesper/documents/ml_sommarjobb/toolchain-gd32v-v201-win/toolchain-gd32v-v201-win/compiler/bin/../lib/gcc/riscv64-unknown-elf/8.3.0/../../../../riscv64-unknown-elf/lib/rv32imac/ilp32\libc_nano.a(lib_a-__call_atexit.o)
                0x00000000200008d8                _global_atexit
 *(.gnu.linkonce.sb.*)
 *(.bss .bss.*)
 .bss.k_oft     0x00000000200008dc       0x64 build/tm_layers.o
 .bss.sbuf      0x0000000020000940      0x900 build/tm_layers.o
 .bss.sumscale  0x0000000020001240      0xfa0 build/tm_layers.o
 .bss.tx_buffer
                0x00000000200021e0      0x200 build/usb_serial_if.o
                0x00000000200021e0                tx_buffer
 .bss._global_atexit0
                0x00000000200023e0       0x8c c:/users/jesper/documents/ml_sommarjobb/toolchain-gd32v-v201-win/toolchain-gd32v-v201-win/compiler/bin/../lib/gcc/riscv64-unknown-elf/8.3.0/../../../../riscv64-unknown-elf/lib/rv32imac/ilp32\libc_nano.a(lib_a-__atexit.o)
 *(.gnu.linkonce.b.*)
 *(COMMON)
 COMMON         0x000000002000246c        0x4 build/gd32vf103_hw.o
                0x000000002000246c                timer_prescaler
 COMMON         0x0000000020002470       0x48 build/cdc_acm_core.o
                0x0000000020002470                usb_data_buffer
                0x00000000200024b0                usb_cmd_buffer
 COMMON         0x00000000200024b8        0x4 c:/users/jesper/documents/ml_sommarjobb/toolchain-gd32v-v201-win/toolchain-gd32v-v201-win/compiler/bin/../lib/gcc/riscv64-unknown-elf/8.3.0/../../../../riscv64-unknown-elf/lib/rv32imac/ilp32\libc_nano.a(lib_a-reent.o)
                0x00000000200024b8                errno
                0x00000000200024bc                . = ALIGN (0x4)
                0x00000000200024c0                . = ALIGN (0x8)
                0x00000000200024c0                PROVIDE (_end = .)
                [!provide]                        PROVIDE (end = .)

.stack          0x0000000020007000     0x1000 load address 0x00000000200024bc
                0x0000000020007000                PROVIDE (_heap_end = .)
                0x0000000000001000                . = __stack_size
 *fill*         0x0000000020007000     0x1000 
                0x0000000020008000                PROVIDE (_sp = .)
                0x0000000000001000                . = (__dbg_stack_size + __stack_size)
                [!provide]                        PROVIDE (_dbg_sp = .)
OUTPUT(build/gd32vf103.elf elf32-littleriscv)

.debug_info     0x0000000000000000    0x2562c
 .debug_info    0x0000000000000000      0x3e9 build/gd32vf103_exti.o
 .debug_info    0x00000000000003e9      0xf51 build/gd32vf103_rcu.o
 .debug_info    0x000000000000133a      0x2ac build/gd32vf103_eclic.o
 .debug_info    0x00000000000015e6      0x203 build/system_gd32vf103.o
 .debug_info    0x00000000000017e9      0x1bb build/write_hex.o
 .debug_info    0x00000000000019a4       0xd0 build/sbrk.o
 .debug_info    0x0000000000001a74      0xacd build/close.o
 .debug_info    0x0000000000002541      0xb29 build/lseek.o
 .debug_info    0x000000000000306a      0x1d3 build/_exit.o
 .debug_info    0x000000000000323d      0x108 build/isatty.o
 .debug_info    0x0000000000003345      0xd59 build/fstat.o
 .debug_info    0x000000000000409e      0xb01 build/read.o
 .debug_info    0x0000000000004b9f     0x18a2 build/n200_func.o
 .debug_info    0x0000000000006441      0xb4f build/handlers.o
 .debug_info    0x0000000000006f90      0xcb0 build/init.o
 .debug_info    0x0000000000007c40      0x3da build/eclicw.o
 .debug_info    0x000000000000801a      0xac1 build/get_time.o
 .debug_info    0x0000000000008adb     0x165a build/tm_model.o
 .debug_info    0x000000000000a135     0x1cb9 build/tm_layers.o
 .debug_info    0x000000000000bdee     0x1389 build/tm_stat.o
 .debug_info    0x000000000000d177     0x2128 build/usbd_enum.o
 .debug_info    0x000000000000f29f      0x1a9 build/usb_delay.o
 .debug_info    0x000000000000f448     0x1cb4 build/gd32vf103_usb_it.o
 .debug_info    0x00000000000110fc     0x1a23 build/usbd_transc.o
 .debug_info    0x0000000000012b1f      0xb4e build/drv_usb_core.o
 .debug_info    0x000000000001366d     0x10bb build/gd32vf103_hw.o
 .debug_info    0x0000000000014728     0x12e8 build/drv_usbd_int.o
 .debug_info    0x0000000000015a10     0x1e9b build/usb_serial_if.o
 .debug_info    0x00000000000178ab     0x21a4 build/cdc_acm_core.o
 .debug_info    0x0000000000019a4f     0x1304 build/usbd_core.o
 .debug_info    0x000000000001ad53     0x13ce build/drv_usb_dev.o
 .debug_info    0x000000000001c121     0x2622 build/main.o
 .debug_info    0x000000000001e743       0x26 build/start.o
 .debug_info    0x000000000001e769       0x22 build/entry.o
 .debug_info    0x000000000001e78b     0x1245 c:/users/jesper/documents/ml_sommarjobb/toolchain-gd32v-v201-win/toolchain-gd32v-v201-win/compiler/bin/../lib/gcc/riscv64-unknown-elf/8.3.0/rv32imac/ilp32\libgcc.a(_udivdi3.o)
 .debug_info    0x000000000001f9d0      0x5a5 c:/users/jesper/documents/ml_sommarjobb/toolchain-gd32v-v201-win/toolchain-gd32v-v201-win/compiler/bin/../lib/gcc/riscv64-unknown-elf/8.3.0/rv32imac/ilp32\libgcc.a(adddf3.o)
 .debug_info    0x000000000001ff75      0x734 c:/users/jesper/documents/ml_sommarjobb/toolchain-gd32v-v201-win/toolchain-gd32v-v201-win/compiler/bin/../lib/gcc/riscv64-unknown-elf/8.3.0/rv32imac/ilp32\libgcc.a(divdf3.o)
 .debug_info    0x00000000000206a9      0x286 c:/users/jesper/documents/ml_sommarjobb/toolchain-gd32v-v201-win/toolchain-gd32v-v201-win/compiler/bin/../lib/gcc/riscv64-unknown-elf/8.3.0/rv32imac/ilp32\libgcc.a(gedf2.o)
 .debug_info    0x000000000002092f      0x286 c:/users/jesper/documents/ml_sommarjobb/toolchain-gd32v-v201-win/toolchain-gd32v-v201-win/compiler/bin/../lib/gcc/riscv64-unknown-elf/8.3.0/rv32imac/ilp32\libgcc.a(ledf2.o)
 .debug_info    0x0000000000020bb5      0x76c c:/users/jesper/documents/ml_sommarjobb/toolchain-gd32v-v201-win/toolchain-gd32v-v201-win/compiler/bin/../lib/gcc/riscv64-unknown-elf/8.3.0/rv32imac/ilp32\libgcc.a(muldf3.o)
 .debug_info    0x0000000000021321      0x5a5 c:/users/jesper/documents/ml_sommarjobb/toolchain-gd32v-v201-win/toolchain-gd32v-v201-win/compiler/bin/../lib/gcc/riscv64-unknown-elf/8.3.0/rv32imac/ilp32\libgcc.a(subdf3.o)
 .debug_info    0x00000000000218c6      0x217 c:/users/jesper/documents/ml_sommarjobb/toolchain-gd32v-v201-win/toolchain-gd32v-v201-win/compiler/bin/../lib/gcc/riscv64-unknown-elf/8.3.0/rv32imac/ilp32\libgcc.a(fixdfsi.o)
 .debug_info    0x0000000000021add      0x205 c:/users/jesper/documents/ml_sommarjobb/toolchain-gd32v-v201-win/toolchain-gd32v-v201-win/compiler/bin/../lib/gcc/riscv64-unknown-elf/8.3.0/rv32imac/ilp32\libgcc.a(fixunsdfsi.o)
 .debug_info    0x0000000000021ce2      0x2c0 c:/users/jesper/documents/ml_sommarjobb/toolchain-gd32v-v201-win/toolchain-gd32v-v201-win/compiler/bin/../lib/gcc/riscv64-unknown-elf/8.3.0/rv32imac/ilp32\libgcc.a(floatsidf.o)
 .debug_info    0x0000000000021fa2      0x2af c:/users/jesper/documents/ml_sommarjobb/toolchain-gd32v-v201-win/toolchain-gd32v-v201-win/compiler/bin/../lib/gcc/riscv64-unknown-elf/8.3.0/rv32imac/ilp32\libgcc.a(floatunsidf.o)
 .debug_info    0x0000000000022251      0x351 c:/users/jesper/documents/ml_sommarjobb/toolchain-gd32v-v201-win/toolchain-gd32v-v201-win/compiler/bin/../lib/gcc/riscv64-unknown-elf/8.3.0/rv32imac/ilp32\libgcc.a(addsf3.o)
 .debug_info    0x00000000000225a2      0x3bf c:/users/jesper/documents/ml_sommarjobb/toolchain-gd32v-v201-win/toolchain-gd32v-v201-win/compiler/bin/../lib/gcc/riscv64-unknown-elf/8.3.0/rv32imac/ilp32\libgcc.a(divsf3.o)
 .debug_info    0x0000000000022961      0x264 c:/users/jesper/documents/ml_sommarjobb/toolchain-gd32v-v201-win/toolchain-gd32v-v201-win/compiler/bin/../lib/gcc/riscv64-unknown-elf/8.3.0/rv32imac/ilp32\libgcc.a(gesf2.o)
 .debug_info    0x0000000000022bc5      0x3ac c:/users/jesper/documents/ml_sommarjobb/toolchain-gd32v-v201-win/toolchain-gd32v-v201-win/compiler/bin/../lib/gcc/riscv64-unknown-elf/8.3.0/rv32imac/ilp32\libgcc.a(mulsf3.o)
 .debug_info    0x0000000000022f71      0x351 c:/users/jesper/documents/ml_sommarjobb/toolchain-gd32v-v201-win/toolchain-gd32v-v201-win/compiler/bin/../lib/gcc/riscv64-unknown-elf/8.3.0/rv32imac/ilp32\libgcc.a(subsf3.o)
 .debug_info    0x00000000000232c2      0x1f7 c:/users/jesper/documents/ml_sommarjobb/toolchain-gd32v-v201-win/toolchain-gd32v-v201-win/compiler/bin/../lib/gcc/riscv64-unknown-elf/8.3.0/rv32imac/ilp32\libgcc.a(fixsfsi.o)
 .debug_info    0x00000000000234b9      0x25d c:/users/jesper/documents/ml_sommarjobb/toolchain-gd32v-v201-win/toolchain-gd32v-v201-win/compiler/bin/../lib/gcc/riscv64-unknown-elf/8.3.0/rv32imac/ilp32\libgcc.a(floatsisf.o)
 .debug_info    0x0000000000023716      0x24a c:/users/jesper/documents/ml_sommarjobb/toolchain-gd32v-v201-win/toolchain-gd32v-v201-win/compiler/bin/../lib/gcc/riscv64-unknown-elf/8.3.0/rv32imac/ilp32\libgcc.a(floatunsisf.o)
 .debug_info    0x0000000000023960      0x2a9 c:/users/jesper/documents/ml_sommarjobb/toolchain-gd32v-v201-win/toolchain-gd32v-v201-win/compiler/bin/../lib/gcc/riscv64-unknown-elf/8.3.0/rv32imac/ilp32\libgcc.a(extendsfdf2.o)
 .debug_info    0x0000000000023c09      0x2e2 c:/users/jesper/documents/ml_sommarjobb/toolchain-gd32v-v201-win/toolchain-gd32v-v201-win/compiler/bin/../lib/gcc/riscv64-unknown-elf/8.3.0/rv32imac/ilp32\libgcc.a(truncdfsf2.o)
 .debug_info    0x0000000000023eeb      0xb6a c:/users/jesper/documents/ml_sommarjobb/toolchain-gd32v-v201-win/toolchain-gd32v-v201-win/compiler/bin/../lib/gcc/riscv64-unknown-elf/8.3.0/rv32imac/ilp32\libgcc.a(_clz.o)
 .debug_info    0x0000000000024a55      0xbd7 c:/users/jesper/documents/ml_sommarjobb/toolchain-gd32v-v201-win/toolchain-gd32v-v201-win/compiler/bin/../lib/gcc/riscv64-unknown-elf/8.3.0/rv32imac/ilp32\libgcc.a(_clzsi2.o)

.debug_abbrev   0x0000000000000000     0x7255
 .debug_abbrev  0x0000000000000000      0x15c build/gd32vf103_exti.o
 .debug_abbrev  0x000000000000015c      0x259 build/gd32vf103_rcu.o
 .debug_abbrev  0x00000000000003b5      0x112 build/gd32vf103_eclic.o
 .debug_abbrev  0x00000000000004c7       0xe0 build/system_gd32vf103.o
 .debug_abbrev  0x00000000000005a7       0xfa build/write_hex.o
 .debug_abbrev  0x00000000000006a1       0xac build/sbrk.o
 .debug_abbrev  0x000000000000074d      0x1eb build/close.o
 .debug_abbrev  0x0000000000000938      0x218 build/lseek.o
 .debug_abbrev  0x0000000000000b50       0xec build/_exit.o
 .debug_abbrev  0x0000000000000c3c       0x75 build/isatty.o
 .debug_abbrev  0x0000000000000cb1      0x218 build/fstat.o
 .debug_abbrev  0x0000000000000ec9      0x1fc build/read.o
 .debug_abbrev  0x00000000000010c5      0x4db build/n200_func.o
 .debug_abbrev  0x00000000000015a0      0x234 build/handlers.o
 .debug_abbrev  0x00000000000017d4      0x22b build/init.o
 .debug_abbrev  0x00000000000019ff      0x117 build/eclicw.o
 .debug_abbrev  0x0000000000001b16      0x222 build/get_time.o
 .debug_abbrev  0x0000000000001d38      0x345 build/tm_model.o
 .debug_abbrev  0x000000000000207d      0x3f7 build/tm_layers.o
 .debug_abbrev  0x0000000000002474      0x283 build/tm_stat.o
 .debug_abbrev  0x00000000000026f7      0x511 build/usbd_enum.o
 .debug_abbrev  0x0000000000002c08       0xcb build/usb_delay.o
 .debug_abbrev  0x0000000000002cd3      0x2a8 build/gd32vf103_usb_it.o
 .debug_abbrev  0x0000000000002f7b      0x2ab build/usbd_transc.o
 .debug_abbrev  0x0000000000003226      0x2a9 build/drv_usb_core.o
 .debug_abbrev  0x00000000000034cf      0x318 build/gd32vf103_hw.o
 .debug_abbrev  0x00000000000037e7      0x305 build/drv_usbd_int.o
 .debug_abbrev  0x0000000000003aec      0x3b3 build/usb_serial_if.o
 .debug_abbrev  0x0000000000003e9f      0x3f7 build/cdc_acm_core.o
 .debug_abbrev  0x0000000000004296      0x2a8 build/usbd_core.o
 .debug_abbrev  0x000000000000453e      0x335 build/drv_usb_dev.o
 .debug_abbrev  0x0000000000004873      0x3e2 build/main.o
 .debug_abbrev  0x0000000000004c55       0x14 build/start.o
 .debug_abbrev  0x0000000000004c69       0x12 build/entry.o
 .debug_abbrev  0x0000000000004c7b      0x2cc c:/users/jesper/documents/ml_sommarjobb/toolchain-gd32v-v201-win/toolchain-gd32v-v201-win/compiler/bin/../lib/gcc/riscv64-unknown-elf/8.3.0/rv32imac/ilp32\libgcc.a(_udivdi3.o)
 .debug_abbrev  0x0000000000004f47      0x196 c:/users/jesper/documents/ml_sommarjobb/toolchain-gd32v-v201-win/toolchain-gd32v-v201-win/compiler/bin/../lib/gcc/riscv64-unknown-elf/8.3.0/rv32imac/ilp32\libgcc.a(adddf3.o)
 .debug_abbrev  0x00000000000050dd      0x187 c:/users/jesper/documents/ml_sommarjobb/toolchain-gd32v-v201-win/toolchain-gd32v-v201-win/compiler/bin/../lib/gcc/riscv64-unknown-elf/8.3.0/rv32imac/ilp32\libgcc.a(divdf3.o)
 .debug_abbrev  0x0000000000005264      0x199 c:/users/jesper/documents/ml_sommarjobb/toolchain-gd32v-v201-win/toolchain-gd32v-v201-win/compiler/bin/../lib/gcc/riscv64-unknown-elf/8.3.0/rv32imac/ilp32\libgcc.a(gedf2.o)
 .debug_abbrev  0x00000000000053fd      0x199 c:/users/jesper/documents/ml_sommarjobb/toolchain-gd32v-v201-win/toolchain-gd32v-v201-win/compiler/bin/../lib/gcc/riscv64-unknown-elf/8.3.0/rv32imac/ilp32\libgcc.a(ledf2.o)
 .debug_abbrev  0x0000000000005596      0x197 c:/users/jesper/documents/ml_sommarjobb/toolchain-gd32v-v201-win/toolchain-gd32v-v201-win/compiler/bin/../lib/gcc/riscv64-unknown-elf/8.3.0/rv32imac/ilp32\libgcc.a(muldf3.o)
 .debug_abbrev  0x000000000000572d      0x196 c:/users/jesper/documents/ml_sommarjobb/toolchain-gd32v-v201-win/toolchain-gd32v-v201-win/compiler/bin/../lib/gcc/riscv64-unknown-elf/8.3.0/rv32imac/ilp32\libgcc.a(subdf3.o)
 .debug_abbrev  0x00000000000058c3      0x18a c:/users/jesper/documents/ml_sommarjobb/toolchain-gd32v-v201-win/toolchain-gd32v-v201-win/compiler/bin/../lib/gcc/riscv64-unknown-elf/8.3.0/rv32imac/ilp32\libgcc.a(fixdfsi.o)
 .debug_abbrev  0x0000000000005a4d      0x18a c:/users/jesper/documents/ml_sommarjobb/toolchain-gd32v-v201-win/toolchain-gd32v-v201-win/compiler/bin/../lib/gcc/riscv64-unknown-elf/8.3.0/rv32imac/ilp32\libgcc.a(fixunsdfsi.o)
 .debug_abbrev  0x0000000000005bd7      0x181 c:/users/jesper/documents/ml_sommarjobb/toolchain-gd32v-v201-win/toolchain-gd32v-v201-win/compiler/bin/../lib/gcc/riscv64-unknown-elf/8.3.0/rv32imac/ilp32\libgcc.a(floatsidf.o)
 .debug_abbrev  0x0000000000005d58      0x178 c:/users/jesper/documents/ml_sommarjobb/toolchain-gd32v-v201-win/toolchain-gd32v-v201-win/compiler/bin/../lib/gcc/riscv64-unknown-elf/8.3.0/rv32imac/ilp32\libgcc.a(floatunsidf.o)
 .debug_abbrev  0x0000000000005ed0      0x191 c:/users/jesper/documents/ml_sommarjobb/toolchain-gd32v-v201-win/toolchain-gd32v-v201-win/compiler/bin/../lib/gcc/riscv64-unknown-elf/8.3.0/rv32imac/ilp32\libgcc.a(addsf3.o)
 .debug_abbrev  0x0000000000006061      0x17a c:/users/jesper/documents/ml_sommarjobb/toolchain-gd32v-v201-win/toolchain-gd32v-v201-win/compiler/bin/../lib/gcc/riscv64-unknown-elf/8.3.0/rv32imac/ilp32\libgcc.a(divsf3.o)
 .debug_abbrev  0x00000000000061db      0x188 c:/users/jesper/documents/ml_sommarjobb/toolchain-gd32v-v201-win/toolchain-gd32v-v201-win/compiler/bin/../lib/gcc/riscv64-unknown-elf/8.3.0/rv32imac/ilp32\libgcc.a(gesf2.o)
 .debug_abbrev  0x0000000000006363      0x17a c:/users/jesper/documents/ml_sommarjobb/toolchain-gd32v-v201-win/toolchain-gd32v-v201-win/compiler/bin/../lib/gcc/riscv64-unknown-elf/8.3.0/rv32imac/ilp32\libgcc.a(mulsf3.o)
 .debug_abbrev  0x00000000000064dd      0x191 c:/users/jesper/documents/ml_sommarjobb/toolchain-gd32v-v201-win/toolchain-gd32v-v201-win/compiler/bin/../lib/gcc/riscv64-unknown-elf/8.3.0/rv32imac/ilp32\libgcc.a(subsf3.o)
 .debug_abbrev  0x000000000000666e      0x18a c:/users/jesper/documents/ml_sommarjobb/toolchain-gd32v-v201-win/toolchain-gd32v-v201-win/compiler/bin/../lib/gcc/riscv64-unknown-elf/8.3.0/rv32imac/ilp32\libgcc.a(fixsfsi.o)
 .debug_abbrev  0x00000000000067f8      0x198 c:/users/jesper/documents/ml_sommarjobb/toolchain-gd32v-v201-win/toolchain-gd32v-v201-win/compiler/bin/../lib/gcc/riscv64-unknown-elf/8.3.0/rv32imac/ilp32\libgcc.a(floatsisf.o)
 .debug_abbrev  0x0000000000006990      0x1a9 c:/users/jesper/documents/ml_sommarjobb/toolchain-gd32v-v201-win/toolchain-gd32v-v201-win/compiler/bin/../lib/gcc/riscv64-unknown-elf/8.3.0/rv32imac/ilp32\libgcc.a(floatunsisf.o)
 .debug_abbrev  0x0000000000006b39      0x17b c:/users/jesper/documents/ml_sommarjobb/toolchain-gd32v-v201-win/toolchain-gd32v-v201-win/compiler/bin/../lib/gcc/riscv64-unknown-elf/8.3.0/rv32imac/ilp32\libgcc.a(extendsfdf2.o)
 .debug_abbrev  0x0000000000006cb4      0x177 c:/users/jesper/documents/ml_sommarjobb/toolchain-gd32v-v201-win/toolchain-gd32v-v201-win/compiler/bin/../lib/gcc/riscv64-unknown-elf/8.3.0/rv32imac/ilp32\libgcc.a(truncdfsf2.o)
 .debug_abbrev  0x0000000000006e2b      0x1e8 c:/users/jesper/documents/ml_sommarjobb/toolchain-gd32v-v201-win/toolchain-gd32v-v201-win/compiler/bin/../lib/gcc/riscv64-unknown-elf/8.3.0/rv32imac/ilp32\libgcc.a(_clz.o)
 .debug_abbrev  0x0000000000007013      0x242 c:/users/jesper/documents/ml_sommarjobb/toolchain-gd32v-v201-win/toolchain-gd32v-v201-win/compiler/bin/../lib/gcc/riscv64-unknown-elf/8.3.0/rv32imac/ilp32\libgcc.a(_clzsi2.o)

.debug_loc      0x0000000000000000    0x11c6e
 .debug_loc     0x0000000000000000      0x1c8 build/gd32vf103_exti.o
 .debug_loc     0x00000000000001c8      0xcf4 build/gd32vf103_rcu.o
 .debug_loc     0x0000000000000ebc       0xe7 build/gd32vf103_eclic.o
 .debug_loc     0x0000000000000fa3      0x173 build/system_gd32vf103.o
 .debug_loc     0x0000000000001116      0x101 build/write_hex.o
 .debug_loc     0x0000000000001217       0x21 build/sbrk.o
 .debug_loc     0x0000000000001238       0x21 build/close.o
 .debug_loc     0x0000000000001259       0x8f build/lseek.o
 .debug_loc     0x00000000000012e8       0x3e build/_exit.o
 .debug_loc     0x0000000000001326       0x2e build/isatty.o
 .debug_loc     0x0000000000001354       0x90 build/fstat.o
 .debug_loc     0x00000000000013e4       0x21 build/read.o
 .debug_loc     0x0000000000001405      0xa1d build/n200_func.o
 .debug_loc     0x0000000000001e22       0x7f build/handlers.o
 .debug_loc     0x0000000000001ea1       0x2c build/init.o
 .debug_loc     0x0000000000001ecd      0x16e build/eclicw.o
 .debug_loc     0x000000000000203b       0x44 build/get_time.o
 .debug_loc     0x000000000000207f      0x5bc build/tm_model.o
 .debug_loc     0x000000000000263b     0x389e build/tm_layers.o
 .debug_loc     0x0000000000005ed9      0x24a build/tm_stat.o
 .debug_loc     0x0000000000006123      0xb83 build/usbd_enum.o
 .debug_loc     0x0000000000006ca6      0x130 build/usb_delay.o
 .debug_loc     0x0000000000006dd6       0x2c build/gd32vf103_usb_it.o
 .debug_loc     0x0000000000006e02      0x4ec build/usbd_transc.o
 .debug_loc     0x00000000000072ee      0x53e build/drv_usb_core.o
 .debug_loc     0x000000000000782c      0x106 build/gd32vf103_hw.o
 .debug_loc     0x0000000000007932      0x69a build/drv_usbd_int.o
 .debug_loc     0x0000000000007fcc      0x2a3 build/usb_serial_if.o
 .debug_loc     0x000000000000826f      0x3df build/cdc_acm_core.o
 .debug_loc     0x000000000000864e      0x730 build/usbd_core.o
 .debug_loc     0x0000000000008d7e      0x83b build/drv_usb_dev.o
 .debug_loc     0x00000000000095b9      0x2c5 build/main.o
 .debug_loc     0x000000000000987e      0xbd0 c:/users/jesper/documents/ml_sommarjobb/toolchain-gd32v-v201-win/toolchain-gd32v-v201-win/compiler/bin/../lib/gcc/riscv64-unknown-elf/8.3.0/rv32imac/ilp32\libgcc.a(_udivdi3.o)
 .debug_loc     0x000000000000a44e     0x1207 c:/users/jesper/documents/ml_sommarjobb/toolchain-gd32v-v201-win/toolchain-gd32v-v201-win/compiler/bin/../lib/gcc/riscv64-unknown-elf/8.3.0/rv32imac/ilp32\libgcc.a(adddf3.o)
 .debug_loc     0x000000000000b655     0x129b c:/users/jesper/documents/ml_sommarjobb/toolchain-gd32v-v201-win/toolchain-gd32v-v201-win/compiler/bin/../lib/gcc/riscv64-unknown-elf/8.3.0/rv32imac/ilp32\libgcc.a(divdf3.o)
 .debug_loc     0x000000000000c8f0      0x156 c:/users/jesper/documents/ml_sommarjobb/toolchain-gd32v-v201-win/toolchain-gd32v-v201-win/compiler/bin/../lib/gcc/riscv64-unknown-elf/8.3.0/rv32imac/ilp32\libgcc.a(gedf2.o)
 .debug_loc     0x000000000000ca46      0x156 c:/users/jesper/documents/ml_sommarjobb/toolchain-gd32v-v201-win/toolchain-gd32v-v201-win/compiler/bin/../lib/gcc/riscv64-unknown-elf/8.3.0/rv32imac/ilp32\libgcc.a(ledf2.o)
 .debug_loc     0x000000000000cb9c      0xd6e c:/users/jesper/documents/ml_sommarjobb/toolchain-gd32v-v201-win/toolchain-gd32v-v201-win/compiler/bin/../lib/gcc/riscv64-unknown-elf/8.3.0/rv32imac/ilp32\libgcc.a(muldf3.o)
 .debug_loc     0x000000000000d90a     0x1221 c:/users/jesper/documents/ml_sommarjobb/toolchain-gd32v-v201-win/toolchain-gd32v-v201-win/compiler/bin/../lib/gcc/riscv64-unknown-elf/8.3.0/rv32imac/ilp32\libgcc.a(subdf3.o)
 .debug_loc     0x000000000000eb2b      0x16d c:/users/jesper/documents/ml_sommarjobb/toolchain-gd32v-v201-win/toolchain-gd32v-v201-win/compiler/bin/../lib/gcc/riscv64-unknown-elf/8.3.0/rv32imac/ilp32\libgcc.a(fixdfsi.o)
 .debug_loc     0x000000000000ec98       0xef c:/users/jesper/documents/ml_sommarjobb/toolchain-gd32v-v201-win/toolchain-gd32v-v201-win/compiler/bin/../lib/gcc/riscv64-unknown-elf/8.3.0/rv32imac/ilp32\libgcc.a(fixunsdfsi.o)
 .debug_loc     0x000000000000ed87      0x159 c:/users/jesper/documents/ml_sommarjobb/toolchain-gd32v-v201-win/toolchain-gd32v-v201-win/compiler/bin/../lib/gcc/riscv64-unknown-elf/8.3.0/rv32imac/ilp32\libgcc.a(floatsidf.o)
 .debug_loc     0x000000000000eee0      0x15c c:/users/jesper/documents/ml_sommarjobb/toolchain-gd32v-v201-win/toolchain-gd32v-v201-win/compiler/bin/../lib/gcc/riscv64-unknown-elf/8.3.0/rv32imac/ilp32\libgcc.a(floatunsidf.o)
 .debug_loc     0x000000000000f03c      0x83c c:/users/jesper/documents/ml_sommarjobb/toolchain-gd32v-v201-win/toolchain-gd32v-v201-win/compiler/bin/../lib/gcc/riscv64-unknown-elf/8.3.0/rv32imac/ilp32\libgcc.a(addsf3.o)
 .debug_loc     0x000000000000f878      0x758 c:/users/jesper/documents/ml_sommarjobb/toolchain-gd32v-v201-win/toolchain-gd32v-v201-win/compiler/bin/../lib/gcc/riscv64-unknown-elf/8.3.0/rv32imac/ilp32\libgcc.a(divsf3.o)
 .debug_loc     0x000000000000ffd0      0x125 c:/users/jesper/documents/ml_sommarjobb/toolchain-gd32v-v201-win/toolchain-gd32v-v201-win/compiler/bin/../lib/gcc/riscv64-unknown-elf/8.3.0/rv32imac/ilp32\libgcc.a(gesf2.o)
 .debug_loc     0x00000000000100f5      0x5e4 c:/users/jesper/documents/ml_sommarjobb/toolchain-gd32v-v201-win/toolchain-gd32v-v201-win/compiler/bin/../lib/gcc/riscv64-unknown-elf/8.3.0/rv32imac/ilp32\libgcc.a(mulsf3.o)
 .debug_loc     0x00000000000106d9      0xbdf c:/users/jesper/documents/ml_sommarjobb/toolchain-gd32v-v201-win/toolchain-gd32v-v201-win/compiler/bin/../lib/gcc/riscv64-unknown-elf/8.3.0/rv32imac/ilp32\libgcc.a(subsf3.o)
 .debug_loc     0x00000000000112b8      0x12d c:/users/jesper/documents/ml_sommarjobb/toolchain-gd32v-v201-win/toolchain-gd32v-v201-win/compiler/bin/../lib/gcc/riscv64-unknown-elf/8.3.0/rv32imac/ilp32\libgcc.a(fixsfsi.o)
 .debug_loc     0x00000000000113e5      0x1ac c:/users/jesper/documents/ml_sommarjobb/toolchain-gd32v-v201-win/toolchain-gd32v-v201-win/compiler/bin/../lib/gcc/riscv64-unknown-elf/8.3.0/rv32imac/ilp32\libgcc.a(floatsisf.o)
 .debug_loc     0x0000000000011591      0x165 c:/users/jesper/documents/ml_sommarjobb/toolchain-gd32v-v201-win/toolchain-gd32v-v201-win/compiler/bin/../lib/gcc/riscv64-unknown-elf/8.3.0/rv32imac/ilp32\libgcc.a(floatunsisf.o)
 .debug_loc     0x00000000000116f6      0x1a4 c:/users/jesper/documents/ml_sommarjobb/toolchain-gd32v-v201-win/toolchain-gd32v-v201-win/compiler/bin/../lib/gcc/riscv64-unknown-elf/8.3.0/rv32imac/ilp32\libgcc.a(extendsfdf2.o)
 .debug_loc     0x000000000001189a      0x369 c:/users/jesper/documents/ml_sommarjobb/toolchain-gd32v-v201-win/toolchain-gd32v-v201-win/compiler/bin/../lib/gcc/riscv64-unknown-elf/8.3.0/rv32imac/ilp32\libgcc.a(truncdfsf2.o)
 .debug_loc     0x0000000000011c03       0x6b c:/users/jesper/documents/ml_sommarjobb/toolchain-gd32v-v201-win/toolchain-gd32v-v201-win/compiler/bin/../lib/gcc/riscv64-unknown-elf/8.3.0/rv32imac/ilp32\libgcc.a(_clzsi2.o)

.debug_aranges  0x0000000000000000      0xd48
 .debug_aranges
                0x0000000000000000       0x70 build/gd32vf103_exti.o
 .debug_aranges
                0x0000000000000070      0x160 build/gd32vf103_rcu.o
 .debug_aranges
                0x00000000000001d0       0x50 build/gd32vf103_eclic.o
 .debug_aranges
                0x0000000000000220       0x28 build/system_gd32vf103.o
 .debug_aranges
                0x0000000000000248       0x20 build/write_hex.o
 .debug_aranges
                0x0000000000000268       0x20 build/sbrk.o
 .debug_aranges
                0x0000000000000288       0x20 build/close.o
 .debug_aranges
                0x00000000000002a8       0x20 build/lseek.o
 .debug_aranges
                0x00000000000002c8       0x20 build/_exit.o
 .debug_aranges
                0x00000000000002e8       0x20 build/isatty.o
 .debug_aranges
                0x0000000000000308       0x20 build/fstat.o
 .debug_aranges
                0x0000000000000328       0x20 build/read.o
 .debug_aranges
                0x0000000000000348      0x140 build/n200_func.o
 .debug_aranges
                0x0000000000000488       0x28 build/handlers.o
 .debug_aranges
                0x00000000000004b0       0x28 build/init.o
 .debug_aranges
                0x00000000000004d8       0x30 build/eclicw.o
 .debug_aranges
                0x0000000000000508       0x28 build/get_time.o
 .debug_aranges
                0x0000000000000530       0x38 build/tm_model.o
 .debug_aranges
                0x0000000000000568       0x48 build/tm_layers.o
 .debug_aranges
                0x00000000000005b0       0x20 build/tm_stat.o
 .debug_aranges
                0x00000000000005d0       0xa8 build/usbd_enum.o
 .debug_aranges
                0x0000000000000678       0x28 build/usb_delay.o
 .debug_aranges
                0x00000000000006a0       0x28 build/gd32vf103_usb_it.o
 .debug_aranges
                0x00000000000006c8       0x50 build/usbd_transc.o
 .debug_aranges
                0x0000000000000718       0x48 build/drv_usb_core.o
 .debug_aranges
                0x0000000000000760       0x40 build/gd32vf103_hw.o
 .debug_aranges
                0x00000000000007a0       0x58 build/drv_usbd_int.o
 .debug_aranges
                0x00000000000007f8       0x48 build/usb_serial_if.o
 .debug_aranges
                0x0000000000000840       0x68 build/cdc_acm_core.o
 .debug_aranges
                0x00000000000008a8       0x78 build/usbd_core.o
 .debug_aranges
                0x0000000000000920       0xc8 build/drv_usb_dev.o
 .debug_aranges
                0x00000000000009e8       0x40 build/main.o
 .debug_aranges
                0x0000000000000a28       0x20 build/start.o
 .debug_aranges
                0x0000000000000a48       0x28 build/entry.o
 .debug_aranges
                0x0000000000000a70       0x20 c:/users/jesper/documents/ml_sommarjobb/toolchain-gd32v-v201-win/toolchain-gd32v-v201-win/compiler/bin/../lib/gcc/riscv64-unknown-elf/8.3.0/rv32imac/ilp32\libgcc.a(_udivdi3.o)
 .debug_aranges
                0x0000000000000a90       0x20 c:/users/jesper/documents/ml_sommarjobb/toolchain-gd32v-v201-win/toolchain-gd32v-v201-win/compiler/bin/../lib/gcc/riscv64-unknown-elf/8.3.0/rv32imac/ilp32\libgcc.a(adddf3.o)
 .debug_aranges
                0x0000000000000ab0       0x20 c:/users/jesper/documents/ml_sommarjobb/toolchain-gd32v-v201-win/toolchain-gd32v-v201-win/compiler/bin/../lib/gcc/riscv64-unknown-elf/8.3.0/rv32imac/ilp32\libgcc.a(divdf3.o)
 .debug_aranges
                0x0000000000000ad0       0x20 c:/users/jesper/documents/ml_sommarjobb/toolchain-gd32v-v201-win/toolchain-gd32v-v201-win/compiler/bin/../lib/gcc/riscv64-unknown-elf/8.3.0/rv32imac/ilp32\libgcc.a(gedf2.o)
 .debug_aranges
                0x0000000000000af0       0x20 c:/users/jesper/documents/ml_sommarjobb/toolchain-gd32v-v201-win/toolchain-gd32v-v201-win/compiler/bin/../lib/gcc/riscv64-unknown-elf/8.3.0/rv32imac/ilp32\libgcc.a(ledf2.o)
 .debug_aranges
                0x0000000000000b10       0x20 c:/users/jesper/documents/ml_sommarjobb/toolchain-gd32v-v201-win/toolchain-gd32v-v201-win/compiler/bin/../lib/gcc/riscv64-unknown-elf/8.3.0/rv32imac/ilp32\libgcc.a(muldf3.o)
 .debug_aranges
                0x0000000000000b30       0x20 c:/users/jesper/documents/ml_sommarjobb/toolchain-gd32v-v201-win/toolchain-gd32v-v201-win/compiler/bin/../lib/gcc/riscv64-unknown-elf/8.3.0/rv32imac/ilp32\libgcc.a(subdf3.o)
 .debug_aranges
                0x0000000000000b50       0x20 c:/users/jesper/documents/ml_sommarjobb/toolchain-gd32v-v201-win/toolchain-gd32v-v201-win/compiler/bin/../lib/gcc/riscv64-unknown-elf/8.3.0/rv32imac/ilp32\libgcc.a(fixdfsi.o)
 .debug_aranges
                0x0000000000000b70       0x20 c:/users/jesper/documents/ml_sommarjobb/toolchain-gd32v-v201-win/toolchain-gd32v-v201-win/compiler/bin/../lib/gcc/riscv64-unknown-elf/8.3.0/rv32imac/ilp32\libgcc.a(fixunsdfsi.o)
 .debug_aranges
                0x0000000000000b90       0x20 c:/users/jesper/documents/ml_sommarjobb/toolchain-gd32v-v201-win/toolchain-gd32v-v201-win/compiler/bin/../lib/gcc/riscv64-unknown-elf/8.3.0/rv32imac/ilp32\libgcc.a(floatsidf.o)
 .debug_aranges
                0x0000000000000bb0       0x20 c:/users/jesper/documents/ml_sommarjobb/toolchain-gd32v-v201-win/toolchain-gd32v-v201-win/compiler/bin/../lib/gcc/riscv64-unknown-elf/8.3.0/rv32imac/ilp32\libgcc.a(floatunsidf.o)
 .debug_aranges
                0x0000000000000bd0       0x20 c:/users/jesper/documents/ml_sommarjobb/toolchain-gd32v-v201-win/toolchain-gd32v-v201-win/compiler/bin/../lib/gcc/riscv64-unknown-elf/8.3.0/rv32imac/ilp32\libgcc.a(addsf3.o)
 .debug_aranges
                0x0000000000000bf0       0x20 c:/users/jesper/documents/ml_sommarjobb/toolchain-gd32v-v201-win/toolchain-gd32v-v201-win/compiler/bin/../lib/gcc/riscv64-unknown-elf/8.3.0/rv32imac/ilp32\libgcc.a(divsf3.o)
 .debug_aranges